BL51 BANKED LINKER/LOCATER V6.22                                                        11/08/2018  16:59:53  PAGE 1


BL51 BANKED LINKER/LOCATER V6.22, INVOKED BY:
D:\KEIL_V511\C51\BIN\BL51.EXE .\obj\main.obj, .\obj\uart2usb.obj, .\obj\usb_app.obj, .\obj\rf.obj, .\obj\interrupt.obj, 
>> .\obj\ascii2hid.obj, .\code\XN297L.LIB, .\obj\STARTUP.obj, .\code\USB.LIB, .\obj\usb_descript.obj, .\obj\drv_clock.ob
>> j, .\obj\drv_gpio.obj, .\obj\drv_timer.obj, .\obj\drv_uart.obj, .\obj\drv_serial.obj, .\obj\drv_flash.obj, .\obj\drv_
>> watchdog.obj, .\obj\drv_spi_simulate.obj, .\obj\delay.obj, .\obj\initial.obj, .\obj\checkout.obj, .\obj\it_config.obj
>>  TO .\obj\CV8F5025_XN297L PRINT (.\obj\CV8F5025_XN297L.m51) RAMSIZE (256) DISABLEWARNING (15, 16) CODE (0X1800-0X7FFF
>> ) XDATA (0X8000-0X8FFF)


MEMORY MODEL: LARGE


INPUT MODULES INCLUDED:
  .\obj\main.obj (MAIN)
  .\obj\uart2usb.obj (UART2USB)
  .\obj\usb_app.obj (USB_APP)
  .\obj\rf.obj (RF)
  .\obj\interrupt.obj (INTERRUPT)
  .\obj\ascii2hid.obj (ASCII2HID)
  .\code\XN297L.LIB (XN297L)
  .\obj\STARTUP.obj (?C_STARTUP)
  .\code\USB.LIB (USB)
  .\obj\usb_descript.obj (USB_DESCRIPT)
  .\obj\drv_clock.obj (DRV_CLOCK)
  .\obj\drv_gpio.obj (DRV_GPIO)
  .\obj\drv_timer.obj (DRV_TIMER)
  .\obj\drv_uart.obj (DRV_UART)
  .\obj\drv_serial.obj (DRV_SERIAL)
  .\obj\drv_flash.obj (DRV_FLASH)
  .\obj\drv_watchdog.obj (DRV_WATCHDOG)
  .\obj\drv_spi_simulate.obj (DRV_SPI_SIMULATE)
  .\obj\delay.obj (DELAY)
  .\obj\initial.obj (INITIAL)
  .\obj\checkout.obj (CHECKOUT)
  .\obj\it_config.obj (IT_CONFIG)
  D:\KEIL_V511\C51\LIB\C51L.LIB (?C_INIT)
  D:\KEIL_V511\C51\LIB\C51L.LIB (?C?COPY)
  D:\KEIL_V511\C51\LIB\C51L.LIB (?C?CLDPTR)
  D:\KEIL_V511\C51\LIB\C51L.LIB (?C?CLDOPTR)
  D:\KEIL_V511\C51\LIB\C51L.LIB (?C?CSTPTR)
  D:\KEIL_V511\C51\LIB\C51L.LIB (?C?CSTOPTR)
  D:\KEIL_V511\C51\LIB\C51L.LIB (?C?UIDIV)
  D:\KEIL_V511\C51\LIB\C51L.LIB (?C?IILDX)
  D:\KEIL_V511\C51\LIB\C51L.LIB (?C?ILDIX)
  D:\KEIL_V511\C51\LIB\C51L.LIB (?C?CCASE)
  D:\KEIL_V511\C51\LIB\C51L.LIB (?C?LIMUL)
  D:\KEIL_V511\C51\LIB\C51L.LIB (?C?MEMSET)


LINK MAP OF MODULE:  .\obj\CV8F5025_XN297L (MAIN)


            TYPE    BASE      LENGTH    RELOCATION   SEGMENT NAME
            -----------------------------------------------------

            * * * * * * *   D A T A   M E M O R Y   * * * * * * *
            REG     0000H     0008H     ABSOLUTE     "REG BANK 0"
            IDATA   0008H     0007H     UNIT         ?ID?XN297L
BL51 BANKED LINKER/LOCATER V6.22                                                      11/08/2018  16:59:53  PAGE 2


            IDATA   000FH     0001H     UNIT         ?ID?INTERRUPT
                    0010H     0010H                  *** GAP ***
            BIT     0020H.0   0001H.0   UNIT         _BIT_GROUP_
            BIT     0021H.0   0000H.1   UNIT         ?BI?DRV_GPIO
            BIT     0021H.1   0000H.1   UNIT         ?BI?_UART0_SEND_BYTE?DRV_UART
                    0021H.2   00F0H.6                *** GAP ***
            IDATA   0060H     0040H     ABSOLUTE     
            IDATA   00A0H     0008H     ABSOLUTE     
            IDATA   00A8H     0001H     UNIT         ?STACK

            * * * * * * *  X D A T A   M E M O R Y  * * * * * * *
                    0000H     8000H                  *** GAP ***
            XDATA   8000H     0040H     ABSOLUTE     
            XDATA   8040H     0040H     ABSOLUTE     
            XDATA   8080H     0040H     ABSOLUTE     
            XDATA   80C0H     0040H     ABSOLUTE     
            XDATA   8100H     0040H     ABSOLUTE     
            XDATA   8140H     0040H     ABSOLUTE     
            XDATA   8180H     004BH     UNIT         _XDATA_GROUP_
            XDATA   81CBH     000FH     UNIT         ?XD?_USB_DATA_PROC?UART2USB
            XDATA   81DAH     000CH     UNIT         ?XD?USB
            XDATA   81E6H     0009H     UNIT         ?XD?_FLASH_READ?DRV_FLASH
            XDATA   81EFH     0007H     UNIT         ?XD?_FLASH_PAGEWRITE?DRV_FLASH
            XDATA   81F6H     0007H     UNIT         ?XD?_CALC_CRC16_CCITT?CHECKOUT
            XDATA   81FDH     0003H     UNIT         ?XD?_EP2_SEND?USB
            XDATA   8200H     0105H     ABSOLUTE     
            XDATA   8305H     065EH     UNIT         ?XD?UART2USB
            XDATA   8963H     0046H     UNIT         ?XD?USB_APP
            XDATA   89A9H     0040H     UNIT         ?XD?MAIN
            XDATA   89E9H     0005H     UNIT         ?XD?_UART0_TX_DATAS?DRV_UART
            XDATA   89EEH     0005H     UNIT         ?XD?_DATA_XOR_CHECK?CHECKOUT
            XDATA   89F3H     0004H     UNIT         ?XD?_CALC_XOR_VALUE?CHECKOUT
            XDATA   89F7H     0003H     UNIT         ?XD?_DATA_ZERO_CHECK?CHECKOUT
            XDATA   89FAH     0003H     UNIT         ?XD?_CALC_SUM_VALUE?CHECKOUT
            XDATA   89FDH     0002H     UNIT         ?XD?DRV_GPIO
            XDATA   89FFH     0001H     UNIT         ?XD?_RF_CARRIER?XN297L

            * * * * * * *   C O D E   M E M O R Y   * * * * * * *
                    0000H     1800H                  *** GAP ***
            CODE    1800H     0003H     ABSOLUTE     
            CODE    1803H     0003H     ABSOLUTE     
            CODE    1806H     0005H     UNIT         ?PR?_RF_SET_PIPE?RF
            CODE    180BH     0003H     ABSOLUTE     
            CODE    180EH     0003H     UNIT         ?PR?_RF_SET_MAC?RF
            CODE    1811H     0001H     UNIT         ?PR?PORT0_HANDLER?INTERRUPT
            CODE    1812H     0001H     UNIT         ?PR?PORT1_HANDLER?INTERRUPT
            CODE    1813H     0003H     ABSOLUTE     
            CODE    1816H     0003H     UNIT         ?PR?EP3_OUT_DATA?USB
            CODE    1819H     0001H     UNIT         ?PR?PORT2_HANDLER?INTERRUPT
            CODE    181AH     0001H     UNIT         ?PR?PORT3_HANDLER?INTERRUPT
            CODE    181BH     0003H     ABSOLUTE     
            CODE    181EH     0003H     UNIT         ?PR?SETDESCRIPTOR?USB
            CODE    1821H     0001H     UNIT         ?PR?ADC_HANDLER?INTERRUPT
                    1822H     0001H                  *** GAP ***
            CODE    1823H     0003H     ABSOLUTE     
            CODE    1826H     0003H     UNIT         ?PR?CLASSGETREPORT?USB
                    1829H     0002H                  *** GAP ***
BL51 BANKED LINKER/LOCATER V6.22                                                      11/08/2018  16:59:53  PAGE 3


            CODE    182BH     0003H     ABSOLUTE     
            CODE    182EH     001DH     UNIT         ?PR?BEEP_TASK?DRV_GPIO
            CODE    184BH     0003H     ABSOLUTE     
                    184EH     0005H                  *** GAP ***
            CODE    1853H     0003H     ABSOLUTE     
                    1856H     0005H                  *** GAP ***
            CODE    185BH     0003H     ABSOLUTE     
            CODE    185EH     002DH     UNIT         ?PR?IO_INIT?DRV_GPIO
            CODE    188BH     0003H     ABSOLUTE     
            CODE    188EH     0922H     UNIT         ?CO?ASCII2HID
            CODE    21B0H     0723H     UNIT         ?C_INITSEG
            CODE    28D3H     027CH     UNIT         ?PR?_RF_TO_USB?UART2USB
            CODE    2B4FH     0270H     UNIT         ?C?LIB_CODE
            CODE    2DBFH     0250H     UNIT         ?CO?USB_DESCRIPT
            CODE    300FH     024CH     UNIT         ?PR?_USB_KEY_SEND?USB_APP
            CODE    325BH     0225H     UNIT         ?PR?_USB_DATA_PROC?UART2USB
            CODE    3480H     019BH     UNIT         ?PR?USBINTERRUPT?USB
            CODE    361BH     0147H     UNIT         ?PR?GETDEVSTRDESCRIPTOR?USB
            CODE    3762H     0103H     UNIT         ?PR?_USB_GBK_INPUT?USB_APP
            CODE    3865H     00FCH     UNIT         ?PR?XN297L_INIT?XN297L
            CODE    3961H     00F2H     UNIT         ?PR?_XN297L_TRANSCEIVE?XN297L
            CODE    3A53H     00A3H     UNIT         ?PR?_EP0_SEND_TABLE?USB
            CODE    3AF6H     009CH     UNIT         ?PR?GETSTATUS?USB
            CODE    3B92H     009AH     UNIT         ?C_C51STARTUP
            CODE    3C2CH     0091H     UNIT         ?PR?GETDEVICECONFIG?USB
            CODE    3CBDH     008EH     UNIT         ?PR?_FLASH_WRITE?DRV_FLASH
            CODE    3D4BH     008DH     UNIT         ?PR?_DATACHECK?USB_APP
            CODE    3DD8H     008CH     UNIT         ?PR?_RF_TRANSCEIVER?RF
            CODE    3E64H     008CH     UNIT         ?PR?_CALC_CRC16_CCITT?CHECKOUT
            CODE    3EF0H     0087H     UNIT         ?PR?_RF_CARRIER?XN297L
            CODE    3F77H     0084H     UNIT         ?PR?_USB_DATA_PROC1?UART2USB
            CODE    3FFBH     007EH     UNIT         ?PR?_FLASH_PAGEWRITE?DRV_FLASH
            CODE    4079H     0079H     UNIT         ?PR?CLEARFEATURE?USB
            CODE    40F2H     0071H     UNIT         ?PR?TIMER0_HANDLER?INTERRUPT
            CODE    4163H     0070H     UNIT         ?PR?GETDEVICEDESCRIPTOR?USB
            CODE    41D3H     0070H     UNIT         ?PR?CLASSGETHIDDES?USB
            CODE    4243H     006FH     UNIT         ?PR?_USB_REPORT_OUT?USB_APP
            CODE    42B2H     0067H     UNIT         ?PR?SETFEATURE?USB
            CODE    4319H     0064H     UNIT         ?PR?CLASSSETREPORT?USB
            CODE    437DH     0062H     UNIT         ?PR?MAIN?MAIN
            CODE    43DFH     0062H     UNIT         ?CO?RF
            CODE    4441H     0062H     UNIT         ?CO?XN297L
            CODE    44A3H     0061H     UNIT         ?PR?_ISCMDPKT?UART2USB
            CODE    4504H     0059H     UNIT         ?PR?_XN297L_FIFO_READ?XN297L
            CODE    455DH     0054H     UNIT         ?PR?RF_SLAVE_CONFIG?UART2USB
            CODE    45B1H     004CH     UNIT         ?PR?_CRC_HIGH_FIRST?UART2USB
            CODE    45FDH     0048H     UNIT         ?PR?_XN297L_READ_BYTES?XN297L
            CODE    4645H     0046H     UNIT         ?PR?RF_INIT?RF
            CODE    468BH     0046H     UNIT         ?PR?_XN297L_WRITE_BYTES?XN297L
            CODE    46D1H     0046H     UNIT         ?PR?GETCONFIG?USB
            CODE    4717H     0045H     UNIT         ?PR?_BEEP_CTRL?DRV_GPIO
            CODE    475CH     0045H     UNIT         ?PR?_FLASH_READ?DRV_FLASH
            CODE    47A1H     0044H     UNIT         ?PR?_EP1_SEND?USB
            CODE    47E5H     0044H     UNIT         ?PR?_EP2_SEND?USB
            CODE    4829H     003FH     UNIT         ?PR?_UART0_TX_DATAS?DRV_UART
            CODE    4868H     003EH     UNIT         ?PR?RF_SLAVE_UPDATE?UART2USB
            CODE    48A6H     003DH     UNIT         ?PR?_RDSERIALNUM?INITIAL
BL51 BANKED LINKER/LOCATER V6.22                                                      11/08/2018  16:59:53  PAGE 4


            CODE    48E3H     003CH     UNIT         ?PR?_CHECKDATA?UART2USB
            CODE    491FH     003BH     UNIT         ?PR?_RECEIVECOMPLETEACK?UART2USB
            CODE    495AH     003AH     UNIT         ?PR?_USB_KEY_REPORT?USB
            CODE    4994H     0038H     UNIT         ?PR?_USB_REPORT_INIT?USB_APP
            CODE    49CCH     0038H     UNIT         ?PR?_SPI_SEND_1BYTE?DRV_SPI_SIMULATE
            CODE    4A04H     0036H     UNIT         ?PR?_CALC_XOR_VALUE?CHECKOUT
            CODE    4A3AH     0035H     UNIT         ?PR?COUNTBUFHANDLE?USB_APP
            CODE    4A6FH     0034H     UNIT         ?PR?SETCONFIG?USB
            CODE    4AA3H     0033H     UNIT         ?PR?SETADDRESS?USB
            CODE    4AD6H     0030H     UNIT         ?PR?_USB_RET_STATUS?USB_APP
            CODE    4B06H     0030H     UNIT         ?PR?_RF_GET_MAC?RF
            CODE    4B36H     002EH     UNIT         ?PR?_XN297L_WRITE_ACK_FIFO?XN297L
            CODE    4B64H     002EH     UNIT         ?PR?MCU_INIT?INITIAL
            CODE    4B92H     002EH     UNIT         ?PR?_DATA_ZERO_CHECK?CHECKOUT
            CODE    4BC0H     002CH     UNIT         ?PR?_XN297L_SET_MAC?XN297L
            CODE    4BECH     002CH     UNIT         ?PR?_CALC_SUM_VALUE?CHECKOUT
            CODE    4C18H     002BH     UNIT         ?PR?_XN297L_READ_1BYTE?XN297L
            CODE    4C43H     002BH     UNIT         ?PR?GETINTERFACE?USB
            CODE    4C6EH     002AH     UNIT         ?PR?_SERIAL_TRANSCEIVE?DRV_SERIAL
            CODE    4C98H     0028H     UNIT         ?PR?_USB_SPEED_SET?USB_APP
            CODE    4CC0H     0028H     UNIT         ?PR?UART_HANDLER?INTERRUPT
            CODE    4CE8H     0028H     UNIT         ?PR?SETINTERFACE?USB
            CODE    4D10H     0028H     UNIT         ?PR?GETDESCRIPTOR?USB
            CODE    4D38H     0024H     UNIT         ?PR?CLASSGETHIDREPORT?USB
            CODE    4D5CH     0023H     UNIT         ?PR?RF_GET_CH_NO?RF
            CODE    4D7FH     0023H     UNIT         ?PR?WDT_HANDLER?INTERRUPT
            CODE    4DA2H     0021H     UNIT         ?PR?CLASSSETLINECODING?USB
            CODE    4DC3H     0020H     UNIT         ?PR?CLASSGETPROTOCOL?USB
            CODE    4DE3H     001EH     UNIT         ?PR?RF_SET_CH?RF
            CODE    4E01H     001DH     UNIT         ?PR?_TIMER0_INIT?DRV_TIMER
            CODE    4E1EH     001DH     UNIT         ?PR?_TIMER1_INIT?DRV_TIMER
            CODE    4E3BH     001CH     UNIT         ?PR?USB_REPORT_IN?USB_APP
            CODE    4E57H     001CH     UNIT         ?PR?RESUMEUSB?USB
            CODE    4E73H     001BH     UNIT         ?PR?XN297L_CHIP_RESET?XN297L
            CODE    4E8EH     001BH     UNIT         ?PR?_UART0_INIT?DRV_UART
            CODE    4EA9H     001AH     UNIT         ?PR?_WATCHDOG_INIT?DRV_WATCHDOG
            CODE    4EC3H     0019H     UNIT         ?PR?_XN297L_WRITE_1BYTE?XN297L
            CODE    4EDCH     0019H     UNIT         ?PR?_FLASH_PAGEERASE?DRV_FLASH
            CODE    4EF5H     0019H     UNIT         ?PR?_DELAY_1MS?DELAY
            CODE    4F0EH     0018H     UNIT         ?PR?_PRTTAB?USB
            CODE    4F26H     0018H     UNIT         ?PR?CLASSGETLINECODING?USB
            CODE    4F3EH     0017H     UNIT         ?PR?XN297L_GOTO_TX?XN297L
            CODE    4F55H     0017H     UNIT         ?PR?_DELAY_1US?DELAY
            CODE    4F6CH     0015H     UNIT         ?PR?USB_RET_DATAS?USB_APP
            CODE    4F81H     0015H     UNIT         ?PR?SPI_INIT?DRV_SPI_SIMULATE
            CODE    4F96H     0014H     UNIT         ?PR?TIMER1_HANDLER?INTERRUPT
            CODE    4FAAH     0014H     UNIT         ?PR?_UART0_SEND_BYTE?DRV_UART
            CODE    4FBEH     0013H     UNIT         ?PR?RF_RX_TOUT?UART2USB
            CODE    4FD1H     0013H     UNIT         ?PR?XN297L_GET_IRQ_FLAG?XN297L
            CODE    4FE4H     0013H     UNIT         ?PR?CLASSSETPROTOCOL?USB
            CODE    4FF7H     0012H     UNIT         ?PR?_XN297L_WRITE_PLD_FIFO?XN297L
            CODE    5009H     0012H     UNIT         ?PR?XN297L_GOTO_RX?XN297L
            CODE    501BH     0011H     UNIT         ?PR?_SERIAL_MODE?DRV_SERIAL
            CODE    502CH     0011H     UNIT         ?PR?WATCHDOG_FEED?DRV_WATCHDOG
            CODE    503DH     0010H     UNIT         ?PR?_USBINIT?USB
            CODE    504DH     000EH     UNIT         ?PR?_EP0_SEND?USB
            CODE    505BH     000EH     UNIT         ?PR?GETHID0DES?USB_DESCRIPT
BL51 BANKED LINKER/LOCATER V6.22                                                      11/08/2018  16:59:53  PAGE 5


            CODE    5069H     000EH     UNIT         ?PR?GETHID1DES?USB_DESCRIPT
            CODE    5077H     000EH     UNIT         ?PR?_DATA_XOR_CHECK?CHECKOUT
            CODE    5085H     000EH     UNIT         ?PR?IT_CONFIG?IT_CONFIG
            CODE    5093H     000DH     UNIT         ?PR?_SERIAL_BAUD?DRV_SERIAL
            CODE    50A0H     000CH     UNIT         ?PR?CLASSGETIDLE?USB
            CODE    50ACH     000CH     UNIT         ?PR?BEEP_WAIT_OVER?DRV_GPIO
            CODE    50B8H     000CH     UNIT         ?PR?_BEEP_ENABLE?DRV_GPIO
            CODE    50C4H     000CH     UNIT         ?PR?_SERIAL_RESET?DRV_SERIAL
            CODE    50D0H     000BH     UNIT         ?PR?EP1_IN_STALL?USB
            CODE    50DBH     000BH     UNIT         ?PR?EP1_OUT_STALL?USB
            CODE    50E6H     000BH     UNIT         ?PR?EP2_IN_STALL?USB
            CODE    50F1H     000BH     UNIT         ?PR?EP2_OUT_STALL?USB
            CODE    50FCH     000BH     UNIT         ?PR?EP0_STALL?USB
            CODE    5107H     000BH     UNIT         ?PR?USBDEINIT?USB
            CODE    5112H     000BH     UNIT         ?PR?COLCK_CONFIG?DRV_CLOCK
            CODE    511DH     000AH     UNIT         ?PR?RF_GOTO_NEXT_CH?RF
            CODE    5127H     000AH     UNIT         ?PR?XN297L_GOTO_STB1?XN297L
            CODE    5131H     000AH     UNIT         ?PR?XN297L_GOTO_STB3?XN297L
            CODE    513BH     000AH     UNIT         ?PR?XN297L_GOTO_SLEEP?XN297L
            CODE    5145H     000AH     UNIT         ?PR?CLASSSETIDLE?USB
            CODE    514FH     000AH     UNIT         ?PR?CLASSSETCONTROLLINESTATE?USB
            CODE    5159H     0009H     UNIT         ?PR?_XN297L_SET_CHANNEL?XN297L
            CODE    5162H     0009H     UNIT         ?PR?_XN297L_CLEAR_IRQ_FLAG?XN297L
            CODE    516BH     0009H     UNIT         ?PR?EP0_OUT_DATA?USB
            CODE    5174H     0008H     UNIT         ?CO?UART2USB
            CODE    517CH     0008H     UNIT         ?CO?USB_APP
            CODE    5184H     0008H     UNIT         ?PR?XN297L_GOTO_WAKEUP?XN297L
            CODE    518CH     0008H     UNIT         ?PR?XN297L_TX_START?XN297L
            CODE    5194H     0008H     UNIT         ?PR?XN297L_RX_START?XN297L
            CODE    519CH     0008H     UNIT         ?PR?EP0_RECV?USB
            CODE    51A4H     0007H     UNIT         ?PR?XN297L_CLEAR_TX_FIFO?XN297L
            CODE    51ABH     0007H     UNIT         ?PR?XN297L_CLEAR_RX_FIFO?XN297L
            CODE    51B2H     0007H     UNIT         ?PR?XN297L_SET_CE_1?XN297L
            CODE    51B9H     0007H     UNIT         ?PR?XN297L_SET_CE_0?XN297L
            CODE    51C0H     0007H     UNIT         ?PR?EP0_STATUS_IN?USB
            CODE    51C7H     0006H     UNIT         ?PR?USB_INT_DISABLE?USB_APP
            CODE    51CDH     0006H     UNIT         ?PR?USB_INT_ENABLE?USB_APP



OVERLAY MAP OF MODULE:   .\obj\CV8F5025_XN297L (MAIN)


SEGMENT                                         BIT_GROUP          XDATA_GROUP
  +--> CALLED SEGMENT                        START    LENGTH     START    LENGTH
--------------------------------------------------------------------------------
?PR?TIMER0_HANDLER?INTERRUPT                 0020H.0  0000H.1    -----    -----
  +--> ?PR?BEEP_TASK?DRV_GPIO

*** NEW ROOT ***************************************************

?PR?TIMER1_HANDLER?INTERRUPT                 0020H.1  0000H.1    -----    -----

*** NEW ROOT ***************************************************

?PR?WDT_HANDLER?INTERRUPT                    0020H.2  0000H.1    -----    -----

BL51 BANKED LINKER/LOCATER V6.22                                                      11/08/2018  16:59:53  PAGE 6


*** NEW ROOT ***************************************************

?PR?UART_HANDLER?INTERRUPT                   0020H.3  0000H.1    8180H    0001H

*** NEW ROOT ***************************************************

?C_C51STARTUP                                -----    -----      -----    -----
  +--> ?PR?MAIN?MAIN
  +--> ?C_INITSEG

?PR?MAIN?MAIN                                -----    -----      -----    -----
  +--> ?PR?MCU_INIT?INITIAL
  +--> ?PR?_USBINIT?USB
  +--> ?PR?RF_INIT?RF
  +--> ?PR?_BEEP_CTRL?DRV_GPIO
  +--> ?PR?WATCHDOG_FEED?DRV_WATCHDOG
  +--> ?PR?_RF_TO_USB?UART2USB
  +--> ?PR?RF_SLAVE_CONFIG?UART2USB
  +--> ?PR?RF_SLAVE_UPDATE?UART2USB

?PR?MCU_INIT?INITIAL                         -----    -----      -----    -----
  +--> ?PR?COLCK_CONFIG?DRV_CLOCK
  +--> ?PR?USBDEINIT?USB
  +--> ?PR?_DELAY_1MS?DELAY
  +--> ?PR?IO_INIT?DRV_GPIO
  +--> ?PR?_DELAY_1US?DELAY
  +--> ?PR?_WATCHDOG_INIT?DRV_WATCHDOG
  +--> ?PR?_TIMER0_INIT?DRV_TIMER
  +--> ?PR?SPI_INIT?DRV_SPI_SIMULATE
  +--> ?PR?_UART0_INIT?DRV_UART
  +--> ?PR?IT_CONFIG?IT_CONFIG

?PR?_DELAY_1MS?DELAY                         -----    -----      -----    -----
  +--> ?PR?_DELAY_1US?DELAY

?PR?RF_INIT?RF                               -----    -----      8181H    0001H
  +--> ?PR?SPI_INIT?DRV_SPI_SIMULATE
  +--> ?PR?_RF_GET_MAC?RF
  +--> ?PR?_RF_SET_PIPE?RF
  +--> ?PR?XN297L_INIT?XN297L
  +--> ?PR?RF_SET_CH?RF
  +--> ?PR?XN297L_GOTO_SLEEP?XN297L
  +--> ?PR?_DELAY_1MS?DELAY

?PR?_RF_GET_MAC?RF                           -----    -----      8194H    000BH
  +--> ?PR?_RDSERIALNUM?INITIAL

?PR?_RDSERIALNUM?INITIAL                     -----    -----      819FH    0003H

?PR?XN297L_INIT?XN297L                       -----    -----      8182H    0006H
  +--> ?CO?XN297L
  +--> ?PR?XN297L_CHIP_RESET?XN297L
  +--> ?PR?_XN297L_WRITE_BYTES?XN297L
  +--> ?PR?_XN297L_WRITE_1BYTE?XN297L
  +--> ?PR?_XN297L_READ_1BYTE?XN297L
  +--> ?PR?_DELAY_1MS?DELAY
  +--> ?PR?_XN297L_SET_CHANNEL?XN297L
BL51 BANKED LINKER/LOCATER V6.22                                                      11/08/2018  16:59:53  PAGE 7


  +--> ?PR?_XN297L_SET_MAC?XN297L

?PR?XN297L_CHIP_RESET?XN297L                 -----    -----      -----    -----
  +--> ?PR?XN297L_SET_CE_0?XN297L
  +--> ?PR?_XN297L_WRITE_1BYTE?XN297L
  +--> ?PR?_DELAY_1MS?DELAY

?PR?XN297L_SET_CE_0?XN297L                   -----    -----      -----    -----
  +--> ?PR?_XN297L_WRITE_1BYTE?XN297L

?PR?_XN297L_WRITE_1BYTE?XN297L               -----    -----      81B5H    0001H
  +--> ?PR?_SPI_SEND_1BYTE?DRV_SPI_SIMULATE

?PR?_XN297L_WRITE_BYTES?XN297L               -----    -----      81BAH    0006H
  +--> ?PR?_SPI_SEND_1BYTE?DRV_SPI_SIMULATE

?PR?_XN297L_READ_1BYTE?XN297L                -----    -----      81BDH    0003H
  +--> ?PR?_SPI_SEND_1BYTE?DRV_SPI_SIMULATE

?PR?_XN297L_SET_CHANNEL?XN297L               -----    -----      -----    -----
  +--> ?PR?_XN297L_WRITE_1BYTE?XN297L

?PR?_XN297L_SET_MAC?XN297L                   -----    -----      8188H    0003H
  +--> ?PR?_XN297L_WRITE_BYTES?XN297L

?PR?RF_SET_CH?RF                             -----    -----      81A6H    0001H
  +--> ?PR?RF_GOTO_NEXT_CH?RF
  +--> ?PR?RF_GET_CH_NO?RF
  +--> ?PR?_XN297L_SET_CHANNEL?XN297L
  +--> ?PR?_XN297L_READ_1BYTE?XN297L

?PR?RF_GET_CH_NO?RF                          -----    -----      -----    -----
  +--> ?CO?RF

?PR?XN297L_GOTO_SLEEP?XN297L                 -----    -----      -----    -----
  +--> ?PR?XN297L_SET_CE_0?XN297L
  +--> ?PR?_XN297L_WRITE_1BYTE?XN297L

?PR?_BEEP_CTRL?DRV_GPIO                      -----    -----      8181H    0004H
  +--> ?PR?_DELAY_1MS?DELAY
  +--> ?PR?WATCHDOG_FEED?DRV_WATCHDOG

?PR?WATCHDOG_FEED?DRV_WATCHDOG               0020H.6  0000H.1    -----    -----

?PR?_RF_TO_USB?UART2USB                      0020H.4  0000H.1    8185H    000FH
  +--> ?PR?WATCHDOG_FEED?DRV_WATCHDOG
  +--> ?PR?_RF_GET_MAC?RF
  +--> ?CO?RF
  +--> ?PR?_RF_TRANSCEIVER?RF
  +--> ?PR?_ISCMDPKT?UART2USB
  +--> ?PR?_USB_DATA_PROC1?UART2USB
  +--> ?PR?_CRC_HIGH_FIRST?UART2USB
  +--> ?PR?_CHECKDATA?UART2USB
  +--> ?PR?_RECEIVECOMPLETEACK?UART2USB

?PR?_RF_TRANSCEIVER?RF                       0020H.5  0000H.1    8199H    000DH
  +--> ?PR?XN297L_GOTO_WAKEUP?XN297L
BL51 BANKED LINKER/LOCATER V6.22                                                      11/08/2018  16:59:53  PAGE 8


  +--> ?PR?_XN297L_TRANSCEIVE?XN297L
  +--> ?PR?RF_RX_TOUT?UART2USB
  +--> ?PR?RF_SET_CH?RF
  +--> ?PR?WATCHDOG_FEED?DRV_WATCHDOG
  +--> ?PR?XN297L_GOTO_SLEEP?XN297L

?PR?XN297L_GOTO_WAKEUP?XN297L                -----    -----      -----    -----
  +--> ?PR?XN297L_GOTO_STB1?XN297L
  +--> ?PR?_DELAY_1MS?DELAY

?PR?XN297L_GOTO_STB1?XN297L                  -----    -----      -----    -----
  +--> ?PR?XN297L_SET_CE_0?XN297L
  +--> ?PR?_XN297L_WRITE_1BYTE?XN297L

?PR?_XN297L_TRANSCEIVE?XN297L                0020H.6  0000H.1    81A6H    000FH
  +--> ?PR?XN297L_GOTO_WAKEUP?XN297L
  +--> ?PR?XN297L_GOTO_STB3?XN297L
  +--> ?PR?_DELAY_1US?DELAY
  +--> ?PR?XN297L_GOTO_TX?XN297L
  +--> ?PR?_XN297L_WRITE_PLD_FIFO?XN297L
  +--> ?PR?XN297L_CLEAR_RX_FIFO?XN297L
  +--> ?PR?XN297L_TX_START?XN297L
  +--> ?PR?XN297L_GOTO_RX?XN297L
  +--> ?PR?XN297L_CLEAR_TX_FIFO?XN297L
  +--> ?PR?_XN297L_WRITE_ACK_FIFO?XN297L
  +--> ?PR?XN297L_RX_START?XN297L
  +--> ?PR?XN297L_GET_IRQ_FLAG?XN297L
  +--> ?PR?XN297L_SET_CE_0?XN297L
  +--> ?PR?_DELAY_1MS?DELAY
  +--> ?PR?_XN297L_FIFO_READ?XN297L
  +--> ?PR?_XN297L_CLEAR_IRQ_FLAG?XN297L
  +--> ?PR?XN297L_GOTO_STB1?XN297L
  +--> ?PR?XN297L_GOTO_SLEEP?XN297L

?PR?XN297L_GOTO_STB3?XN297L                  -----    -----      -----    -----
  +--> ?PR?XN297L_SET_CE_0?XN297L
  +--> ?PR?_XN297L_WRITE_1BYTE?XN297L

?PR?XN297L_GOTO_TX?XN297L                    -----    -----      -----    -----
  +--> ?PR?XN297L_SET_CE_0?XN297L
  +--> ?PR?_XN297L_WRITE_1BYTE?XN297L
  +--> ?PR?XN297L_CLEAR_TX_FIFO?XN297L
  +--> ?PR?_DELAY_1US?DELAY

?PR?XN297L_CLEAR_TX_FIFO?XN297L              -----    -----      -----    -----
  +--> ?PR?_XN297L_WRITE_1BYTE?XN297L

?PR?_XN297L_WRITE_PLD_FIFO?XN297L            -----    -----      -----    -----
  +--> ?PR?_XN297L_WRITE_BYTES?XN297L

?PR?XN297L_CLEAR_RX_FIFO?XN297L              -----    -----      -----    -----
  +--> ?PR?_XN297L_WRITE_1BYTE?XN297L

?PR?XN297L_TX_START?XN297L                   -----    -----      -----    -----
  +--> ?PR?XN297L_SET_CE_1?XN297L
  +--> ?PR?_DELAY_1MS?DELAY

BL51 BANKED LINKER/LOCATER V6.22                                                      11/08/2018  16:59:53  PAGE 9


?PR?XN297L_SET_CE_1?XN297L                   -----    -----      -----    -----
  +--> ?PR?_XN297L_WRITE_1BYTE?XN297L

?PR?XN297L_GOTO_RX?XN297L                    -----    -----      -----    -----
  +--> ?PR?XN297L_SET_CE_0?XN297L
  +--> ?PR?_XN297L_WRITE_1BYTE?XN297L
  +--> ?PR?XN297L_CLEAR_RX_FIFO?XN297L
  +--> ?PR?_DELAY_1MS?DELAY

?PR?_XN297L_WRITE_ACK_FIFO?XN297L            -----    -----      81B5H    0005H
  +--> ?PR?_XN297L_WRITE_BYTES?XN297L

?PR?XN297L_RX_START?XN297L                   -----    -----      -----    -----
  +--> ?PR?XN297L_SET_CE_1?XN297L
  +--> ?PR?_DELAY_1MS?DELAY

?PR?XN297L_GET_IRQ_FLAG?XN297L               -----    -----      81B5H    0001H
  +--> ?PR?_XN297L_READ_1BYTE?XN297L

?PR?_XN297L_FIFO_READ?XN297L                 -----    -----      81B5H    0008H
  +--> ?PR?_XN297L_READ_1BYTE?XN297L
  +--> ?PR?_XN297L_READ_BYTES?XN297L

?PR?_XN297L_READ_BYTES?XN297L                -----    -----      81BDH    0006H
  +--> ?PR?_SPI_SEND_1BYTE?DRV_SPI_SIMULATE

?PR?_XN297L_CLEAR_IRQ_FLAG?XN297L            -----    -----      -----    -----
  +--> ?PR?_XN297L_WRITE_1BYTE?XN297L

?PR?_ISCMDPKT?UART2USB                       -----    -----      8194H    0006H
  +--> ?PR?_CRC_HIGH_FIRST?UART2USB

?PR?_CRC_HIGH_FIRST?UART2USB                 -----    -----      819AH    0004H

?PR?_USB_DATA_PROC1?UART2USB                 -----    -----      8194H    0005H
  +--> ?PR?WATCHDOG_FEED?DRV_WATCHDOG
  +--> ?PR?_USB_KEY_SEND?USB_APP

?PR?_USB_KEY_SEND?USB_APP                    -----    -----      8199H    0012H
  +--> ?CO?USB_APP
  +--> ?PR?COUNTBUFHANDLE?USB_APP
  +--> ?PR?_DATACHECK?USB_APP
  +--> ?PR?_DELAY_1MS?DELAY
  +--> ?PR?WATCHDOG_FEED?DRV_WATCHDOG
  +--> ?PR?_USB_GBK_INPUT?USB_APP
  +--> ?CO?ASCII2HID
  +--> ?PR?_EP1_SEND?USB
  +--> ?PR?_USB_SPEED_SET?USB_APP

?PR?_DATACHECK?USB_APP                       -----    -----      81ABH    0006H

?PR?_USB_GBK_INPUT?USB_APP                   -----    -----      81ABH    0007H
  +--> ?PR?_USB_KEY_REPORT?USB
  +--> ?PR?_USB_SPEED_SET?USB_APP

?PR?_USB_KEY_REPORT?USB                      -----    -----      81B2H    0002H

BL51 BANKED LINKER/LOCATER V6.22                                                      11/08/2018  16:59:53  PAGE 10


?PR?_USB_SPEED_SET?USB_APP                   -----    -----      81B2H    0001H
  +--> ?PR?_DELAY_1MS?DELAY

?PR?_EP1_SEND?USB                            -----    -----      81ABH    0003H

?PR?_CHECKDATA?UART2USB                      -----    -----      8194H    0005H
  +--> ?PR?_CRC_HIGH_FIRST?UART2USB

?PR?_RECEIVECOMPLETEACK?UART2USB             -----    -----      8194H    0005H
  +--> ?PR?_RF_TRANSCEIVER?RF

?PR?RF_SLAVE_CONFIG?UART2USB                 -----    -----      8181H    0004H
  +--> ?CO?UART2USB
  +--> ?PR?_RF_SET_PIPE?RF
  +--> ?PR?RF_SET_CH?RF
  +--> ?PR?_RF_SET_MAC?RF
  +--> ?PR?_RF_TO_USB?UART2USB

?PR?_RF_SET_MAC?RF                           -----    -----      -----    -----
  +--> ?PR?_XN297L_SET_MAC?XN297L

?PR?RF_SLAVE_UPDATE?UART2USB                 -----    -----      8181H    0004H
  +--> ?CO?UART2USB
  +--> ?PR?_FLASH_PAGEERASE?DRV_FLASH
  +--> ?PR?_FLASH_WRITE?DRV_FLASH

?PR?_FLASH_WRITE?DRV_FLASH                   -----    -----      8185H    0007H

*** NEW ROOT ***************************************************

?PR?USBINTERRUPT?USB                         0020H.7  0000H.1    -----    -----
  +--> ?PR?EP0_RECV?USB
  +--> ?PR?GETSTATUS?USB
  +--> ?PR?CLEARFEATURE?USB
  +--> ?PR?SETFEATURE?USB
  +--> ?PR?SETADDRESS?USB
  +--> ?PR?GETDESCRIPTOR?USB
  +--> ?PR?SETDESCRIPTOR?USB
  +--> ?PR?GETCONFIG?USB
  +--> ?PR?SETCONFIG?USB
  +--> ?PR?GETINTERFACE?USB
  +--> ?PR?SETINTERFACE?USB
  +--> ?PR?CLASSGETREPORT?USB
  +--> ?PR?CLASSGETIDLE?USB
  +--> ?PR?CLASSGETPROTOCOL?USB
  +--> ?PR?CLASSSETREPORT?USB
  +--> ?PR?CLASSSETIDLE?USB
  +--> ?PR?CLASSSETPROTOCOL?USB
  +--> ?PR?CLASSGETLINECODING?USB
  +--> ?PR?CLASSSETLINECODING?USB
  +--> ?PR?CLASSSETCONTROLLINESTATE?USB
  +--> ?PR?EP0_STALL?USB
  +--> ?PR?EP3_OUT_DATA?USB

?PR?EP0_RECV?USB                             -----    -----      -----    -----
  +--> ?PR?_PRTTAB?USB

BL51 BANKED LINKER/LOCATER V6.22                                                      11/08/2018  16:59:53  PAGE 11


?PR?GETSTATUS?USB                            -----    -----      -----    -----
  +--> ?PR?_EP0_SEND?USB
  +--> ?PR?EP0_STALL?USB

?PR?CLEARFEATURE?USB                         -----    -----      -----    -----
  +--> ?PR?EP0_STATUS_IN?USB
  +--> ?PR?EP0_STALL?USB

?PR?SETFEATURE?USB                           -----    -----      -----    -----
  +--> ?PR?EP1_IN_STALL?USB
  +--> ?PR?EP1_OUT_STALL?USB
  +--> ?PR?EP2_IN_STALL?USB
  +--> ?PR?EP2_OUT_STALL?USB
  +--> ?PR?EP0_STATUS_IN?USB
  +--> ?PR?EP0_STALL?USB

?PR?SETADDRESS?USB                           -----    -----      -----    -----
  +--> ?PR?EP0_STALL?USB
  +--> ?PR?EP0_STATUS_IN?USB

?PR?GETDESCRIPTOR?USB                        -----    -----      -----    -----
  +--> ?PR?GETDEVICEDESCRIPTOR?USB
  +--> ?PR?GETDEVICECONFIG?USB
  +--> ?PR?GETDEVSTRDESCRIPTOR?USB
  +--> ?PR?CLASSGETHIDDES?USB
  +--> ?PR?CLASSGETHIDREPORT?USB
  +--> ?PR?EP0_STALL?USB

?PR?GETDEVICEDESCRIPTOR?USB                  -----    -----      81C3H    0002H
  +--> ?CO?USB_DESCRIPT
  +--> ?PR?_EP0_SEND_TABLE?USB

?PR?_EP0_SEND_TABLE?USB                      -----    -----      81C5H    0006H
  +--> ?PR?_PRTTAB?USB

?PR?GETDEVICECONFIG?USB                      -----    -----      81C3H    0002H
  +--> ?CO?USB_DESCRIPT
  +--> ?PR?_EP0_SEND_TABLE?USB

?PR?GETDEVSTRDESCRIPTOR?USB                  -----    -----      81C3H    0002H
  +--> ?CO?USB_DESCRIPT
  +--> ?PR?_EP0_SEND_TABLE?USB

?PR?CLASSGETHIDDES?USB                       -----    -----      81C3H    0002H
  +--> ?PR?GETHID0DES?USB_DESCRIPT
  +--> ?PR?GETHID1DES?USB_DESCRIPT
  +--> ?PR?_EP0_SEND_TABLE?USB
  +--> ?PR?EP0_STALL?USB

?PR?GETHID0DES?USB_DESCRIPT                  -----    -----      -----    -----
  +--> ?CO?USB_DESCRIPT

?PR?GETHID1DES?USB_DESCRIPT                  -----    -----      -----    -----
  +--> ?CO?USB_DESCRIPT

?PR?CLASSGETHIDREPORT?USB                    -----    -----      -----    -----
  +--> ?CO?USB_DESCRIPT
BL51 BANKED LINKER/LOCATER V6.22                                                      11/08/2018  16:59:53  PAGE 12


  +--> ?PR?_EP0_SEND_TABLE?USB
  +--> ?PR?EP0_STALL?USB

?PR?SETDESCRIPTOR?USB                        -----    -----      -----    -----
  +--> ?PR?EP0_STALL?USB

?PR?GETCONFIG?USB                            -----    -----      -----    -----
  +--> ?PR?EP0_STALL?USB
  +--> ?PR?_EP0_SEND?USB

?PR?SETCONFIG?USB                            -----    -----      -----    -----
  +--> ?PR?EP0_STATUS_IN?USB
  +--> ?PR?EP0_STALL?USB

?PR?GETINTERFACE?USB                         -----    -----      -----    -----
  +--> ?PR?EP0_STALL?USB
  +--> ?PR?_EP0_SEND?USB

?PR?SETINTERFACE?USB                         -----    -----      -----    -----
  +--> ?PR?EP0_STALL?USB
  +--> ?PR?EP0_STATUS_IN?USB

?PR?CLASSGETREPORT?USB                       -----    -----      -----    -----
  +--> ?PR?USB_REPORT_IN?USB_APP

?PR?USB_REPORT_IN?USB_APP                    -----    -----      -----    -----
  +--> ?PR?_USB_RET_STATUS?USB_APP

?PR?_USB_RET_STATUS?USB_APP                  -----    -----      81C3H    0002H
  +--> ?PR?_USB_REPORT_INIT?USB_APP
  +--> ?PR?USB_RET_DATAS?USB_APP

?PR?_USB_REPORT_INIT?USB_APP                 -----    -----      81C5H    0001H

?PR?USB_RET_DATAS?USB_APP                    -----    -----      -----    -----
  +--> ?PR?_EP0_SEND_TABLE?USB

?PR?CLASSGETIDLE?USB                         -----    -----      -----    -----
  +--> ?PR?_EP0_SEND?USB

?PR?CLASSGETPROTOCOL?USB                     -----    -----      -----    -----
  +--> ?PR?EP0_STALL?USB
  +--> ?PR?_EP0_SEND?USB

?PR?CLASSSETREPORT?USB                       -----    -----      81C3H    0003H
  +--> ?PR?EP0_OUT_DATA?USB
  +--> ?PR?_PRTTAB?USB
  +--> ?PR?_USB_REPORT_OUT?USB_APP
  +--> ?PR?EP0_STATUS_IN?USB

?PR?_USB_REPORT_OUT?USB_APP                  -----    -----      81C6H    0001H

?PR?CLASSSETIDLE?USB                         -----    -----      -----    -----
  +--> ?PR?EP0_STATUS_IN?USB

?PR?CLASSSETPROTOCOL?USB                     -----    -----      -----    -----
  +--> ?PR?EP0_STATUS_IN?USB
BL51 BANKED LINKER/LOCATER V6.22                                                      11/08/2018  16:59:53  PAGE 13



?PR?CLASSGETLINECODING?USB                   -----    -----      -----    -----
  +--> ?PR?_EP0_SEND?USB

?PR?CLASSSETLINECODING?USB                   -----    -----      -----    -----
  +--> ?PR?_PRTTAB?USB
  +--> ?PR?EP0_STATUS_IN?USB

?PR?CLASSSETCONTROLLINESTATE?USB             -----    -----      -----    -----
  +--> ?PR?EP0_STATUS_IN?USB



SYMBOL TABLE OF MODULE:  .\obj\CV8F5025_XN297L (MAIN)

  VALUE           TYPE          NAME
  ----------------------------------

  -------         MODULE        MAIN
  C:0000H         SYMBOL        _ICE_DUMMY_
  D:0080H         PUBLIC        P0
  D:0090H         PUBLIC        P1
  D:00A0H         PUBLIC        P2
  D:00B0H         PUBLIC        P3
  D:00F8H         PUBLIC        P4
  B:00A8H.7       PUBLIC        EA
  D:00B0H         PUBLIC        CMP0CON0
  D:00C0H         PUBLIC        CMP1CON0
  D:00C8H         PUBLIC        CMP2CON0
  D:00D8H         PUBLIC        CMP3CON0
  C:437DH         PUBLIC        main
  D:0088H         PUBLIC        UE0CON
  D:0090H         PUBLIC        UE1CON
  D:0098H         PUBLIC        UE2CON
  D:00A0H         PUBLIC        UE3CON
  D:00A8H         PUBLIC        IE0
  D:00F0H         PUBLIC        B
  D:00E0H         PUBLIC        ACC
  D:0088H         PUBLIC        PG0CON0
  D:00D8H         PUBLIC        ADCCON0
  D:0098H         PUBLIC        PG1CON0
  D:00C0H         PUBLIC        PG2CON0
  D:00C8H         PUBLIC        PG3CON0
  D:00E8H         PUBLIC        PG4CON0
  D:00F8H         PUBLIC        PG5CON0
  X:89A9H         PUBLIC        xxx
  D:00E8H         PUBLIC        UT0CON0
  D:0080H         PUBLIC        UBCON
  D:00D0H         PUBLIC        PSW
  -------         PROC          MAIN
  C:437DH         LINE#         23
  C:437DH         LINE#         24
  C:437DH         LINE#         25
  C:4380H         LINE#         32
  C:4386H         LINE#         33
  C:438CH         LINE#         35
  C:4394H         LINE#         38
BL51 BANKED LINKER/LOCATER V6.22                                                      11/08/2018  16:59:53  PAGE 14


  C:4396H         LINE#         40
  C:439BH         LINE#         41
  C:439BH         LINE#         43
  C:43A4H         LINE#         44
  C:43A4H         LINE#         51
  C:43A4H         LINE#         52
  C:43A4H         LINE#         53
  C:43A7H         LINE#         76
  C:43BAH         LINE#         77
  C:43BAH         LINE#         87
  C:43BAH         LINE#         89
  C:43BFH         LINE#         97
  C:43C1H         LINE#         99
  C:43C1H         LINE#         101
  C:43C4H         LINE#         102
  C:43CAH         LINE#         103
  C:43CCH         LINE#         105
  C:43CCH         LINE#         107
  C:43D2H         LINE#         108
  C:43D4H         LINE#         110
  C:43D4H         LINE#         111
  C:43D7H         LINE#         112
  C:43DDH         LINE#         113
  -------         ENDPROC       MAIN
  -------         ENDMOD        MAIN

  -------         MODULE        UART2USB
  C:0000H         SYMBOL        _ICE_DUMMY_
  D:0080H         PUBLIC        P0
  D:0090H         PUBLIC        P1
  D:00A0H         PUBLIC        P2
  D:00B0H         PUBLIC        P3
  X:8305H         SYMBOL        rx_temp
  D:00F8H         PUBLIC        P4
  C:3F82H         PUBLIC        _usb_data_proc1
  C:491FH         SYMBOL        _ReceiveCompleteAck
  D:00B0H         PUBLIC        CMP0CON0
  C:44A3H         SYMBOL        _isCmdPkt
  D:00C0H         PUBLIC        CMP1CON0
  D:00C8H         PUBLIC        CMP2CON0
  D:00D8H         PUBLIC        CMP3CON0
  D:0088H         PUBLIC        UE0CON
  D:0090H         PUBLIC        UE1CON
  B:00D0H.1       PUBLIC        SFRB
  D:0098H         PUBLIC        UE2CON
  D:00A0H         PUBLIC        UE3CON
  C:455DH         PUBLIC        rf_slave_config
  D:00A8H         PUBLIC        IE0
  C:4868H         PUBLIC        rf_slave_update
  D:00A9H         PUBLIC        IE1
  D:00AAH         PUBLIC        IE2
  D:00F0H         PUBLIC        B
  D:00ABH         PUBLIC        IE3
  C:5174H         SYMBOL        _?ix1000
  X:8315H         SYMBOL        spidAck
  C:5178H         SYMBOL        _?ix1001
  D:00E0H         PUBLIC        ACC
BL51 BANKED LINKER/LOCATER V6.22                                                      11/08/2018  16:59:53  PAGE 15


  C:45B1H         SYMBOL        _crc_high_first
  C:28D3H         PUBLIC        _rf_to_usb
  C:4FBEH         PUBLIC        rf_rx_tout
  X:8319H         PUBLIC        rf_slave
  D:0088H         PUBLIC        PG0CON0
  D:00D8H         PUBLIC        ADCCON0
  D:0098H         PUBLIC        PG1CON0
  D:00C0H         PUBLIC        PG2CON0
  D:00C8H         PUBLIC        PG3CON0
  D:00E8H         PUBLIC        PG4CON0
  D:00F8H         PUBLIC        PG5CON0
  C:325BH         PUBLIC        _usb_data_proc
  D:00E8H         PUBLIC        UT0CON0
  D:0080H         PUBLIC        UBCON
  D:00D0H         PUBLIC        PSW
  C:48E3H         SYMBOL        _checkData
  -------         PROC          _CRC_HIGH_FIRST
  X:819AH         SYMBOL        ptr
  X:819DH         SYMBOL        len
  -------         DO            
  D:0007H         SYMBOL        i
  D:0006H         SYMBOL        crc
  -------         ENDDO         
  C:45B1H         LINE#         18
  C:45BFH         LINE#         19
  C:45BFH         LINE#         21
  C:45C1H         LINE#         23
  C:45CBH         LINE#         24
  C:45CBH         LINE#         25
  C:45E0H         LINE#         26
  C:45E8H         LINE#         27
  C:45E8H         LINE#         28
  C:45ECH         LINE#         29
  C:45F3H         LINE#         31
  C:45F7H         LINE#         32
  C:45FAH         LINE#         33
  C:45FAH         LINE#         35
  C:45FCH         LINE#         36
  -------         ENDPROC       _CRC_HIGH_FIRST
  -------         PROC          _ISCMDPKT
  X:8194H         SYMBOL        ptr
  D:0005H         SYMBOL        len
  -------         DO            
  X:8197H         SYMBOL        cmdPtr
  D:0007H         SYMBOL        crc
  -------         ENDDO         
  C:44A3H         LINE#         38
  C:44AEH         LINE#         39
  C:44AEH         LINE#         43
  C:44B7H         LINE#         46
  C:44BCH         LINE#         47
  C:44BCH         LINE#         48
  C:44BEH         LINE#         49
  C:44BEH         LINE#         51
  C:44D9H         LINE#         52
  C:44D9H         LINE#         53
  C:44DBH         LINE#         54
BL51 BANKED LINKER/LOCATER V6.22                                                      11/08/2018  16:59:53  PAGE 16


  C:44DBH         LINE#         56
  C:44ECH         LINE#         57
  C:4500H         LINE#         58
  C:4500H         LINE#         59
  C:4502H         LINE#         60
  C:4502H         LINE#         62
  C:4503H         LINE#         64
  -------         ENDPROC       _ISCMDPKT
  -------         PROC          _CHECKDATA
  X:8194H         SYMBOL        ptr
  X:8197H         SYMBOL        len
  -------         DO            
  D:0007H         SYMBOL        crc
  -------         ENDDO         
  C:48E3H         LINE#         69
  C:48F4H         LINE#         70
  C:48F4H         LINE#         73
  C:48F9H         LINE#         74
  C:491BH         LINE#         75
  C:491BH         LINE#         76
  C:491DH         LINE#         77
  C:491DH         LINE#         79
  C:491EH         LINE#         80
  -------         ENDPROC       _CHECKDATA
  -------         PROC          _RECEIVECOMPLETEACK
  D:0007H         SYMBOL        pid
  -------         DO            
  X:8194H         SYMBOL        ack_tmp
  X:8198H         SYMBOL        ack_len
  -------         ENDDO         
  C:491FH         LINE#         82
  C:491FH         LINE#         83
  C:491FH         LINE#         86
  C:4924H         LINE#         88
  C:492BH         LINE#         89
  -------         ENDPROC       _RECEIVECOMPLETEACK
  -------         PROC          RF_RX_TOUT
  C:4FBEH         LINE#         594
  C:4FBEH         LINE#         595
  C:4FBEH         LINE#         596
  C:4FCDH         LINE#         597
  C:4FCDH         LINE#         599
  C:4FCFH         LINE#         600
  C:4FCFH         LINE#         602
  C:4FD0H         LINE#         603
  -------         ENDPROC       RF_RX_TOUT
  -------         PROC          _USB_DATA_PROC
  D:0007H         SYMBOL        mode
  X:81CBH         SYMBOL        data_buff
  -------         DO            
  X:81CEH         SYMBOL        crc_l
  X:81CFH         SYMBOL        crc_h
  X:81D0H         SYMBOL        crc
  -------         DO            
  X:81D2H         SYMBOL        language
  -------         DO            
  X:81D3H         SYMBOL        tmp_dat
BL51 BANKED LINKER/LOCATER V6.22                                                      11/08/2018  16:59:53  PAGE 17


  X:81D7H         SYMBOL        len
  X:81D8H         SYMBOL        tmp
  X:81D9H         SYMBOL        host_id
  -------         ENDDO         
  -------         ENDDO         
  -------         ENDDO         
  C:325BH         LINE#         612
  C:3266H         LINE#         613
  C:3266H         LINE#         614
  C:3284H         LINE#         615
  C:3284H         LINE#         616
  C:328EH         LINE#         618
  C:3294H         LINE#         619
  C:3294H         LINE#         620
  C:32AAH         LINE#         621
  C:32BBH         LINE#         623
  C:32E4H         LINE#         625
  C:330EH         LINE#         626
  C:330EH         LINE#         629
  C:3328H         LINE#         631
  C:3332H         LINE#         657
  C:3338H         LINE#         658
  C:3338H         LINE#         660
  C:333DH         LINE#         662
  C:334CH         LINE#         664
  C:3354H         LINE#         665
  C:3356H         LINE#         666
  C:3356H         LINE#         667
  C:336DH         LINE#         668
  C:336DH         LINE#         670
  C:3380H         LINE#         671
  C:338AH         LINE#         672
  C:338AH         LINE#         673
  C:33A4H         LINE#         674
  C:33A4H         LINE#         676
  C:33C1H         LINE#         678
  C:33D0H         LINE#         679
  C:33D0H         LINE#         680
  C:33D0H         LINE#         681
  C:33E4H         LINE#         682
  C:33E6H         LINE#         684
  C:33E6H         LINE#         685
  C:33FAH         LINE#         686
  C:33FCH         LINE#         688
  C:33FCH         LINE#         689
  C:3410H         LINE#         690
  C:3410H         LINE#         692
  C:3410H         LINE#         693
  C:3410H         LINE#         695
  C:3410H         LINE#         696
  C:3410H         LINE#         697
  C:3410H         LINE#         699
  C:3413H         LINE#         702
  C:342DH         LINE#         703
  C:342DH         LINE#         705
  C:3430H         LINE#         708
  C:3468H         LINE#         709
BL51 BANKED LINKER/LOCATER V6.22                                                      11/08/2018  16:59:53  PAGE 18


  C:3468H         LINE#         711
  C:3468H         LINE#         713
  C:3468H         LINE#         714
  C:3468H         LINE#         716
  C:3468H         LINE#         719
  C:3468H         LINE#         721
  C:347FH         LINE#         722
  C:347FH         LINE#         723
  -------         ENDPROC       _USB_DATA_PROC
  -------         PROC          L?0077
  -------         ENDPROC       L?0077
  -------         PROC          _USB_DATA_PROC1
  D:0007H         SYMBOL        mode
  X:8194H         SYMBOL        data_buff
  -------         DO            
  X:8197H         SYMBOL        total_len
  -------         ENDDO         
  C:3F82H         LINE#         732
  C:3F8DH         LINE#         733
  C:3F8DH         LINE#         734
  C:3F97H         LINE#         736
  C:3F9AH         LINE#         737
  C:3F9AH         LINE#         740
  C:3FB4H         LINE#         741
  C:3FBDH         LINE#         742
  C:3FD1H         LINE#         745
  C:3FD4H         LINE#         748
  C:3FFAH         LINE#         750
  C:3FFAH         LINE#         752
  -------         ENDPROC       _USB_DATA_PROC1
  -------         PROC          _RF_TO_USB
  X:8185H         SYMBOL        mode
  -------         DO            
  B:0020H.4       SYMBOL        rx_ok
  X:8186H         SYMBOL        i
  X:8187H         SYMBOL        ulen
  X:8188H         SYMBOL        ack_data
  X:818CH         SYMBOL        bag_id
  X:818DH         SYMBOL        total_len
  X:818FH         SYMBOL        rx_index
  C:28F3H         SYMBOL        RF_RECEIVE
  -------         DO            
  X:8192H         SYMBOL        temp_len
  -------         ENDDO         
  -------         ENDDO         
  C:28D3H         LINE#         867
  C:28D8H         LINE#         868
  C:28D8H         LINE#         874
  C:28DFH         LINE#         875
  C:28E8H         LINE#         878
  C:28EFH         LINE#         880
  C:28F3H         LINE#         881
  C:28F3H         LINE#         882
  C:28F3H         LINE#         884
  C:28F6H         LINE#         886
  C:28FCH         LINE#         887
  C:28FCH         LINE#         888
BL51 BANKED LINKER/LOCATER V6.22                                                      11/08/2018  16:59:53  PAGE 19


  C:2905H         LINE#         889
  C:2907H         LINE#         891
  C:2907H         LINE#         893
  C:291AH         LINE#         894
  C:291AH         LINE#         896
  C:2920H         LINE#         897
  C:2920H         LINE#         898
  C:2938H         LINE#         899
  C:293AH         LINE#         901
  C:293AH         LINE#         902
  C:2948H         LINE#         903
  C:2948H         LINE#         906
  C:2982H         LINE#         909
  C:2988H         LINE#         910
  C:2988H         LINE#         912
  C:298FH         LINE#         916
  C:29A4H         LINE#         917
  C:29A4H         LINE#         918
  C:29C0H         LINE#         919
  C:29C0H         LINE#         920
  C:29C3H         LINE#         921
  C:29C9H         LINE#         922
  C:29CCH         LINE#         923
  C:29CCH         LINE#         925
  C:29CCH         LINE#         941
  C:29DEH         LINE#         943
  C:2A00H         LINE#         944
  C:2A00H         LINE#         945
  C:2A14H         LINE#         946
  C:2A14H         LINE#         947
  C:2A3EH         LINE#         948
  C:2A56H         LINE#         950
  C:2A5EH         LINE#         951
  C:2A5EH         LINE#         953
  C:2A89H         LINE#         954
  C:2A89H         LINE#         955
  C:2A97H         LINE#         956
  C:2A97H         LINE#         957
  C:2A9AH         LINE#         958
  C:2AA0H         LINE#         959
  C:2AA0H         LINE#         960
  C:2ABFH         LINE#         961
  C:2AC1H         LINE#         963
  C:2AC1H         LINE#         965
  C:2AC1H         LINE#         967
  C:2AC1H         LINE#         968
  C:2AC1H         LINE#         970
  C:2ACDH         LINE#         971
  C:2ACDH         LINE#         973
  C:2AD0H         LINE#         974
  C:2AD0H         LINE#         977
  C:2AD0H         LINE#         978
  C:2AD2H         LINE#         979
  C:2AD4H         LINE#         980
  C:2AD4H         LINE#         981
  C:2AD4H         LINE#         983
  C:2AD4H         LINE#         984
BL51 BANKED LINKER/LOCATER V6.22                                                      11/08/2018  16:59:53  PAGE 20


  C:2AD6H         LINE#         985
  C:2AD8H         LINE#         986
  C:2AD8H         LINE#         987
  C:2AD8H         LINE#         989
  C:2AD8H         LINE#         990
  C:2AD8H         LINE#         991
  C:2AD8H         LINE#         993
  C:2ADBH         LINE#         994
  C:2ADBH         LINE#         995
  C:2AE3H         LINE#         996
  C:2AE3H         LINE#         998
  C:2AE3H         LINE#         1001
  C:2AF0H         LINE#         1002
  C:2AF9H         LINE#         1003
  C:2B0BH         LINE#         1005
  C:2B22H         LINE#         1006
  C:2B22H         LINE#         1020
  C:2B2DH         LINE#         1021
  C:2B2DH         LINE#         1022
  C:2B38H         LINE#         1023
  C:2B3BH         LINE#         1024
  C:2B3BH         LINE#         1026
  C:2B3DH         LINE#         1027
  C:2B3DH         LINE#         1028
  C:2B3DH         LINE#         1029
  C:2B3DH         LINE#         1031
  C:2B3DH         LINE#         1032
  C:2B4CH         LINE#         1036
  C:2B4EH         LINE#         1037
  -------         ENDPROC       _RF_TO_USB
  -------         PROC          RF_SLAVE_CONFIG
  -------         DO            
  X:8181H         SYMBOL        init_mac
  -------         ENDDO         
  C:455DH         LINE#         1380
  C:455DH         LINE#         1381
  C:455DH         LINE#         1382
  C:4570H         LINE#         1384
  C:4575H         LINE#         1385
  C:4578H         LINE#         1386
  C:4581H         LINE#         1388
  C:4586H         LINE#         1389
  C:458BH         LINE#         1390
  C:4590H         LINE#         1392
  C:45A5H         LINE#         1393
  C:45A8H         LINE#         1394
  -------         ENDPROC       RF_SLAVE_CONFIG
  -------         PROC          RF_SLAVE_UPDATE
  -------         DO            
  X:8181H         SYMBOL        goto_flag
  -------         ENDDO         
  C:4868H         LINE#         1404
  C:4868H         LINE#         1405
  C:4868H         LINE#         1409
  C:487BH         LINE#         1411
  C:4882H         LINE#         1412
  C:4898H         LINE#         1415
BL51 BANKED LINKER/LOCATER V6.22                                                      11/08/2018  16:59:53  PAGE 21


  C:489AH         LINE#         1416
  C:489DH         LINE#         1417
  C:489FH         LINE#         1418
  C:48A1H         LINE#         1419
  C:48A3H         LINE#         1422
  -------         ENDPROC       RF_SLAVE_UPDATE
  -------         ENDMOD        UART2USB

  -------         MODULE        USB_APP
  C:0000H         SYMBOL        _ICE_DUMMY_
  D:0080H         PUBLIC        P0
  D:0090H         PUBLIC        P1
  C:4AD6H         SYMBOL        _usb_ret_status
  D:00A0H         PUBLIC        P2
  D:00B0H         PUBLIC        P3
  C:300FH         PUBLIC        _usb_key_send
  D:00F8H         PUBLIC        P4
  C:4E3BH         PUBLIC        usb_report_in
  C:4243H         PUBLIC        _usb_report_out
  C:4A3AH         SYMBOL        countBufHandle
  C:3D4BH         SYMBOL        _datacheck
  D:00B0H         PUBLIC        CMP0CON0
  D:00C0H         PUBLIC        CMP1CON0
  D:00C8H         PUBLIC        CMP2CON0
  D:00D8H         PUBLIC        CMP3CON0
  D:0088H         PUBLIC        UE0CON
  D:0090H         PUBLIC        UE1CON
  B:00D0H.1       PUBLIC        SFRB
  D:0098H         PUBLIC        UE2CON
  D:00A0H         PUBLIC        UE3CON
  C:51C7H         PUBLIC        usb_int_disable
  D:00A8H         PUBLIC        IE0
  D:00AAH         PUBLIC        IE2
  D:00F0H         PUBLIC        B
  C:517CH         SYMBOL        _?ix1000
  C:51CDH         PUBLIC        usb_int_enable
  D:00E0H         PUBLIC        ACC
  X:8963H         SYMBOL        countBuf
  X:8200H         PUBLIC        usb_report
  D:0088H         PUBLIC        PG0CON0
  D:00D8H         PUBLIC        ADCCON0
  D:0098H         PUBLIC        PG1CON0
  D:00C0H         PUBLIC        PG2CON0
  D:00C8H         PUBLIC        PG3CON0
  D:00E8H         PUBLIC        PG4CON0
  D:00F8H         PUBLIC        PG5CON0
  C:4994H         SYMBOL        _usb_report_init
  C:4F6CH         SYMBOL        usb_ret_datas
  D:00E8H         PUBLIC        UT0CON0
  X:896AH         SYMBOL        yyy
  C:4C9DH         PUBLIC        _usb_speed_set
  C:3762H         PUBLIC        _usb_gbk_input
  D:0080H         PUBLIC        UBCON
  D:00D0H         PUBLIC        PSW
  -------         PROC          _USB_REPORT_INIT
  X:81C5H         SYMBOL        data_length
  C:4994H         LINE#         16
BL51 BANKED LINKER/LOCATER V6.22                                                      11/08/2018  16:59:53  PAGE 22


  C:4999H         LINE#         17
  C:4999H         LINE#         19
  C:49A8H         LINE#         21
  C:49AEH         LINE#         23
  C:49B4H         LINE#         24
  C:49B7H         LINE#         25
  C:49BFH         LINE#         27
  C:49CBH         LINE#         28
  -------         ENDPROC       _USB_REPORT_INIT
  -------         PROC          USB_RET_DATAS
  C:4F6CH         LINE#         39
  C:4F6CH         LINE#         40
  C:4F6CH         LINE#         41
  C:4F6EH         LINE#         44
  -------         ENDPROC       USB_RET_DATAS
  -------         PROC          _USB_RET_STATUS
  X:81C3H         SYMBOL        status
  X:81C4H         SYMBOL        ret_type
  C:4AD6H         LINE#         56
  C:4ADEH         LINE#         57
  C:4ADEH         LINE#         58
  C:4AE3H         LINE#         60
  C:4AEBH         LINE#         61
  C:4AF4H         LINE#         64
  C:4B03H         LINE#         67
  -------         ENDPROC       _USB_RET_STATUS
  -------         PROC          _USB_REPORT_OUT
  X:81C6H         SYMBOL        dat_cnt
  C:4243H         LINE#         78
  C:4248H         LINE#         79
  C:4248H         LINE#         80
  C:424EH         LINE#         81
  C:424EH         LINE#         83
  C:4252H         LINE#         84
  C:4255H         LINE#         86
  C:425FH         LINE#         87
  C:425FH         LINE#         88
  C:427FH         LINE#         89
  C:4285H         LINE#         90
  C:4285H         LINE#         91
  C:4287H         LINE#         93
  C:4287H         LINE#         94
  C:42A6H         LINE#         95
  C:42B1H         LINE#         96
  C:42B1H         LINE#         97
  -------         ENDPROC       _USB_REPORT_OUT
  -------         PROC          USB_REPORT_IN
  C:4E3BH         LINE#         107
  C:4E3BH         LINE#         108
  C:4E3BH         LINE#         109
  C:4E43H         LINE#         110
  C:4E43H         LINE#         111
  C:4E43H         LINE#         112
  C:4E49H         LINE#         113
  C:4E4DH         LINE#         114
  C:4E4FH         LINE#         116
  C:4E4FH         LINE#         117
BL51 BANKED LINKER/LOCATER V6.22                                                      11/08/2018  16:59:53  PAGE 23


  C:4E56H         LINE#         118
  C:4E56H         LINE#         119
  C:4E56H         LINE#         120
  -------         ENDPROC       USB_REPORT_IN
  C:4C98H         SYMBOL        L?0069
  -------         PROC          L?0068
  -------         ENDPROC       L?0068
  C:4C98H         SYMBOL        L?0069
  -------         PROC          _USB_SPEED_SET
  X:81B2H         SYMBOL        usb_speed
  C:4C9DH         LINE#         133
  C:4CA2H         LINE#         134
  C:4CA2H         LINE#         135
  C:4CA4H         LINE#         136
  C:4CA4H         LINE#         138
  C:4CA4H         LINE#         139
  C:4CABH         LINE#         140
  C:4CABH         LINE#         141
  C:4CADH         LINE#         142
  C:4CAFH         LINE#         143
  C:4CB6H         LINE#         144
  C:4CB6H         LINE#         145
  C:4CB8H         LINE#         146
  C:4CBAH         LINE#         148
  C:4CBAH         LINE#         149
  C:4CBFH         LINE#         150
  C:4CBFH         LINE#         151
  -------         ENDPROC       _USB_SPEED_SET
  -------         PROC          _USB_GBK_INPUT
  D:0002H         SYMBOL        gbk
  X:81ABH         SYMBOL        speed
  -------         DO            
  X:81ACH         SYMBOL        i
  X:81ADH         SYMBOL        key
  -------         ENDDO         
  C:3762H         LINE#         156
  C:376BH         LINE#         157
  C:376BH         LINE#         160
  C:3777H         LINE#         161
  C:3786H         LINE#         162
  C:3792H         LINE#         163
  C:37A1H         LINE#         164
  C:37ADH         LINE#         165
  C:37BCH         LINE#         166
  C:37C8H         LINE#         167
  C:37D7H         LINE#         168
  C:37E3H         LINE#         170
  C:37EDH         LINE#         171
  C:37FCH         LINE#         172
  C:37FCH         LINE#         173
  C:380DH         LINE#         174
  C:380DH         LINE#         175
  C:381AH         LINE#         176
  C:381CH         LINE#         178
  C:381CH         LINE#         179
  C:382EH         LINE#         180
  C:382EH         LINE#         181
BL51 BANKED LINKER/LOCATER V6.22                                                      11/08/2018  16:59:53  PAGE 24


  C:3845H         LINE#         182
  C:384FH         LINE#         183
  C:3857H         LINE#         184
  -------         ENDPROC       _USB_GBK_INPUT
  -------         PROC          _DATACHECK
  X:81ABH         SYMBOL        send_buff
  X:81AEH         SYMBOL        length
  -------         DO            
  X:81B0H         SYMBOL        i
  -------         ENDDO         
  C:3D4BH         LINE#         198
  C:3D5CH         LINE#         199
  C:3D5CH         LINE#         201
  C:3D61H         LINE#         202
  C:3D63H         LINE#         204
  C:3D80H         LINE#         205
  C:3D80H         LINE#         206
  C:3DA7H         LINE#         207
  C:3DA7H         LINE#         208
  C:3DA9H         LINE#         209
  C:3DA9H         LINE#         210
  C:3DB1H         LINE#         211
  C:3DD4H         LINE#         212
  C:3DD4H         LINE#         213
  C:3DD6H         LINE#         214
  C:3DD6H         LINE#         216
  C:3DD7H         LINE#         217
  -------         ENDPROC       _DATACHECK
  -------         PROC          COUNTBUFHANDLE
  -------         DO            
  D:0007H         SYMBOL        carry
  D:0006H         SYMBOL        i
  -------         ENDDO         
  C:4A3AH         LINE#         221
  C:4A3AH         LINE#         222
  C:4A3AH         LINE#         223
  C:4A3CH         LINE#         225
  C:4A3CH         LINE#         226
  C:4A3EH         LINE#         227
  C:4A4BH         LINE#         228
  C:4A59H         LINE#         229
  C:4A59H         LINE#         230
  C:4A65H         LINE#         231
  C:4A66H         LINE#         232
  C:4A67H         LINE#         233
  C:4A6BH         LINE#         234
  C:4A6BH         LINE#         236
  C:4A6BH         LINE#         237
  C:4A6BH         LINE#         238
  C:4A6EH         LINE#         239
  -------         ENDPROC       COUNTBUFHANDLE
  -------         PROC          _USB_KEY_SEND
  X:8199H         SYMBOL        send_buff
  X:819CH         SYMBOL        length
  X:819EH         SYMBOL        speed
  -------         DO            
  X:819FH         SYMBOL        dat_buff
BL51 BANKED LINKER/LOCATER V6.22                                                      11/08/2018  16:59:53  PAGE 25


  X:81A7H         SYMBOL        index
  X:81A8H         SYMBOL        tmp
  -------         DO            
  X:81A9H         SYMBOL        gbk
  -------         ENDDO         
  -------         ENDDO         
  C:300FH         LINE#         240
  C:3020H         LINE#         241
  C:3020H         LINE#         243
  C:3033H         LINE#         247
  C:3036H         LINE#         250
  C:304CH         LINE#         251
  C:304CH         LINE#         252
  C:305CH         LINE#         253
  C:306FH         LINE#         254
  C:3077H         LINE#         255
  C:307FH         LINE#         256
  C:3087H         LINE#         257
  C:308FH         LINE#         258
  C:3098H         LINE#         259
  C:309AH         LINE#         261
  C:309AH         LINE#         262
  C:30B0H         LINE#         263
  C:30C9H         LINE#         264
  C:30D5H         LINE#         265
  C:30E1H         LINE#         266
  C:30EDH         LINE#         267
  C:30F9H         LINE#         268
  C:3101H         LINE#         269
  C:310AH         LINE#         270
  C:310AH         LINE#         272
  C:311BH         LINE#         273
  C:311BH         LINE#         275
  C:3129H         LINE#         276
  C:3129H         LINE#         277
  C:312EH         LINE#         278
  C:3130H         LINE#         279
  C:3130H         LINE#         281
  C:3133H         LINE#         283
  C:314AH         LINE#         286
  C:314EH         LINE#         287
  C:314EH         LINE#         288
  C:315DH         LINE#         289
  C:315DH         LINE#         292
  C:3179H         LINE#         293
  C:3182H         LINE#         294
  C:31A3H         LINE#         295
  C:31B1H         LINE#         297
  C:31B9H         LINE#         298
  C:31BBH         LINE#         299
  C:31BBH         LINE#         301
  C:31BBH         LINE#         302
  C:31BDH         LINE#         303
  C:31BDH         LINE#         304
  C:31BDH         LINE#         306
  C:31BDH         LINE#         307
  C:31C7H         LINE#         308
BL51 BANKED LINKER/LOCATER V6.22                                                      11/08/2018  16:59:53  PAGE 26


  C:31D4H         LINE#         310
  C:31D4H         LINE#         312
  C:31F7H         LINE#         314
  C:31FCH         LINE#         315
  C:31FCH         LINE#         317
  C:3204H         LINE#         318
  C:3227H         LINE#         324
  C:3232H         LINE#         325
  C:323AH         LINE#         328
  C:323FH         LINE#         329
  C:3243H         LINE#         330
  C:324EH         LINE#         331
  C:3256H         LINE#         332
  C:3256H         LINE#         333
  C:3256H         LINE#         335
  C:3259H         LINE#         337
  C:325AH         LINE#         338
  -------         ENDPROC       _USB_KEY_SEND
  -------         PROC          USB_INT_DISABLE
  C:51C7H         LINE#         341
  C:51C7H         LINE#         342
  C:51C7H         LINE#         343
  C:51C9H         LINE#         344
  C:51CCH         LINE#         345
  -------         ENDPROC       USB_INT_DISABLE
  -------         PROC          USB_INT_ENABLE
  C:51CDH         LINE#         347
  C:51CDH         LINE#         348
  C:51CDH         LINE#         349
  C:51CFH         LINE#         350
  C:51D2H         LINE#         351
  -------         ENDPROC       USB_INT_ENABLE
  -------         ENDMOD        USB_APP

  -------         MODULE        RF
  C:0000H         SYMBOL        _ICE_DUMMY_
  D:0080H         PUBLIC        P0
  D:0090H         PUBLIC        P1
  D:00A0H         PUBLIC        P2
  D:00B0H         PUBLIC        P3
  D:00F8H         PUBLIC        P4
  C:4B06H         PUBLIC        _rf_get_mac
  C:1806H         PUBLIC        _rf_set_pipe
  C:180EH         PUBLIC        _rf_set_mac
  D:00B0H         PUBLIC        CMP0CON0
  C:43EFH         PUBLIC        rf_ch_list
  D:00C0H         PUBLIC        CMP1CON0
  D:00C8H         PUBLIC        CMP2CON0
  D:00D8H         PUBLIC        CMP3CON0
  D:0088H         PUBLIC        UE0CON
  D:0090H         PUBLIC        UE1CON
  D:0098H         PUBLIC        UE2CON
  D:00A0H         PUBLIC        UE3CON
  C:4DE3H         PUBLIC        rf_set_ch
  D:00A8H         PUBLIC        IE0
  D:00F0H         PUBLIC        B
  C:511DH         SYMBOL        rf_goto_next_ch
BL51 BANKED LINKER/LOCATER V6.22                                                      11/08/2018  16:59:53  PAGE 27


  D:00E0H         PUBLIC        ACC
  C:443DH         PUBLIC        mac_dat
  D:0088H         PUBLIC        PG0CON0
  D:00D8H         PUBLIC        ADCCON0
  D:0098H         PUBLIC        PG1CON0
  D:00C0H         PUBLIC        PG2CON0
  D:00C8H         PUBLIC        PG3CON0
  D:00E8H         PUBLIC        PG4CON0
  D:00F8H         PUBLIC        PG5CON0
  C:4D5CH         SYMBOL        rf_get_ch_no
  C:3DD8H         PUBLIC        _rf_transceiver
  C:43DFH         PUBLIC        rf_ack
  D:00E8H         PUBLIC        UT0CON0
  C:4645H         PUBLIC        rf_init
  D:0080H         PUBLIC        UBCON
  D:00D0H         PUBLIC        PSW
  -------         PROC          RF_GOTO_NEXT_CH
  C:511DH         LINE#         92
  C:511DH         LINE#         93
  C:511DH         LINE#         94
  C:5120H         LINE#         97
  C:5124H         LINE#         98
  C:5124H         LINE#         99
  C:5126H         LINE#         100
  C:5126H         LINE#         101
  -------         ENDPROC       RF_GOTO_NEXT_CH
  -------         PROC          _RF_SET_PIPE
  D:0007H         SYMBOL        pipe_x
  C:1806H         LINE#         123
  C:1806H         LINE#         124
  C:1806H         LINE#         125
  C:180AH         LINE#         126
  -------         ENDPROC       _RF_SET_PIPE
  -------         PROC          RF_GET_CH_NO
  C:4D5CH         LINE#         137
  C:4D5CH         LINE#         138
  C:4D5CH         LINE#         139
  C:4D7EH         LINE#         140
  -------         ENDPROC       RF_GET_CH_NO
  -------         PROC          RF_SET_CH
  -------         DO            
  X:81A6H         SYMBOL        ch_no
  -------         ENDDO         
  C:4DE3H         LINE#         150
  C:4DE3H         LINE#         151
  C:4DE3H         LINE#         155
  C:4DE6H         LINE#         158
  C:4DE9H         LINE#         161
  C:4DF0H         LINE#         164
  C:4DFBH         LINE#         166
  C:4E00H         LINE#         167
  -------         ENDPROC       RF_SET_CH
  -------         PROC          _RF_GET_MAC
  X:8194H         SYMBOL        mac
  -------         DO            
  X:8197H         SYMBOL        snr
  -------         ENDDO         
BL51 BANKED LINKER/LOCATER V6.22                                                      11/08/2018  16:59:53  PAGE 28


  C:4B06H         LINE#         177
  C:4B11H         LINE#         178
  C:4B11H         LINE#         183
  C:4B1AH         LINE#         184
  -------         ENDPROC       _RF_GET_MAC
  -------         PROC          _RF_SET_MAC
  D:0001H         SYMBOL        mac
  C:180EH         LINE#         195
  C:180EH         LINE#         196
  C:180EH         LINE#         197
  -------         ENDPROC       _RF_SET_MAC
  -------         PROC          RF_INIT
  -------         DO            
  X:8181H         SYMBOL        i
  -------         ENDDO         
  C:4645H         LINE#         207
  C:4645H         LINE#         208
  C:4645H         LINE#         213
  C:4648H         LINE#         218
  C:4651H         LINE#         219
  C:4666H         LINE#         222
  C:466BH         LINE#         223
  C:466BH         LINE#         224
  C:4670H         LINE#         225
  C:4670H         LINE#         229
  C:4673H         LINE#         230
  C:4676H         LINE#         232
  C:4678H         LINE#         233
  C:4678H         LINE#         235
  C:467DH         LINE#         236
  C:4689H         LINE#         241
  C:468AH         LINE#         242
  -------         ENDPROC       RF_INIT
  -------         PROC          _RF_TRANSCEIVER
  X:8199H         SYMBOL        rf_dir
  X:819AH         SYMBOL        t_out
  X:819BH         SYMBOL        tx_src
  X:819EH         SYMBOL        tx_len
  X:819FH         SYMBOL        rx_dst
  X:81A2H         SYMBOL        dst_len
  X:81A3H         SYMBOL        rx_len
  -------         DO            
  B:0020H.5       SYMBOL        flag
  -------         ENDDO         
  C:3DD8H         LINE#         252
  C:3DE9H         LINE#         257
  C:3DE9H         LINE#         258
  C:3DEBH         LINE#         261
  C:3DEEH         LINE#         263
  C:3DEEH         LINE#         264
  C:3DEEH         LINE#         265
  C:3E4EH         LINE#         286
  C:3E51H         LINE#         287
  C:3E51H         LINE#         288
  C:3E51H         LINE#         289
  C:3E51H         LINE#         292
  C:3E56H         LINE#         293
BL51 BANKED LINKER/LOCATER V6.22                                                      11/08/2018  16:59:53  PAGE 29


  C:3E56H         LINE#         294
  C:3E56H         LINE#         295
  C:3E56H         LINE#         298
  C:3E59H         LINE#         300
  C:3E5CH         LINE#         301
  C:3E5EH         LINE#         304
  C:3E61H         LINE#         306
  C:3E63H         LINE#         307
  -------         ENDPROC       _RF_TRANSCEIVER
  -------         ENDMOD        RF

  -------         MODULE        INTERRUPT
  C:0000H         SYMBOL        _ICE_DUMMY_
  D:0080H         PUBLIC        P0
  D:0090H         PUBLIC        P1
  D:00A0H         PUBLIC        P2
  D:00B0H         PUBLIC        P3
  D:00F8H         PUBLIC        P4
  C:4D7FH         PUBLIC        WDT_Handler
  C:1811H         PUBLIC        PORT0_Handler
  C:1812H         PUBLIC        PORT1_Handler
  C:1819H         PUBLIC        PORT2_Handler
  C:181AH         PUBLIC        PORT3_Handler
  I:000FH         PUBLIC        delay_tick
  D:00B0H         PUBLIC        CMP0CON0
  D:00C0H         PUBLIC        CMP1CON0
  D:00C8H         PUBLIC        CMP2CON0
  D:00D8H         PUBLIC        CMP3CON0
  D:0088H         PUBLIC        UE0CON
  D:0090H         PUBLIC        UE1CON
  B:00D0H.1       PUBLIC        SFRB
  D:0098H         PUBLIC        UE2CON
  D:00A0H         PUBLIC        UE3CON
  D:00EBH         PUBLIC        UT0BUF
  D:00A8H         PUBLIC        IE0
  D:00F0H         PUBLIC        B
  D:00E0H         PUBLIC        ACC
  D:0084H         PUBLIC        WDTCON
  C:40F2H         PUBLIC        TIMER0_Handler
  D:0085H         PUBLIC        WDTCNT
  C:4F96H         PUBLIC        TIMER1_Handler
  D:0088H         PUBLIC        PG0CON0
  D:00D8H         PUBLIC        ADCCON0
  D:0098H         PUBLIC        PG1CON0
  D:00C0H         PUBLIC        PG2CON0
  D:00C8H         PUBLIC        PG3CON0
  D:00E8H         PUBLIC        PG4CON0
  D:00F8H         PUBLIC        PG5CON0
  C:4CC0H         PUBLIC        UART_Handler
  D:00E1H         PUBLIC        T0CON
  D:00F1H         PUBLIC        T1CON
  C:1821H         PUBLIC        ADC_Handler
  D:00E8H         PUBLIC        UT0CON0
  B:00E8H.5       PUBLIC        UT0RF
  D:0080H         PUBLIC        UBCON
  D:00D0H         PUBLIC        PSW
  -------         PROC          PORT0_HANDLER
BL51 BANKED LINKER/LOCATER V6.22                                                      11/08/2018  16:59:53  PAGE 30


  C:1811H         LINE#         11
  C:1811H         LINE#         14
  -------         ENDPROC       PORT0_HANDLER
  -------         PROC          PORT1_HANDLER
  C:1812H         LINE#         24
  C:1812H         LINE#         27
  -------         ENDPROC       PORT1_HANDLER
  -------         PROC          PORT2_HANDLER
  C:1819H         LINE#         37
  C:1819H         LINE#         40
  -------         ENDPROC       PORT2_HANDLER
  -------         PROC          PORT3_HANDLER
  C:181AH         LINE#         49
  C:181AH         LINE#         52
  -------         ENDPROC       PORT3_HANDLER
  -------         PROC          TIMER0_HANDLER
  -------         DO            
  B:0020H.0       SYMBOL        sfrb_bak
  -------         ENDDO         
  C:40F2H         LINE#         62
  C:410FH         LINE#         64
  C:4113H         LINE#         67
  C:4115H         LINE#         68
  C:4118H         LINE#         74
  C:411BH         LINE#         111
  C:4129H         LINE#         113
  C:4133H         LINE#         114
  C:4133H         LINE#         115
  C:4141H         LINE#         116
  C:4141H         LINE#         117
  C:4141H         LINE#         119
  C:4141H         LINE#         120
  C:4141H         LINE#         121
  C:4144H         LINE#         125
  C:4148H         LINE#         126
  -------         ENDPROC       TIMER0_HANDLER
  -------         PROC          TIMER1_HANDLER
  -------         DO            
  B:0020H.1       SYMBOL        sfrb_bak
  -------         ENDDO         
  C:4F96H         LINE#         135
  C:4F98H         LINE#         137
  C:4F9CH         LINE#         140
  C:4F9EH         LINE#         141
  C:4FA1H         LINE#         142
  C:4FA3H         LINE#         146
  C:4FA7H         LINE#         147
  -------         ENDPROC       TIMER1_HANDLER
  -------         PROC          WDT_HANDLER
  -------         DO            
  B:0020H.2       SYMBOL        sfrb_bak
  -------         ENDDO         
  C:4D7FH         LINE#         156
  C:4D83H         LINE#         158
  C:4D87H         LINE#         161
  C:4D89H         LINE#         162
  C:4D8EH         LINE#         163
BL51 BANKED LINKER/LOCATER V6.22                                                      11/08/2018  16:59:53  PAGE 31


  C:4D8EH         LINE#         165
  C:4D91H         LINE#         168
  C:4D94H         LINE#         171
  C:4D97H         LINE#         172
  C:4D97H         LINE#         173
  C:4D99H         LINE#         177
  C:4D9DH         LINE#         178
  -------         ENDPROC       WDT_HANDLER
  -------         PROC          ADC_HANDLER
  C:1821H         LINE#         187
  C:1821H         LINE#         190
  -------         ENDPROC       ADC_HANDLER
  -------         PROC          UART_HANDLER
  -------         DO            
  X:8180H         SYMBOL        buf
  B:0020H.3       SYMBOL        sfrb_bak
  -------         ENDDO         
  C:4CC0H         LINE#         199
  C:4CC8H         LINE#         203
  C:4CCCH         LINE#         206
  C:4CCEH         LINE#         207
  C:4CD1H         LINE#         208
  C:4CD1H         LINE#         209
  C:4CD3H         LINE#         210
  C:4CD9H         LINE#         215
  C:4CD9H         LINE#         216
  C:4CDBH         LINE#         220
  C:4CDFH         LINE#         221
  -------         ENDPROC       UART_HANDLER
  -------         ENDMOD        INTERRUPT

  -------         MODULE        ASCII2HID
  C:0000H         SYMBOL        _ICE_DUMMY_
  C:1B92H         PUBLIC        lang_Spain
  C:1E92H         PUBLIC        lang_Italy
  C:1F52H         PUBLIC        lang_UK
  C:1A12H         PUBLIC        lang_TurkeyF
  C:1D12H         PUBLIC        lang_France
  C:1C52H         PUBLIC        lang_Portugal
  C:1DD2H         PUBLIC        lang_Germany
  C:2192H         PUBLIC        lang_ptr
  C:1AD2H         PUBLIC        lang_TurkeyQ
  C:188EH         PUBLIC        lang_USA
  C:20D2H         PUBLIC        lang_Japan
  C:2012H         PUBLIC        lang_Czech
  -------         ENDMOD        ASCII2HID

  -------         MODULE        XN297L
  C:0000H         SYMBOL        _ICE_DUMMY_
  D:0080H         PUBLIC        P0
  C:45FDH         SYMBOL        _xn297l_read_bytes
  D:0090H         PUBLIC        P1
  D:00A0H         PUBLIC        P2
  D:00B0H         PUBLIC        P3
  D:00F8H         PUBLIC        P4
  C:4E73H         SYMBOL        xn297l_chip_reset
  C:5184H         PUBLIC        xn297l_goto_wakeup
BL51 BANKED LINKER/LOCATER V6.22                                                      11/08/2018  16:59:53  PAGE 32


  C:5162H         SYMBOL        _xn297l_clear_irq_flag
  C:3865H         PUBLIC        xn297l_init
  C:513BH         PUBLIC        xn297l_goto_sleep
  C:468BH         SYMBOL        _xn297l_write_bytes
  C:3961H         PUBLIC        _xn297l_transceive
  C:4B49H         SYMBOL        _xn297l_write_ack_fifo
  D:00B0H         PUBLIC        CMP0CON0
  D:00C0H         PUBLIC        CMP1CON0
  D:00C8H         PUBLIC        CMP2CON0
  D:00D8H         PUBLIC        CMP3CON0
  D:0088H         PUBLIC        UE0CON
  D:0090H         PUBLIC        UE1CON
  B:00D0H.1       PUBLIC        SFRB
  D:0098H         PUBLIC        UE2CON
  C:4FF7H         SYMBOL        _xn297l_write_pld_fifo
  D:00A0H         PUBLIC        UE3CON
  C:51ABH         PUBLIC        xn297l_clear_rx_fifo
  C:51A4H         PUBLIC        xn297l_clear_tx_fifo
  B:00F8H.3       PUBLIC        P43
  B:00B0H.4       PUBLIC        P34
  C:4BC0H         PUBLIC        _xn297l_set_mac
  C:4441H         PUBLIC        xn297l_init_seq
  C:4C18H         PUBLIC        _xn297l_read_1byte
  D:00A8H         PUBLIC        IE0
  D:00F0H         PUBLIC        B
  C:4FD1H         SYMBOL        xn297l_get_irq_flag
  C:3EF0H         PUBLIC        _RF_Carrier
  D:00E0H         PUBLIC        ACC
  C:4EC3H         SYMBOL        _xn297l_write_1byte
  C:5194H         SYMBOL        xn297l_rx_start
  C:518CH         SYMBOL        xn297l_tx_start
  D:0088H         PUBLIC        PG0CON0
  D:00D8H         PUBLIC        ADCCON0
  D:0098H         PUBLIC        PG1CON0
  D:00C0H         PUBLIC        PG2CON0
  D:00C8H         PUBLIC        PG3CON0
  D:00E8H         PUBLIC        PG4CON0
  C:5009H         SYMBOL        xn297l_goto_rx
  C:51B9H         PUBLIC        xn297l_set_ce_0
  D:00F8H         PUBLIC        PG5CON0
  C:51B2H         PUBLIC        xn297l_set_ce_1
  C:4F3EH         SYMBOL        xn297l_goto_tx
  C:5159H         PUBLIC        _xn297l_set_channel
  D:00E8H         PUBLIC        UT0CON0
  C:5127H         PUBLIC        xn297l_goto_stb1
  C:5131H         PUBLIC        xn297l_goto_stb3
  I:0008H         PUBLIC        xn297l
  D:0080H         PUBLIC        UBCON
  D:00D0H         PUBLIC        PSW
  C:4504H         SYMBOL        _xn297l_fifo_read
  -------         PROC          _XN297L_WRITE_1BYTE
  D:0007H         SYMBOL        reg_addr
  X:81B5H         SYMBOL        reg_dat
  C:4EC3H         LINE#         72
  C:4EC8H         LINE#         73
  C:4EC8H         LINE#         74
  C:4ECAH         LINE#         75
BL51 BANKED LINKER/LOCATER V6.22                                                      11/08/2018  16:59:53  PAGE 33


  C:4ECCH         LINE#         78
  C:4ECFH         LINE#         79
  C:4ED7H         LINE#         81
  C:4ED9H         LINE#         82
  C:4EDBH         LINE#         84
  -------         ENDPROC       _XN297L_WRITE_1BYTE
  -------         PROC          _XN297L_WRITE_BYTES
  D:0007H         SYMBOL        reg_addr
  X:81BBH         SYMBOL        reg_dat
  X:81BEH         SYMBOL        dat_len
  -------         DO            
  X:81BFH         SYMBOL        i
  -------         ENDDO         
  C:468BH         LINE#         94
  C:4696H         LINE#         95
  C:4696H         LINE#         98
  C:4698H         LINE#         99
  C:469AH         LINE#         102
  C:469DH         LINE#         104
  C:46ADH         LINE#         105
  C:46ADH         LINE#         106
[...]
  C:3D09H         LINE#         127
  C:3D0EH         LINE#         128
  C:3D0EH         LINE#         129
  C:3D0EH         LINE#         131
  C:3D11H         LINE#         134
  C:3D17H         LINE#         135
  C:3D1BH         LINE#         137
  C:3D20H         LINE#         139
  C:3D23H         LINE#         140
  C:3D26H         LINE#         142
  C:3D2BH         LINE#         143
  C:3D2BH         LINE#         144
  C:3D2BH         LINE#         146
  C:3D2EH         LINE#         148
  C:3D35H         LINE#         149
  C:3D4AH         LINE#         150
  -------         ENDPROC       _FLASH_WRITE
  -------         ENDMOD        DRV_FLASH

  -------         MODULE        DRV_WATCHDOG
  C:0000H         SYMBOL        _ICE_DUMMY_
  D:0080H         PUBLIC        P0
  D:0090H         PUBLIC        P1
  D:00A0H         PUBLIC        P2
  D:00B0H         PUBLIC        P3
  D:00F8H         PUBLIC        P4
  D:0086H         PUBLIC        WDTPR
  D:00B0H         PUBLIC        CMP0CON0
  D:00C0H         PUBLIC        CMP1CON0
  D:00C8H         PUBLIC        CMP2CON0
  D:00D8H         PUBLIC        CMP3CON0
  D:0088H         PUBLIC        UE0CON
  C:502CH         PUBLIC        Watchdog_feed
  D:0090H         PUBLIC        UE1CON
  B:00D0H.1       PUBLIC        SFRB
  D:0098H         PUBLIC        UE2CON
  D:00A0H         PUBLIC        UE3CON
  D:00A8H         PUBLIC        IE0
  D:00F0H         PUBLIC        B
  D:00E0H         PUBLIC        ACC
  D:0084H         PUBLIC        WDTCON
  D:0085H         PUBLIC        WDTCNT
  D:0088H         PUBLIC        PG0CON0
  D:00D8H         PUBLIC        ADCCON0
  D:0098H         PUBLIC        PG1CON0
  D:00C0H         PUBLIC        PG2CON0
  D:00C8H         PUBLIC        PG3CON0
  D:00E8H         PUBLIC        PG4CON0
  D:00F8H         PUBLIC        PG5CON0
  D:00E8H         PUBLIC        UT0CON0
  C:4EA9H         PUBLIC        _watchdog_init
  D:0080H         PUBLIC        UBCON
  D:00D0H         PUBLIC        PSW
  -------         PROC          _WATCHDOG_INIT
  D:0007H         SYMBOL        t
BL51 BANKED LINKER/LOCATER V6.22                                                      11/08/2018  16:59:53  PAGE 70


  C:4EA9H         LINE#         11
  C:4EA9H         LINE#         12
  C:4EA9H         LINE#         14
  C:4EABH         LINE#         17
  C:4EAEH         LINE#         19
  C:4EB1H         LINE#         22
  C:4EB4H         LINE#         24
  C:4EBCH         LINE#         32
  C:4EBFH         LINE#         34
  C:4EC2H         LINE#         35
  -------         ENDPROC       _WATCHDOG_INIT
  -------         PROC          WATCHDOG_FEED
  -------         DO            
  B:0020H.6       SYMBOL        sfrb_bak
  -------         ENDDO         
  C:502CH         LINE#         45
  C:502CH         LINE#         46
  C:502CH         LINE#         47
  C:5030H         LINE#         50
  C:5032H         LINE#         53
  C:5035H         LINE#         56
  C:5038H         LINE#         58
  C:503CH         LINE#         59
  -------         ENDPROC       WATCHDOG_FEED
  -------         ENDMOD        DRV_WATCHDOG

  -------         MODULE        DRV_SPI_SIMULATE
  C:0000H         SYMBOL        _ICE_DUMMY_
  D:0080H         PUBLIC        P0
  D:0090H         PUBLIC        P1
  D:00A0H         PUBLIC        P2
  D:00B0H         PUBLIC        P3
  D:00F8H         PUBLIC        P4
  D:00FAH         PUBLIC        P4IE
  D:00B1H         PUBLIC        P3OE
  D:00F9H         PUBLIC        P4OE
  C:49CCH         PUBLIC        _spi_send_1byte
  D:00B0H         PUBLIC        CMP0CON0
  D:00C0H         PUBLIC        CMP1CON0
  D:00C8H         PUBLIC        CMP2CON0
  D:00D8H         PUBLIC        CMP3CON0
  D:0088H         PUBLIC        UE0CON
  D:0090H         PUBLIC        UE1CON
  B:00D0H.1       PUBLIC        SFRB
  D:0098H         PUBLIC        UE2CON
  D:00A0H         PUBLIC        UE3CON
  B:00B0H.4       PUBLIC        P34
  B:00F8H.4       PUBLIC        P44
  B:00B0H.5       PUBLIC        P35
  B:00F8H.5       PUBLIC        P45
  D:00A8H         PUBLIC        IE0
  D:00F0H         PUBLIC        B
  D:00E0H         PUBLIC        ACC
  D:0088H         PUBLIC        PG0CON0
  D:00D8H         PUBLIC        ADCCON0
  D:0098H         PUBLIC        PG1CON0
  D:00C0H         PUBLIC        PG2CON0
BL51 BANKED LINKER/LOCATER V6.22                                                      11/08/2018  16:59:53  PAGE 71


  D:00C8H         PUBLIC        PG3CON0
  D:00E8H         PUBLIC        PG4CON0
  D:00F8H         PUBLIC        PG5CON0
  C:4F81H         PUBLIC        spi_init
  D:00E8H         PUBLIC        UT0CON0
  D:0080H         PUBLIC        UBCON
  D:00D0H         PUBLIC        PSW
  -------         PROC          SPI_INIT
  C:4F81H         LINE#         11
  C:4F81H         LINE#         12
  C:4F81H         LINE#         14
  C:4F83H         LINE#         16
  C:4F86H         LINE#         17
  C:4F88H         LINE#         18
  C:4F8BH         LINE#         19
  C:4F8DH         LINE#         22
  C:4F8FH         LINE#         23
  C:4F92H         LINE#         24
  C:4F95H         LINE#         25
  -------         ENDPROC       SPI_INIT
  -------         PROC          _SPI_SEND_1BYTE
  D:0007H         SYMBOL        byte
  -------         DO            
  D:0005H         SYMBOL        i
  D:0006H         SYMBOL        dat
  -------         ENDDO         
  C:49CCH         LINE#         34
  C:49CCH         LINE#         35
  C:49CCH         LINE#         38
  C:49CEH         LINE#         39
  C:49CEH         LINE#         40
  C:49D0H         LINE#         41
  C:49D4H         LINE#         42
  C:49D8H         LINE#         44
  C:49DAH         LINE#         45
  C:49DEH         LINE#         47
  C:49E0H         LINE#         49
  C:49E2H         LINE#         50
  C:49E4H         LINE#         52
  C:49E8H         LINE#         53
  C:49EAH         LINE#         54
  C:49EDH         LINE#         55
  C:49F2H         LINE#         57
  C:49F6H         LINE#         59
  C:49F8H         LINE#         61
  C:49FAH         LINE#         62
  C:49FCH         LINE#         63
  C:4A01H         LINE#         65
  C:4A03H         LINE#         66
  -------         ENDPROC       _SPI_SEND_1BYTE
  -------         ENDMOD        DRV_SPI_SIMULATE

  -------         MODULE        DELAY
  C:0000H         SYMBOL        _ICE_DUMMY_
  D:0080H         PUBLIC        P0
  D:0090H         PUBLIC        P1
  D:00A0H         PUBLIC        P2
BL51 BANKED LINKER/LOCATER V6.22                                                      11/08/2018  16:59:53  PAGE 72


  D:00B0H         PUBLIC        P3
  D:00F8H         PUBLIC        P4
  C:4EF5H         PUBLIC        _delay_1ms
  C:4F55H         PUBLIC        _delay_1us
  D:00B0H         PUBLIC        CMP0CON0
  D:00C0H         PUBLIC        CMP1CON0
  D:00C8H         PUBLIC        CMP2CON0
  D:00D8H         PUBLIC        CMP3CON0
  D:0088H         PUBLIC        UE0CON
  D:0090H         PUBLIC        UE1CON
  D:0098H         PUBLIC        UE2CON
  D:00A0H         PUBLIC        UE3CON
  D:00A8H         PUBLIC        IE0
  D:00F0H         PUBLIC        B
  D:00E0H         PUBLIC        ACC
  D:0088H         PUBLIC        PG0CON0
  D:00D8H         PUBLIC        ADCCON0
  D:0098H         PUBLIC        PG1CON0
  D:00C0H         PUBLIC        PG2CON0
  D:00C8H         PUBLIC        PG3CON0
  D:00E8H         PUBLIC        PG4CON0
  D:00F8H         PUBLIC        PG5CON0
  D:00E8H         PUBLIC        UT0CON0
  D:0080H         PUBLIC        UBCON
  D:00D0H         PUBLIC        PSW
  -------         PROC          _DELAY_1US
  D:0007H         SYMBOL        delay_t
  C:4F55H         LINE#         11
  C:4F55H         LINE#         12
  C:4F55H         LINE#         19
  C:4F55H         LINE#         20
  C:4F5BH         LINE#         21
  C:4F61H         LINE#         22
  C:4F67H         LINE#         23
  C:4F69H         LINE#         24
  C:4F6BH         LINE#         26
  -------         ENDPROC       _DELAY_1US
  -------         PROC          _DELAY_1MS
  D:0006H         SYMBOL        delay_t
  C:4EF5H         LINE#         36
  C:4EF7H         LINE#         37
  C:4EF7H         LINE#         38
  C:4EF7H         LINE#         39
  C:4EFCH         LINE#         40
  C:4F01H         LINE#         41
  C:4F06H         LINE#         47
  C:4F0BH         LINE#         49
  C:4F0DH         LINE#         50
  -------         ENDPROC       _DELAY_1MS
  -------         ENDMOD        DELAY

  -------         MODULE        INITIAL
  C:0000H         SYMBOL        _ICE_DUMMY_
  D:0080H         PUBLIC        P0
  D:0090H         PUBLIC        P1
  D:00A0H         PUBLIC        P2
  D:00B0H         PUBLIC        P3
BL51 BANKED LINKER/LOCATER V6.22                                                      11/08/2018  16:59:53  PAGE 73


  D:00F8H         PUBLIC        P4
  D:00DEH         PUBLIC        EFADR0
  D:00DFH         PUBLIC        EFADR1
  D:00B0H         PUBLIC        CMP0CON0
  D:00C0H         PUBLIC        CMP1CON0
  D:00C8H         PUBLIC        CMP2CON0
  D:00D8H         PUBLIC        CMP3CON0
  D:0088H         PUBLIC        UE0CON
  D:0090H         PUBLIC        UE1CON
  B:00D0H.1       PUBLIC        SFRB
  D:0098H         PUBLIC        UE2CON
  D:00A0H         PUBLIC        UE3CON
  D:00A8H         PUBLIC        IE0
  D:00F0H         PUBLIC        B
  D:00E0H         PUBLIC        ACC
  C:48A6H         PUBLIC        _RdSerialNum
  D:0088H         PUBLIC        PG0CON0
  D:00D8H         PUBLIC        ADCCON0
  D:0098H         PUBLIC        PG1CON0
  D:00C0H         PUBLIC        PG2CON0
  D:00C8H         PUBLIC        PG3CON0
  C:4B64H         PUBLIC        mcu_init
  D:00E8H         PUBLIC        PG4CON0
  D:00F8H         PUBLIC        PG5CON0
  D:00DDH         PUBLIC        EFBUF
  D:00E8H         PUBLIC        UT0CON0
  D:00DCH         PUBLIC        EFCON
  D:0080H         PUBLIC        UBCON
  D:00D0H         PUBLIC        PSW
  -------         PROC          MCU_INIT
  C:4B64H         LINE#         11
  C:4B64H         LINE#         12
  C:4B64H         LINE#         13
  C:4B67H         LINE#         15
  C:4B6AH         LINE#         16
  C:4B6FH         LINE#         18
  C:4B72H         LINE#         20
  C:4B77H         LINE#         24
  C:4B7CH         LINE#         27
  C:4B83H         LINE#         31
  C:4B86H         LINE#         38
  C:4B8FH         LINE#         44
  -------         ENDPROC       MCU_INIT
  -------         PROC          _RDSERIALNUM
  X:819FH         SYMBOL        szBuf
  -------         DO            
  D:0006H         SYMBOL        uIndex8
  D:0007H         SYMBOL        uAddr8
  -------         ENDDO         
  C:48A6H         LINE#         63
  C:48B1H         LINE#         64
  C:48B1H         LINE#         66
  C:48B3H         LINE#         68
  C:48B5H         LINE#         70
  C:48B7H         LINE#         71
  C:48B7H         LINE#         72
  C:48BAH         LINE#         73
BL51 BANKED LINKER/LOCATER V6.22                                                      11/08/2018  16:59:53  PAGE 74


  C:48BFH         LINE#         74
  C:48C2H         LINE#         75
  C:48C5H         LINE#         76
  C:48C5H         LINE#         77
  C:48C5H         LINE#         78
  C:48C5H         LINE#         79
  C:48DAH         LINE#         81
  C:48DDH         LINE#         82
  C:48E2H         LINE#         83
  -------         ENDPROC       _RDSERIALNUM
  -------         ENDMOD        INITIAL

  -------         MODULE        CHECKOUT
  C:0000H         SYMBOL        _ICE_DUMMY_
  D:0080H         PUBLIC        P0
  D:0090H         PUBLIC        P1
  D:00A0H         PUBLIC        P2
  D:00B0H         PUBLIC        P3
  D:00F8H         PUBLIC        P4
  C:3E64H         PUBLIC        _calc_crc16_ccitt
  C:4B92H         PUBLIC        _data_zero_check
  D:00B0H         PUBLIC        CMP0CON0
  D:00C0H         PUBLIC        CMP1CON0
  D:00C8H         PUBLIC        CMP2CON0
  D:00D8H         PUBLIC        CMP3CON0
  D:0088H         PUBLIC        UE0CON
  D:0090H         PUBLIC        UE1CON
  D:0098H         PUBLIC        UE2CON
  D:00A0H         PUBLIC        UE3CON
  C:5077H         PUBLIC        _data_xor_check
  D:00A8H         PUBLIC        IE0
  D:00F0H         PUBLIC        B
  D:00E0H         PUBLIC        ACC
  C:4BECH         PUBLIC        _calc_sum_value
  C:4A04H         PUBLIC        _calc_xor_value
  D:0088H         PUBLIC        PG0CON0
  D:00D8H         PUBLIC        ADCCON0
  D:0098H         PUBLIC        PG1CON0
  D:00C0H         PUBLIC        PG2CON0
  D:00C8H         PUBLIC        PG3CON0
  D:00E8H         PUBLIC        PG4CON0
  D:00F8H         PUBLIC        PG5CON0
  D:00E8H         PUBLIC        UT0CON0
  D:0080H         PUBLIC        UBCON
  D:00D0H         PUBLIC        PSW
  -------         PROC          _CALC_XOR_VALUE
  X:89F3H         SYMBOL        src
  X:89F6H         SYMBOL        len
  -------         DO            
  D:0007H         SYMBOL        i
  D:0006H         SYMBOL        tmp
  -------         ENDDO         
  C:4A04H         LINE#         11
  C:4A12H         LINE#         12
  C:4A12H         LINE#         15
  C:4A1FH         LINE#         16
  C:4A1FH         LINE#         17
BL51 BANKED LINKER/LOCATER V6.22                                                      11/08/2018  16:59:53  PAGE 75


  C:4A34H         LINE#         18
  C:4A37H         LINE#         20
  C:4A39H         LINE#         21
  -------         ENDPROC       _CALC_XOR_VALUE
  -------         PROC          _DATA_XOR_CHECK
  D:0001H         SYMBOL        src
  D:0005H         SYMBOL        len
  X:89F2H         SYMBOL        xor
  -------         DO            
  D:0007H         SYMBOL        tmp
  -------         ENDDO         
  C:5077H         LINE#         31
  C:5077H         LINE#         32
  C:5077H         LINE#         35
  C:507AH         LINE#         37
  C:5081H         LINE#         38
  C:5081H         LINE#         39
  C:5083H         LINE#         40
  C:5083H         LINE#         42
  C:5084H         LINE#         43
  -------         ENDPROC       _DATA_XOR_CHECK
  -------         PROC          _DATA_ZERO_CHECK
  X:89F7H         SYMBOL        src
  D:0005H         SYMBOL        len
  -------         DO            
  D:0007H         SYMBOL        i
  -------         ENDDO         
  C:4B92H         LINE#         53
  C:4B9DH         LINE#         54
  C:4B9DH         LINE#         57
  C:4BA4H         LINE#         58
  C:4BA4H         LINE#         59
  C:4BB9H         LINE#         60
  C:4BB9H         LINE#         61
  C:4BBBH         LINE#         62
  C:4BBBH         LINE#         63
  C:4BBEH         LINE#         65
  C:4BBFH         LINE#         66
  -------         ENDPROC       _DATA_ZERO_CHECK
  -------         PROC          _CALC_SUM_VALUE
  X:89FAH         SYMBOL        src
  D:0005H         SYMBOL        len
  -------         DO            
  D:0006H         SYMBOL        i
  D:0007H         SYMBOL        sum
  -------         ENDDO         
  C:4BECH         LINE#         75
  C:4BF7H         LINE#         76
  C:4BF7H         LINE#         78
  C:4BF9H         LINE#         80
  C:4BFFH         LINE#         81
  C:4BFFH         LINE#         82
  C:4C14H         LINE#         83
  C:4C17H         LINE#         85
  C:4C17H         LINE#         86
  -------         ENDPROC       _CALC_SUM_VALUE
  -------         PROC          _CALC_CRC16_CCITT
BL51 BANKED LINKER/LOCATER V6.22                                                      11/08/2018  16:59:53  PAGE 76


  X:81F6H         SYMBOL        pdat
  X:81F9H         SYMBOL        len
  -------         DO            
  X:81FAH         SYMBOL        i
  D:0005H         SYMBOL        j
  X:81FBH         SYMBOL        crc_reg
  D:0006H         SYMBOL        crc_cur
  -------         ENDDO         
  C:3E64H         LINE#         97
  C:3E72H         LINE#         98
  C:3E72H         LINE#         100
  C:3E7AH         LINE#         103
  C:3E8BH         LINE#         104
  C:3E8BH         LINE#         105
  C:3E9EH         LINE#         106
  C:3E9FH         LINE#         107
  C:3EA8H         LINE#         108
  C:3EAAH         LINE#         109
  C:3EAAH         LINE#         110
  C:3EB6H         LINE#         111
  C:3ECDH         LINE#         113
  C:3EDAH         LINE#         114
  C:3EDFH         LINE#         116
  C:3EE7H         LINE#         118
  C:3EEFH         LINE#         119
  -------         ENDPROC       _CALC_CRC16_CCITT
  -------         ENDMOD        CHECKOUT

  -------         MODULE        IT_CONFIG
  C:0000H         SYMBOL        _ICE_DUMMY_
  D:0080H         PUBLIC        P0
  D:0090H         PUBLIC        P1
  D:00A0H         PUBLIC        P2
  D:00B0H         PUBLIC        P3
  D:00F8H         PUBLIC        P4
  D:00B0H         PUBLIC        CMP0CON0
  D:00C0H         PUBLIC        CMP1CON0
  D:00C8H         PUBLIC        CMP2CON0
  D:00D8H         PUBLIC        CMP3CON0
  D:0088H         PUBLIC        UE0CON
  D:0090H         PUBLIC        UE1CON
  B:00D0H.1       PUBLIC        SFRB
  D:0098H         PUBLIC        UE2CON
  D:00A0H         PUBLIC        UE3CON
  C:5085H         PUBLIC        it_config
  D:00A8H         PUBLIC        IE0
  D:00A9H         PUBLIC        IE1
  D:00AAH         PUBLIC        IE2
  D:00F0H         PUBLIC        B
  D:00ABH         PUBLIC        IE3
  D:00E0H         PUBLIC        ACC
  D:0088H         PUBLIC        PG0CON0
  D:00D8H         PUBLIC        ADCCON0
  D:0098H         PUBLIC        PG1CON0
  D:00C0H         PUBLIC        PG2CON0
  D:00C8H         PUBLIC        PG3CON0
  D:00E8H         PUBLIC        PG4CON0
BL51 BANKED LINKER/LOCATER V6.22                                                      11/08/2018  16:59:53  PAGE 77


  D:00F8H         PUBLIC        PG5CON0
  D:00E8H         PUBLIC        UT0CON0
  D:0080H         PUBLIC        UBCON
  D:00D0H         PUBLIC        PSW
  -------         PROC          IT_CONFIG
  C:5085H         LINE#         11
  C:5085H         LINE#         12
  C:5085H         LINE#         13
  C:5087H         LINE#         15
  C:508AH         LINE#         24
  C:508DH         LINE#         33
  C:5090H         LINE#         42
  C:5092H         LINE#         50
  -------         ENDPROC       IT_CONFIG
  -------         ENDMOD        IT_CONFIG

  -------         MODULE        ?C?COPY
  C:2C1FH         PUBLIC        ?C?COPY
  -------         ENDMOD        ?C?COPY

  -------         MODULE        ?C?CLDPTR
  C:2C45H         PUBLIC        ?C?CLDPTR
  -------         ENDMOD        ?C?CLDPTR

  -------         MODULE        ?C?CLDOPTR
  C:2C5EH         PUBLIC        ?C?CLDOPTR
  -------         ENDMOD        ?C?CLDOPTR

  -------         MODULE        ?C?CSTPTR
  C:2C8BH         PUBLIC        ?C?CSTPTR
  -------         ENDMOD        ?C?CSTPTR

  -------         MODULE        ?C?CSTOPTR
  C:2C9DH         PUBLIC        ?C?CSTOPTR
  -------         ENDMOD        ?C?CSTOPTR

  -------         MODULE        ?C?UIDIV
  C:2CBFH         PUBLIC        ?C?UIDIV
  -------         ENDMOD        ?C?UIDIV

  -------         MODULE        ?C?IILDX
  C:2D14H         PUBLIC        ?C?IILDX
  -------         ENDMOD        ?C?IILDX

  -------         MODULE        ?C?ILDIX
  C:2D2AH         PUBLIC        ?C?ILDIX
  -------         ENDMOD        ?C?ILDIX

  -------         MODULE        ?C?CCASE
  C:2D40H         PUBLIC        ?C?CCASE
  -------         ENDMOD        ?C?CCASE

  -------         MODULE        ?C?LIMUL
  C:2D66H         PUBLIC        ?C?LIMUL
  -------         ENDMOD        ?C?LIMUL

  -------         MODULE        ?C?MEMSET
BL51 BANKED LINKER/LOCATER V6.22                                                      11/08/2018  16:59:53  PAGE 78


  C:2D93H         PUBLIC        ?C?MEMSET
  -------         ENDMOD        ?C?MEMSET

Program Size: data=90.2 xdata=2560 code=14790
LINK/LOCATE RUN COMPLETE.  0 WARNING(S),  0 ERROR(S)
