BL51 BANKED LINKER/LOCATER V6.22                                                        11/07/2018  17:13:07  PAGE 1


BL51 BANKED LINKER/LOCATER V6.22, INVOKED BY:
D:\KEIL_V511\C51\BIN\BL51.EXE .\obj\main.obj, .\obj\uart2usb.obj, .\obj\usb_app.obj, .\obj\rf.obj, .\obj\interrupt.obj, 
>> .\obj\ascii2hid.obj, .\code\XN297L.LIB, .\obj\STARTUP.obj, .\code\USB.LIB, .\obj\usb_descript.obj, .\obj\drv_clock.ob
>> j, .\obj\drv_gpio.obj, .\obj\drv_timer.obj, .\obj\drv_uart.obj, .\obj\drv_serial.obj, .\obj\drv_flash.obj, .\obj\drv_
>> watchdog.obj, .\obj\drv_spi_simulate.obj, .\obj\delay.obj, .\obj\initial.obj, .\obj\checkout.obj, .\obj\it_config.obj
>>  TO .\obj\CV8F5025_XN297L PRINT (.\obj\CV8F5025_XN297L.m51) RAMSIZE (256) DISABLEWARNING (15, 16) CODE (0X1800-0X7FFF
>> ) XDATA (0X8000-0X8FFF)


MEMORY MODEL: LARGE


INPUT MODULES INCLUDED:
  .\obj\main.obj (MAIN)
  .\obj\uart2usb.obj (UART2USB)
  .\obj\usb_app.obj (USB_APP)
  .\obj\rf.obj (RF)
  .\obj\interrupt.obj (INTERRUPT)
  .\obj\ascii2hid.obj (ASCII2HID)
  .\code\XN297L.LIB (XN297L)
  .\obj\STARTUP.obj (?C_STARTUP)
  .\code\USB.LIB (USB)
  .\obj\usb_descript.obj (USB_DESCRIPT)
  .\obj\drv_clock.obj (DRV_CLOCK)
  .\obj\drv_gpio.obj (DRV_GPIO)
  .\obj\drv_timer.obj (DRV_TIMER)
  .\obj\drv_uart.obj (DRV_UART)
  .\obj\drv_serial.obj (DRV_SERIAL)
  .\obj\drv_flash.obj (DRV_FLASH)
  .\obj\drv_watchdog.obj (DRV_WATCHDOG)
  .\obj\drv_spi_simulate.obj (DRV_SPI_SIMULATE)
  .\obj\delay.obj (DELAY)
  .\obj\initial.obj (INITIAL)
  .\obj\checkout.obj (CHECKOUT)
  .\obj\it_config.obj (IT_CONFIG)
  D:\KEIL_V511\C51\LIB\C51L.LIB (?C_INIT)
  D:\KEIL_V511\C51\LIB\C51L.LIB (?C?COPY)
  D:\KEIL_V511\C51\LIB\C51L.LIB (?C?CLDPTR)
  D:\KEIL_V511\C51\LIB\C51L.LIB (?C?CLDOPTR)
  D:\KEIL_V511\C51\LIB\C51L.LIB (?C?CSTPTR)
  D:\KEIL_V511\C51\LIB\C51L.LIB (?C?CSTOPTR)
  D:\KEIL_V511\C51\LIB\C51L.LIB (?C?UIDIV)
  D:\KEIL_V511\C51\LIB\C51L.LIB (?C?IILDX)
  D:\KEIL_V511\C51\LIB\C51L.LIB (?C?ILDIX)
  D:\KEIL_V511\C51\LIB\C51L.LIB (?C?CCASE)
  D:\KEIL_V511\C51\LIB\C51L.LIB (?C?LIMUL)
  D:\KEIL_V511\C51\LIB\C51L.LIB (?C?MEMSET)


LINK MAP OF MODULE:  .\obj\CV8F5025_XN297L (MAIN)


            TYPE    BASE      LENGTH    RELOCATION   SEGMENT NAME
            -----------------------------------------------------

            * * * * * * *   D A T A   M E M O R Y   * * * * * * *
            REG     0000H     0008H     ABSOLUTE     "REG BANK 0"
            IDATA   0008H     0007H     UNIT         ?ID?XN297L
BL51 BANKED LINKER/LOCATER V6.22                                                      11/07/2018  17:13:07  PAGE 2


            IDATA   000FH     0001H     UNIT         ?ID?INTERRUPT
                    0010H     0010H                  *** GAP ***
            BIT     0020H.0   0001H.0   UNIT         _BIT_GROUP_
            BIT     0021H.0   0000H.1   UNIT         ?BI?DRV_GPIO
            BIT     0021H.1   0000H.1   UNIT         ?BI?_UART0_SEND_BYTE?DRV_UART
                    0021H.2   00F0H.6                *** GAP ***
            IDATA   0060H     0040H     ABSOLUTE     
            IDATA   00A0H     0008H     ABSOLUTE     
            IDATA   00A8H     0001H     UNIT         ?STACK

            * * * * * * *  X D A T A   M E M O R Y  * * * * * * *
                    0000H     8000H                  *** GAP ***
            XDATA   8000H     0040H     ABSOLUTE     
            XDATA   8040H     0040H     ABSOLUTE     
            XDATA   8080H     0040H     ABSOLUTE     
            XDATA   80C0H     0040H     ABSOLUTE     
            XDATA   8100H     0040H     ABSOLUTE     
            XDATA   8140H     0040H     ABSOLUTE     
            XDATA   8180H     004CH     UNIT         _XDATA_GROUP_
            XDATA   81CCH     000FH     UNIT         ?XD?_USB_DATA_PROC?UART2USB
            XDATA   81DBH     000CH     UNIT         ?XD?USB
            XDATA   81E7H     0009H     UNIT         ?XD?_FLASH_READ?DRV_FLASH
            XDATA   81F0H     0007H     UNIT         ?XD?_FLASH_PAGEWRITE?DRV_FLASH
            XDATA   81F7H     0007H     UNIT         ?XD?_CALC_CRC16_CCITT?CHECKOUT
            XDATA   81FEH     0002H     UNIT         ?XD?_ISCMDPKT?UART2USB
            XDATA   8200H     0105H     ABSOLUTE     
            XDATA   8305H     065EH     UNIT         ?XD?UART2USB
            XDATA   8963H     0046H     UNIT         ?XD?USB_APP
            XDATA   89A9H     0040H     UNIT         ?XD?MAIN
            XDATA   89E9H     0005H     UNIT         ?XD?_UART0_TX_DATAS?DRV_UART
            XDATA   89EEH     0005H     UNIT         ?XD?_DATA_XOR_CHECK?CHECKOUT
            XDATA   89F3H     0004H     UNIT         ?XD?_CALC_XOR_VALUE?CHECKOUT
            XDATA   89F7H     0003H     UNIT         ?XD?_EP2_SEND?USB
            XDATA   89FAH     0003H     UNIT         ?XD?_DATA_ZERO_CHECK?CHECKOUT
            XDATA   89FDH     0003H     UNIT         ?XD?_CALC_SUM_VALUE?CHECKOUT
            XDATA   8A00H     0002H     UNIT         ?XD?DRV_GPIO
            XDATA   8A02H     0001H     UNIT         ?XD?_RF_CARRIER?XN297L

            * * * * * * *   C O D E   M E M O R Y   * * * * * * *
                    0000H     1800H                  *** GAP ***
            CODE    1800H     0003H     ABSOLUTE     
            CODE    1803H     0003H     ABSOLUTE     
            CODE    1806H     0005H     UNIT         ?PR?_RF_SET_PIPE?RF
            CODE    180BH     0003H     ABSOLUTE     
            CODE    180EH     0003H     UNIT         ?PR?_RF_SET_MAC?RF
            CODE    1811H     0001H     UNIT         ?PR?PORT0_HANDLER?INTERRUPT
            CODE    1812H     0001H     UNIT         ?PR?PORT1_HANDLER?INTERRUPT
            CODE    1813H     0003H     ABSOLUTE     
            CODE    1816H     0003H     UNIT         ?PR?EP3_OUT_DATA?USB
            CODE    1819H     0001H     UNIT         ?PR?PORT2_HANDLER?INTERRUPT
            CODE    181AH     0001H     UNIT         ?PR?PORT3_HANDLER?INTERRUPT
            CODE    181BH     0003H     ABSOLUTE     
            CODE    181EH     0003H     UNIT         ?PR?SETDESCRIPTOR?USB
            CODE    1821H     0001H     UNIT         ?PR?ADC_HANDLER?INTERRUPT
                    1822H     0001H                  *** GAP ***
            CODE    1823H     0003H     ABSOLUTE     
            CODE    1826H     0003H     UNIT         ?PR?CLASSGETREPORT?USB
BL51 BANKED LINKER/LOCATER V6.22                                                      11/07/2018  17:13:07  PAGE 3


                    1829H     0002H                  *** GAP ***
            CODE    182BH     0003H     ABSOLUTE     
            CODE    182EH     001DH     UNIT         ?PR?BEEP_TASK?DRV_GPIO
            CODE    184BH     0003H     ABSOLUTE     
                    184EH     0005H                  *** GAP ***
            CODE    1853H     0003H     ABSOLUTE     
                    1856H     0005H                  *** GAP ***
            CODE    185BH     0003H     ABSOLUTE     
            CODE    185EH     002DH     UNIT         ?PR?IO_INIT?DRV_GPIO
            CODE    188BH     0003H     ABSOLUTE     
            CODE    188EH     0922H     UNIT         ?CO?ASCII2HID
            CODE    21B0H     0723H     UNIT         ?C_INITSEG
            CODE    28D3H     0270H     UNIT         ?C?LIB_CODE
            CODE    2B43H     0250H     UNIT         ?CO?USB_DESCRIPT
            CODE    2D93H     024DH     UNIT         ?PR?_RF_TO_USB?UART2USB
            CODE    2FE0H     024CH     UNIT         ?PR?_USB_KEY_SEND?USB_APP
            CODE    322CH     0225H     UNIT         ?PR?_USB_DATA_PROC?UART2USB
            CODE    3451H     019BH     UNIT         ?PR?USBINTERRUPT?USB
            CODE    35ECH     0147H     UNIT         ?PR?GETDEVSTRDESCRIPTOR?USB
            CODE    3733H     0103H     UNIT         ?PR?_USB_GBK_INPUT?USB_APP
            CODE    3836H     00FCH     UNIT         ?PR?XN297L_INIT?XN297L
            CODE    3932H     00F2H     UNIT         ?PR?_XN297L_TRANSCEIVE?XN297L
            CODE    3A24H     00A3H     UNIT         ?PR?_EP0_SEND_TABLE?USB
            CODE    3AC7H     009CH     UNIT         ?PR?GETSTATUS?USB
            CODE    3B63H     009AH     UNIT         ?C_C51STARTUP
            CODE    3BFDH     0091H     UNIT         ?PR?GETDEVICECONFIG?USB
            CODE    3C8EH     008EH     UNIT         ?PR?_FLASH_WRITE?DRV_FLASH
            CODE    3D1CH     008DH     UNIT         ?PR?_DATACHECK?USB_APP
            CODE    3DA9H     008CH     UNIT         ?PR?_RF_TRANSCEIVER?RF
            CODE    3E35H     008CH     UNIT         ?PR?_CALC_CRC16_CCITT?CHECKOUT
            CODE    3EC1H     0087H     UNIT         ?PR?_RF_CARRIER?XN297L
            CODE    3F48H     007EH     UNIT         ?PR?_FLASH_PAGEWRITE?DRV_FLASH
            CODE    3FC6H     0079H     UNIT         ?PR?_USB_DATA_PROC1?UART2USB
            CODE    403FH     0079H     UNIT         ?PR?CLEARFEATURE?USB
            CODE    40B8H     0071H     UNIT         ?PR?TIMER0_HANDLER?INTERRUPT
            CODE    4129H     0070H     UNIT         ?PR?GETDEVICEDESCRIPTOR?USB
            CODE    4199H     0070H     UNIT         ?PR?CLASSGETHIDDES?USB
            CODE    4209H     006FH     UNIT         ?PR?_USB_REPORT_OUT?USB_APP
            CODE    4278H     0067H     UNIT         ?PR?SETFEATURE?USB
            CODE    42DFH     0064H     UNIT         ?PR?CLASSSETREPORT?USB
            CODE    4343H     0062H     UNIT         ?PR?MAIN?MAIN
            CODE    43A5H     0062H     UNIT         ?CO?RF
            CODE    4407H     0062H     UNIT         ?CO?XN297L
            CODE    4469H     0059H     UNIT         ?PR?_XN297L_FIFO_READ?XN297L
            CODE    44C2H     0054H     UNIT         ?PR?RF_SLAVE_CONFIG?UART2USB
            CODE    4516H     004CH     UNIT         ?PR?_CRC_HIGH_FIRST?UART2USB
            CODE    4562H     0048H     UNIT         ?PR?_XN297L_READ_BYTES?XN297L
            CODE    45AAH     0047H     UNIT         ?PR?_RECEIVECOMPLETEACK?UART2USB
            CODE    45F1H     0046H     UNIT         ?PR?RF_INIT?RF
            CODE    4637H     0046H     UNIT         ?PR?_XN297L_WRITE_BYTES?XN297L
            CODE    467DH     0046H     UNIT         ?PR?GETCONFIG?USB
            CODE    46C3H     0045H     UNIT         ?PR?_BEEP_CTRL?DRV_GPIO
            CODE    4708H     0045H     UNIT         ?PR?_FLASH_READ?DRV_FLASH
            CODE    474DH     0044H     UNIT         ?PR?_EP1_SEND?USB
            CODE    4791H     0044H     UNIT         ?PR?_EP2_SEND?USB
            CODE    47D5H     003FH     UNIT         ?PR?_UART0_TX_DATAS?DRV_UART
            CODE    4814H     003EH     UNIT         ?PR?RF_SLAVE_UPDATE?UART2USB
BL51 BANKED LINKER/LOCATER V6.22                                                      11/07/2018  17:13:07  PAGE 4


            CODE    4852H     003DH     UNIT         ?PR?_RDSERIALNUM?INITIAL
            CODE    488FH     003CH     UNIT         ?PR?_CHECKDATA?UART2USB
            CODE    48CBH     003AH     UNIT         ?PR?_USB_KEY_REPORT?USB
            CODE    4905H     0038H     UNIT         ?PR?_USB_REPORT_INIT?USB_APP
            CODE    493DH     0038H     UNIT         ?PR?_SPI_SEND_1BYTE?DRV_SPI_SIMULATE
            CODE    4975H     0036H     UNIT         ?PR?_CALC_XOR_VALUE?CHECKOUT
            CODE    49ABH     0035H     UNIT         ?PR?COUNTBUFHANDLE?USB_APP
            CODE    49E0H     0034H     UNIT         ?PR?SETCONFIG?USB
            CODE    4A14H     0033H     UNIT         ?PR?SETADDRESS?USB
            CODE    4A47H     0030H     UNIT         ?PR?_USB_RET_STATUS?USB_APP
            CODE    4A77H     0030H     UNIT         ?PR?_RF_GET_MAC?RF
            CODE    4AA7H     002EH     UNIT         ?PR?_XN297L_WRITE_ACK_FIFO?XN297L
            CODE    4AD5H     002EH     UNIT         ?PR?MCU_INIT?INITIAL
            CODE    4B03H     002EH     UNIT         ?PR?_DATA_ZERO_CHECK?CHECKOUT
            CODE    4B31H     002CH     UNIT         ?PR?_XN297L_SET_MAC?XN297L
            CODE    4B5DH     002CH     UNIT         ?PR?_CALC_SUM_VALUE?CHECKOUT
            CODE    4B89H     002BH     UNIT         ?PR?_XN297L_READ_1BYTE?XN297L
            CODE    4BB4H     002BH     UNIT         ?PR?GETINTERFACE?USB
            CODE    4BDFH     002AH     UNIT         ?PR?_SERIAL_TRANSCEIVE?DRV_SERIAL
            CODE    4C09H     0028H     UNIT         ?PR?_USB_SPEED_SET?USB_APP
            CODE    4C31H     0028H     UNIT         ?PR?UART_HANDLER?INTERRUPT
            CODE    4C59H     0028H     UNIT         ?PR?SETINTERFACE?USB
            CODE    4C81H     0028H     UNIT         ?PR?GETDESCRIPTOR?USB
            CODE    4CA9H     0024H     UNIT         ?PR?CLASSGETHIDREPORT?USB
            CODE    4CCDH     0023H     UNIT         ?PR?RF_GET_CH_NO?RF
            CODE    4CF0H     0023H     UNIT         ?PR?WDT_HANDLER?INTERRUPT
            CODE    4D13H     0021H     UNIT         ?PR?CLASSSETLINECODING?USB
            CODE    4D34H     0020H     UNIT         ?PR?CLASSGETPROTOCOL?USB
            CODE    4D54H     001EH     UNIT         ?PR?RF_SET_CH?RF
            CODE    4D72H     001DH     UNIT         ?PR?_TIMER0_INIT?DRV_TIMER
            CODE    4D8FH     001DH     UNIT         ?PR?_TIMER1_INIT?DRV_TIMER
            CODE    4DACH     001CH     UNIT         ?PR?USB_REPORT_IN?USB_APP
            CODE    4DC8H     001CH     UNIT         ?PR?RESUMEUSB?USB
            CODE    4DE4H     001BH     UNIT         ?PR?XN297L_CHIP_RESET?XN297L
            CODE    4DFFH     001BH     UNIT         ?PR?_UART0_INIT?DRV_UART
            CODE    4E1AH     001AH     UNIT         ?PR?_WATCHDOG_INIT?DRV_WATCHDOG
            CODE    4E34H     0019H     UNIT         ?PR?_ISCMDPKT?UART2USB
            CODE    4E4DH     0019H     UNIT         ?PR?_XN297L_WRITE_1BYTE?XN297L
            CODE    4E66H     0019H     UNIT         ?PR?_FLASH_PAGEERASE?DRV_FLASH
            CODE    4E7FH     0019H     UNIT         ?PR?_DELAY_1MS?DELAY
            CODE    4E98H     0018H     UNIT         ?PR?_PRTTAB?USB
            CODE    4EB0H     0018H     UNIT         ?PR?CLASSGETLINECODING?USB
            CODE    4EC8H     0017H     UNIT         ?PR?XN297L_GOTO_TX?XN297L
            CODE    4EDFH     0017H     UNIT         ?PR?_DELAY_1US?DELAY
            CODE    4EF6H     0015H     UNIT         ?PR?USB_RET_DATAS?USB_APP
            CODE    4F0BH     0015H     UNIT         ?PR?SPI_INIT?DRV_SPI_SIMULATE
            CODE    4F20H     0014H     UNIT         ?PR?TIMER1_HANDLER?INTERRUPT
            CODE    4F34H     0014H     UNIT         ?PR?_UART0_SEND_BYTE?DRV_UART
            CODE    4F48H     0013H     UNIT         ?PR?RF_RX_TOUT?UART2USB
            CODE    4F5BH     0013H     UNIT         ?PR?XN297L_GET_IRQ_FLAG?XN297L
            CODE    4F6EH     0013H     UNIT         ?PR?CLASSSETPROTOCOL?USB
            CODE    4F81H     0012H     UNIT         ?PR?_XN297L_WRITE_PLD_FIFO?XN297L
            CODE    4F93H     0012H     UNIT         ?PR?XN297L_GOTO_RX?XN297L
            CODE    4FA5H     0011H     UNIT         ?PR?_SERIAL_MODE?DRV_SERIAL
            CODE    4FB6H     0011H     UNIT         ?PR?WATCHDOG_FEED?DRV_WATCHDOG
            CODE    4FC7H     0010H     UNIT         ?PR?_USBINIT?USB
            CODE    4FD7H     000EH     UNIT         ?PR?_EP0_SEND?USB
BL51 BANKED LINKER/LOCATER V6.22                                                      11/07/2018  17:13:07  PAGE 5


            CODE    4FE5H     000EH     UNIT         ?PR?GETHID0DES?USB_DESCRIPT
            CODE    4FF3H     000EH     UNIT         ?PR?GETHID1DES?USB_DESCRIPT
            CODE    5001H     000EH     UNIT         ?PR?_DATA_XOR_CHECK?CHECKOUT
            CODE    500FH     000EH     UNIT         ?PR?IT_CONFIG?IT_CONFIG
            CODE    501DH     000DH     UNIT         ?PR?_SERIAL_BAUD?DRV_SERIAL
            CODE    502AH     000CH     UNIT         ?PR?CLASSGETIDLE?USB
            CODE    5036H     000CH     UNIT         ?PR?BEEP_WAIT_OVER?DRV_GPIO
            CODE    5042H     000CH     UNIT         ?PR?_BEEP_ENABLE?DRV_GPIO
            CODE    504EH     000CH     UNIT         ?PR?_SERIAL_RESET?DRV_SERIAL
            CODE    505AH     000BH     UNIT         ?PR?EP1_IN_STALL?USB
            CODE    5065H     000BH     UNIT         ?PR?EP1_OUT_STALL?USB
            CODE    5070H     000BH     UNIT         ?PR?EP2_IN_STALL?USB
            CODE    507BH     000BH     UNIT         ?PR?EP2_OUT_STALL?USB
            CODE    5086H     000BH     UNIT         ?PR?EP0_STALL?USB
            CODE    5091H     000BH     UNIT         ?PR?USBDEINIT?USB
            CODE    509CH     000BH     UNIT         ?PR?COLCK_CONFIG?DRV_CLOCK
            CODE    50A7H     000AH     UNIT         ?PR?RF_GOTO_NEXT_CH?RF
            CODE    50B1H     000AH     UNIT         ?PR?XN297L_GOTO_STB1?XN297L
            CODE    50BBH     000AH     UNIT         ?PR?XN297L_GOTO_STB3?XN297L
            CODE    50C5H     000AH     UNIT         ?PR?XN297L_GOTO_SLEEP?XN297L
            CODE    50CFH     000AH     UNIT         ?PR?CLASSSETIDLE?USB
            CODE    50D9H     000AH     UNIT         ?PR?CLASSSETCONTROLLINESTATE?USB
            CODE    50E3H     0009H     UNIT         ?PR?_XN297L_SET_CHANNEL?XN297L
            CODE    50ECH     0009H     UNIT         ?PR?_XN297L_CLEAR_IRQ_FLAG?XN297L
            CODE    50F5H     0009H     UNIT         ?PR?EP0_OUT_DATA?USB
            CODE    50FEH     0008H     UNIT         ?CO?UART2USB
            CODE    5106H     0008H     UNIT         ?CO?USB_APP
            CODE    510EH     0008H     UNIT         ?PR?XN297L_GOTO_WAKEUP?XN297L
            CODE    5116H     0008H     UNIT         ?PR?XN297L_TX_START?XN297L
            CODE    511EH     0008H     UNIT         ?PR?XN297L_RX_START?XN297L
            CODE    5126H     0008H     UNIT         ?PR?EP0_RECV?USB
            CODE    512EH     0007H     UNIT         ?PR?XN297L_CLEAR_TX_FIFO?XN297L
            CODE    5135H     0007H     UNIT         ?PR?XN297L_CLEAR_RX_FIFO?XN297L
            CODE    513CH     0007H     UNIT         ?PR?XN297L_SET_CE_1?XN297L
            CODE    5143H     0007H     UNIT         ?PR?XN297L_SET_CE_0?XN297L
            CODE    514AH     0007H     UNIT         ?PR?EP0_STATUS_IN?USB
            CODE    5151H     0006H     UNIT         ?PR?USB_INT_DISABLE?USB_APP
            CODE    5157H     0006H     UNIT         ?PR?USB_INT_ENABLE?USB_APP



OVERLAY MAP OF MODULE:   .\obj\CV8F5025_XN297L (MAIN)


SEGMENT                                         BIT_GROUP          XDATA_GROUP
  +--> CALLED SEGMENT                        START    LENGTH     START    LENGTH
--------------------------------------------------------------------------------
?PR?TIMER0_HANDLER?INTERRUPT                 0020H.0  0000H.1    -----    -----
  +--> ?PR?BEEP_TASK?DRV_GPIO

*** NEW ROOT ***************************************************

?PR?TIMER1_HANDLER?INTERRUPT                 0020H.1  0000H.1    -----    -----

*** NEW ROOT ***************************************************

?PR?WDT_HANDLER?INTERRUPT                    0020H.2  0000H.1    -----    -----
BL51 BANKED LINKER/LOCATER V6.22                                                      11/07/2018  17:13:07  PAGE 6



*** NEW ROOT ***************************************************

?PR?UART_HANDLER?INTERRUPT                   0020H.3  0000H.1    8180H    0001H

*** NEW ROOT ***************************************************

?C_C51STARTUP                                -----    -----      -----    -----
  +--> ?PR?MAIN?MAIN
  +--> ?C_INITSEG

?PR?MAIN?MAIN                                -----    -----      -----    -----
  +--> ?PR?MCU_INIT?INITIAL
  +--> ?PR?_USBINIT?USB
  +--> ?PR?RF_INIT?RF
  +--> ?PR?_BEEP_CTRL?DRV_GPIO
  +--> ?PR?WATCHDOG_FEED?DRV_WATCHDOG
  +--> ?PR?_RF_TO_USB?UART2USB
  +--> ?PR?RF_SLAVE_CONFIG?UART2USB
  +--> ?PR?RF_SLAVE_UPDATE?UART2USB

?PR?MCU_INIT?INITIAL                         -----    -----      -----    -----
  +--> ?PR?COLCK_CONFIG?DRV_CLOCK
  +--> ?PR?USBDEINIT?USB
  +--> ?PR?_DELAY_1MS?DELAY
  +--> ?PR?IO_INIT?DRV_GPIO
  +--> ?PR?_DELAY_1US?DELAY
  +--> ?PR?_WATCHDOG_INIT?DRV_WATCHDOG
  +--> ?PR?_TIMER0_INIT?DRV_TIMER
  +--> ?PR?SPI_INIT?DRV_SPI_SIMULATE
  +--> ?PR?_UART0_INIT?DRV_UART
  +--> ?PR?IT_CONFIG?IT_CONFIG

?PR?_DELAY_1MS?DELAY                         -----    -----      -----    -----
  +--> ?PR?_DELAY_1US?DELAY

?PR?RF_INIT?RF                               -----    -----      8181H    0001H
  +--> ?PR?SPI_INIT?DRV_SPI_SIMULATE
  +--> ?PR?_RF_GET_MAC?RF
  +--> ?PR?_RF_SET_PIPE?RF
  +--> ?PR?XN297L_INIT?XN297L
  +--> ?PR?RF_SET_CH?RF
  +--> ?PR?XN297L_GOTO_SLEEP?XN297L
  +--> ?PR?_DELAY_1MS?DELAY

?PR?_RF_GET_MAC?RF                           -----    -----      8194H    000BH
  +--> ?PR?_RDSERIALNUM?INITIAL

?PR?_RDSERIALNUM?INITIAL                     -----    -----      819FH    0003H

?PR?XN297L_INIT?XN297L                       -----    -----      8182H    0006H
  +--> ?CO?XN297L
  +--> ?PR?XN297L_CHIP_RESET?XN297L
  +--> ?PR?_XN297L_WRITE_BYTES?XN297L
  +--> ?PR?_XN297L_WRITE_1BYTE?XN297L
  +--> ?PR?_XN297L_READ_1BYTE?XN297L
  +--> ?PR?_DELAY_1MS?DELAY
BL51 BANKED LINKER/LOCATER V6.22                                                      11/07/2018  17:13:07  PAGE 7


  +--> ?PR?_XN297L_SET_CHANNEL?XN297L
  +--> ?PR?_XN297L_SET_MAC?XN297L

?PR?XN297L_CHIP_RESET?XN297L                 -----    -----      -----    -----
  +--> ?PR?XN297L_SET_CE_0?XN297L
  +--> ?PR?_XN297L_WRITE_1BYTE?XN297L
  +--> ?PR?_DELAY_1MS?DELAY

?PR?XN297L_SET_CE_0?XN297L                   -----    -----      -----    -----
  +--> ?PR?_XN297L_WRITE_1BYTE?XN297L

?PR?_XN297L_WRITE_1BYTE?XN297L               -----    -----      81B6H    0001H
  +--> ?PR?_SPI_SEND_1BYTE?DRV_SPI_SIMULATE

?PR?_XN297L_WRITE_BYTES?XN297L               -----    -----      81BBH    0006H
  +--> ?PR?_SPI_SEND_1BYTE?DRV_SPI_SIMULATE

?PR?_XN297L_READ_1BYTE?XN297L                -----    -----      81BEH    0003H
  +--> ?PR?_SPI_SEND_1BYTE?DRV_SPI_SIMULATE

?PR?_XN297L_SET_CHANNEL?XN297L               -----    -----      -----    -----
  +--> ?PR?_XN297L_WRITE_1BYTE?XN297L

?PR?_XN297L_SET_MAC?XN297L                   -----    -----      8188H    0003H
  +--> ?PR?_XN297L_WRITE_BYTES?XN297L

?PR?RF_SET_CH?RF                             -----    -----      81A7H    0001H
  +--> ?PR?RF_GOTO_NEXT_CH?RF
  +--> ?PR?RF_GET_CH_NO?RF
  +--> ?PR?_XN297L_SET_CHANNEL?XN297L
  +--> ?PR?_XN297L_READ_1BYTE?XN297L

?PR?RF_GET_CH_NO?RF                          -----    -----      -----    -----
  +--> ?CO?RF

?PR?XN297L_GOTO_SLEEP?XN297L                 -----    -----      -----    -----
  +--> ?PR?XN297L_SET_CE_0?XN297L
  +--> ?PR?_XN297L_WRITE_1BYTE?XN297L

?PR?_BEEP_CTRL?DRV_GPIO                      -----    -----      8181H    0004H
  +--> ?PR?_DELAY_1MS?DELAY
  +--> ?PR?WATCHDOG_FEED?DRV_WATCHDOG

?PR?WATCHDOG_FEED?DRV_WATCHDOG               0020H.6  0000H.1    -----    -----

?PR?_RF_TO_USB?UART2USB                      0020H.4  0000H.1    8185H    000FH
  +--> ?PR?WATCHDOG_FEED?DRV_WATCHDOG
  +--> ?PR?_RF_GET_MAC?RF
  +--> ?CO?RF
  +--> ?PR?_RF_TRANSCEIVER?RF
  +--> ?PR?_CRC_HIGH_FIRST?UART2USB
  +--> ?PR?_USB_DATA_PROC1?UART2USB
  +--> ?PR?_CHECKDATA?UART2USB
  +--> ?PR?_RECEIVECOMPLETEACK?UART2USB

?PR?_RF_TRANSCEIVER?RF                       0020H.5  0000H.1    819AH    000DH
  +--> ?PR?XN297L_GOTO_WAKEUP?XN297L
BL51 BANKED LINKER/LOCATER V6.22                                                      11/07/2018  17:13:07  PAGE 8


  +--> ?PR?_XN297L_TRANSCEIVE?XN297L
  +--> ?PR?RF_RX_TOUT?UART2USB
  +--> ?PR?RF_SET_CH?RF
  +--> ?PR?WATCHDOG_FEED?DRV_WATCHDOG
  +--> ?PR?XN297L_GOTO_SLEEP?XN297L

?PR?XN297L_GOTO_WAKEUP?XN297L                -----    -----      -----    -----
  +--> ?PR?XN297L_GOTO_STB1?XN297L
  +--> ?PR?_DELAY_1MS?DELAY

?PR?XN297L_GOTO_STB1?XN297L                  -----    -----      -----    -----
  +--> ?PR?XN297L_SET_CE_0?XN297L
  +--> ?PR?_XN297L_WRITE_1BYTE?XN297L

?PR?_XN297L_TRANSCEIVE?XN297L                0020H.6  0000H.1    81A7H    000FH
  +--> ?PR?XN297L_GOTO_WAKEUP?XN297L
  +--> ?PR?XN297L_GOTO_STB3?XN297L
  +--> ?PR?_DELAY_1US?DELAY
  +--> ?PR?XN297L_GOTO_TX?XN297L
  +--> ?PR?_XN297L_WRITE_PLD_FIFO?XN297L
  +--> ?PR?XN297L_CLEAR_RX_FIFO?XN297L
  +--> ?PR?XN297L_TX_START?XN297L
  +--> ?PR?XN297L_GOTO_RX?XN297L
  +--> ?PR?XN297L_CLEAR_TX_FIFO?XN297L
  +--> ?PR?_XN297L_WRITE_ACK_FIFO?XN297L
  +--> ?PR?XN297L_RX_START?XN297L
  +--> ?PR?XN297L_GET_IRQ_FLAG?XN297L
  +--> ?PR?XN297L_SET_CE_0?XN297L
  +--> ?PR?_DELAY_1MS?DELAY
  +--> ?PR?_XN297L_FIFO_READ?XN297L
  +--> ?PR?_XN297L_CLEAR_IRQ_FLAG?XN297L
  +--> ?PR?XN297L_GOTO_STB1?XN297L
  +--> ?PR?XN297L_GOTO_SLEEP?XN297L

?PR?XN297L_GOTO_STB3?XN297L                  -----    -----      -----    -----
  +--> ?PR?XN297L_SET_CE_0?XN297L
  +--> ?PR?_XN297L_WRITE_1BYTE?XN297L

?PR?XN297L_GOTO_TX?XN297L                    -----    -----      -----    -----
  +--> ?PR?XN297L_SET_CE_0?XN297L
  +--> ?PR?_XN297L_WRITE_1BYTE?XN297L
  +--> ?PR?XN297L_CLEAR_TX_FIFO?XN297L
  +--> ?PR?_DELAY_1US?DELAY

?PR?XN297L_CLEAR_TX_FIFO?XN297L              -----    -----      -----    -----
  +--> ?PR?_XN297L_WRITE_1BYTE?XN297L

?PR?_XN297L_WRITE_PLD_FIFO?XN297L            -----    -----      -----    -----
  +--> ?PR?_XN297L_WRITE_BYTES?XN297L

?PR?XN297L_CLEAR_RX_FIFO?XN297L              -----    -----      -----    -----
  +--> ?PR?_XN297L_WRITE_1BYTE?XN297L

?PR?XN297L_TX_START?XN297L                   -----    -----      -----    -----
  +--> ?PR?XN297L_SET_CE_1?XN297L
  +--> ?PR?_DELAY_1MS?DELAY

BL51 BANKED LINKER/LOCATER V6.22                                                      11/07/2018  17:13:07  PAGE 9


?PR?XN297L_SET_CE_1?XN297L                   -----    -----      -----    -----
  +--> ?PR?_XN297L_WRITE_1BYTE?XN297L

?PR?XN297L_GOTO_RX?XN297L                    -----    -----      -----    -----
  +--> ?PR?XN297L_SET_CE_0?XN297L
  +--> ?PR?_XN297L_WRITE_1BYTE?XN297L
  +--> ?PR?XN297L_CLEAR_RX_FIFO?XN297L
  +--> ?PR?_DELAY_1MS?DELAY

?PR?_XN297L_WRITE_ACK_FIFO?XN297L            -----    -----      81B6H    0005H
  +--> ?PR?_XN297L_WRITE_BYTES?XN297L

?PR?XN297L_RX_START?XN297L                   -----    -----      -----    -----
  +--> ?PR?XN297L_SET_CE_1?XN297L
  +--> ?PR?_DELAY_1MS?DELAY

?PR?XN297L_GET_IRQ_FLAG?XN297L               -----    -----      81B6H    0001H
  +--> ?PR?_XN297L_READ_1BYTE?XN297L

?PR?_XN297L_FIFO_READ?XN297L                 -----    -----      81B6H    0008H
  +--> ?PR?_XN297L_READ_1BYTE?XN297L
  +--> ?PR?_XN297L_READ_BYTES?XN297L

?PR?_XN297L_READ_BYTES?XN297L                -----    -----      81BEH    0006H
  +--> ?PR?_SPI_SEND_1BYTE?DRV_SPI_SIMULATE

?PR?_XN297L_CLEAR_IRQ_FLAG?XN297L            -----    -----      -----    -----
  +--> ?PR?_XN297L_WRITE_1BYTE?XN297L

?PR?_CRC_HIGH_FIRST?UART2USB                 -----    -----      8199H    0004H

?PR?_USB_DATA_PROC1?UART2USB                 -----    -----      8194H    0005H
  +--> ?PR?WATCHDOG_FEED?DRV_WATCHDOG
  +--> ?PR?_USB_KEY_SEND?USB_APP

?PR?_USB_KEY_SEND?USB_APP                    -----    -----      8199H    0012H
  +--> ?CO?USB_APP
  +--> ?PR?COUNTBUFHANDLE?USB_APP
  +--> ?PR?_DATACHECK?USB_APP
  +--> ?PR?_DELAY_1MS?DELAY
  +--> ?PR?WATCHDOG_FEED?DRV_WATCHDOG
  +--> ?PR?_USB_GBK_INPUT?USB_APP
  +--> ?CO?ASCII2HID
  +--> ?PR?_EP1_SEND?USB
  +--> ?PR?_USB_SPEED_SET?USB_APP

?PR?_DATACHECK?USB_APP                       -----    -----      81ABH    0006H

?PR?_USB_GBK_INPUT?USB_APP                   -----    -----      81ABH    0007H
  +--> ?PR?_USB_KEY_REPORT?USB
  +--> ?PR?_USB_SPEED_SET?USB_APP

?PR?_USB_KEY_REPORT?USB                      -----    -----      81B2H    0002H

?PR?_USB_SPEED_SET?USB_APP                   -----    -----      81B2H    0001H
  +--> ?PR?_DELAY_1MS?DELAY

BL51 BANKED LINKER/LOCATER V6.22                                                      11/07/2018  17:13:07  PAGE 10


?PR?_EP1_SEND?USB                            -----    -----      81ABH    0003H

?PR?_CHECKDATA?UART2USB                      -----    -----      8194H    0005H
  +--> ?PR?_CRC_HIGH_FIRST?UART2USB

?PR?_RECEIVECOMPLETEACK?UART2USB             -----    -----      8194H    0006H
  +--> ?PR?_RF_TRANSCEIVER?RF

?PR?RF_SLAVE_CONFIG?UART2USB                 -----    -----      8181H    0004H
  +--> ?CO?UART2USB
  +--> ?PR?_RF_SET_PIPE?RF
  +--> ?PR?RF_SET_CH?RF
  +--> ?PR?_RF_SET_MAC?RF
  +--> ?PR?_RF_TO_USB?UART2USB

?PR?_RF_SET_MAC?RF                           -----    -----      -----    -----
  +--> ?PR?_XN297L_SET_MAC?XN297L

?PR?RF_SLAVE_UPDATE?UART2USB                 -----    -----      8181H    0004H
  +--> ?CO?UART2USB
  +--> ?PR?_FLASH_PAGEERASE?DRV_FLASH
  +--> ?PR?_FLASH_WRITE?DRV_FLASH

?PR?_FLASH_WRITE?DRV_FLASH                   -----    -----      8185H    0007H

*** NEW ROOT ***************************************************

?PR?USBINTERRUPT?USB                         0020H.7  0000H.1    -----    -----
  +--> ?PR?EP0_RECV?USB
  +--> ?PR?GETSTATUS?USB
  +--> ?PR?CLEARFEATURE?USB
  +--> ?PR?SETFEATURE?USB
  +--> ?PR?SETADDRESS?USB
  +--> ?PR?GETDESCRIPTOR?USB
  +--> ?PR?SETDESCRIPTOR?USB
  +--> ?PR?GETCONFIG?USB
  +--> ?PR?SETCONFIG?USB
  +--> ?PR?GETINTERFACE?USB
  +--> ?PR?SETINTERFACE?USB
  +--> ?PR?CLASSGETREPORT?USB
  +--> ?PR?CLASSGETIDLE?USB
  +--> ?PR?CLASSGETPROTOCOL?USB
  +--> ?PR?CLASSSETREPORT?USB
  +--> ?PR?CLASSSETIDLE?USB
  +--> ?PR?CLASSSETPROTOCOL?USB
  +--> ?PR?CLASSGETLINECODING?USB
  +--> ?PR?CLASSSETLINECODING?USB
  +--> ?PR?CLASSSETCONTROLLINESTATE?USB
  +--> ?PR?EP0_STALL?USB
  +--> ?PR?EP3_OUT_DATA?USB

?PR?EP0_RECV?USB                             -----    -----      -----    -----
  +--> ?PR?_PRTTAB?USB

?PR?GETSTATUS?USB                            -----    -----      -----    -----
  +--> ?PR?_EP0_SEND?USB
  +--> ?PR?EP0_STALL?USB
BL51 BANKED LINKER/LOCATER V6.22                                                      11/07/2018  17:13:07  PAGE 11



?PR?CLEARFEATURE?USB                         -----    -----      -----    -----
  +--> ?PR?EP0_STATUS_IN?USB
  +--> ?PR?EP0_STALL?USB

?PR?SETFEATURE?USB                           -----    -----      -----    -----
  +--> ?PR?EP1_IN_STALL?USB
  +--> ?PR?EP1_OUT_STALL?USB
  +--> ?PR?EP2_IN_STALL?USB
  +--> ?PR?EP2_OUT_STALL?USB
  +--> ?PR?EP0_STATUS_IN?USB
  +--> ?PR?EP0_STALL?USB

?PR?SETADDRESS?USB                           -----    -----      -----    -----
  +--> ?PR?EP0_STALL?USB
  +--> ?PR?EP0_STATUS_IN?USB

?PR?GETDESCRIPTOR?USB                        -----    -----      -----    -----
  +--> ?PR?GETDEVICEDESCRIPTOR?USB
  +--> ?PR?GETDEVICECONFIG?USB
  +--> ?PR?GETDEVSTRDESCRIPTOR?USB
  +--> ?PR?CLASSGETHIDDES?USB
  +--> ?PR?CLASSGETHIDREPORT?USB
  +--> ?PR?EP0_STALL?USB

?PR?GETDEVICEDESCRIPTOR?USB                  -----    -----      81C4H    0002H
  +--> ?CO?USB_DESCRIPT
  +--> ?PR?_EP0_SEND_TABLE?USB

?PR?_EP0_SEND_TABLE?USB                      -----    -----      81C6H    0006H
  +--> ?PR?_PRTTAB?USB

?PR?GETDEVICECONFIG?USB                      -----    -----      81C4H    0002H
  +--> ?CO?USB_DESCRIPT
  +--> ?PR?_EP0_SEND_TABLE?USB

?PR?GETDEVSTRDESCRIPTOR?USB                  -----    -----      81C4H    0002H
  +--> ?CO?USB_DESCRIPT
  +--> ?PR?_EP0_SEND_TABLE?USB

?PR?CLASSGETHIDDES?USB                       -----    -----      81C4H    0002H
  +--> ?PR?GETHID0DES?USB_DESCRIPT
  +--> ?PR?GETHID1DES?USB_DESCRIPT
  +--> ?PR?_EP0_SEND_TABLE?USB
  +--> ?PR?EP0_STALL?USB

?PR?GETHID0DES?USB_DESCRIPT                  -----    -----      -----    -----
  +--> ?CO?USB_DESCRIPT

?PR?GETHID1DES?USB_DESCRIPT                  -----    -----      -----    -----
  +--> ?CO?USB_DESCRIPT

?PR?CLASSGETHIDREPORT?USB                    -----    -----      -----    -----
  +--> ?CO?USB_DESCRIPT
  +--> ?PR?_EP0_SEND_TABLE?USB
  +--> ?PR?EP0_STALL?USB

BL51 BANKED LINKER/LOCATER V6.22                                                      11/07/2018  17:13:07  PAGE 12


?PR?SETDESCRIPTOR?USB                        -----    -----      -----    -----
  +--> ?PR?EP0_STALL?USB

?PR?GETCONFIG?USB                            -----    -----      -----    -----
  +--> ?PR?EP0_STALL?USB
  +--> ?PR?_EP0_SEND?USB

?PR?SETCONFIG?USB                            -----    -----      -----    -----
  +--> ?PR?EP0_STATUS_IN?USB
  +--> ?PR?EP0_STALL?USB

?PR?GETINTERFACE?USB                         -----    -----      -----    -----
  +--> ?PR?EP0_STALL?USB
  +--> ?PR?_EP0_SEND?USB

?PR?SETINTERFACE?USB                         -----    -----      -----    -----
  +--> ?PR?EP0_STALL?USB
  +--> ?PR?EP0_STATUS_IN?USB

?PR?CLASSGETREPORT?USB                       -----    -----      -----    -----
  +--> ?PR?USB_REPORT_IN?USB_APP

?PR?USB_REPORT_IN?USB_APP                    -----    -----      -----    -----
  +--> ?PR?_USB_RET_STATUS?USB_APP

?PR?_USB_RET_STATUS?USB_APP                  -----    -----      81C4H    0002H
  +--> ?PR?_USB_REPORT_INIT?USB_APP
  +--> ?PR?USB_RET_DATAS?USB_APP

?PR?_USB_REPORT_INIT?USB_APP                 -----    -----      81C6H    0001H

?PR?USB_RET_DATAS?USB_APP                    -----    -----      -----    -----
  +--> ?PR?_EP0_SEND_TABLE?USB

?PR?CLASSGETIDLE?USB                         -----    -----      -----    -----
  +--> ?PR?_EP0_SEND?USB

?PR?CLASSGETPROTOCOL?USB                     -----    -----      -----    -----
  +--> ?PR?EP0_STALL?USB
  +--> ?PR?_EP0_SEND?USB

?PR?CLASSSETREPORT?USB                       -----    -----      81C4H    0003H
  +--> ?PR?EP0_OUT_DATA?USB
  +--> ?PR?_PRTTAB?USB
  +--> ?PR?_USB_REPORT_OUT?USB_APP
  +--> ?PR?EP0_STATUS_IN?USB

?PR?_USB_REPORT_OUT?USB_APP                  -----    -----      81C7H    0001H

?PR?CLASSSETIDLE?USB                         -----    -----      -----    -----
  +--> ?PR?EP0_STATUS_IN?USB

?PR?CLASSSETPROTOCOL?USB                     -----    -----      -----    -----
  +--> ?PR?EP0_STATUS_IN?USB

?PR?CLASSGETLINECODING?USB                   -----    -----      -----    -----
  +--> ?PR?_EP0_SEND?USB
BL51 BANKED LINKER/LOCATER V6.22                                                      11/07/2018  17:13:07  PAGE 13



?PR?CLASSSETLINECODING?USB                   -----    -----      -----    -----
  +--> ?PR?_PRTTAB?USB
  +--> ?PR?EP0_STATUS_IN?USB

?PR?CLASSSETCONTROLLINESTATE?USB             -----    -----      -----    -----
  +--> ?PR?EP0_STATUS_IN?USB



SYMBOL TABLE OF MODULE:  .\obj\CV8F5025_XN297L (MAIN)

  VALUE           TYPE          NAME
  ----------------------------------

  -------         MODULE        MAIN
  C:0000H         SYMBOL        _ICE_DUMMY_
  D:0080H         PUBLIC        P0
  D:0090H         PUBLIC        P1
  D:00A0H         PUBLIC        P2
  D:00B0H         PUBLIC        P3
  D:00F8H         PUBLIC        P4
  B:00A8H.7       PUBLIC        EA
  D:00B0H         PUBLIC        CMP0CON0
  D:00C0H         PUBLIC        CMP1CON0
  D:00C8H         PUBLIC        CMP2CON0
  D:00D8H         PUBLIC        CMP3CON0
  C:4343H         PUBLIC        main
  D:0088H         PUBLIC        UE0CON
  D:0090H         PUBLIC        UE1CON
  D:0098H         PUBLIC        UE2CON
  D:00A0H         PUBLIC        UE3CON
  D:00A8H         PUBLIC        IE0
  D:00F0H         PUBLIC        B
  D:00E0H         PUBLIC        ACC
  D:0088H         PUBLIC        PG0CON0
  D:00D8H         PUBLIC        ADCCON0
  D:0098H         PUBLIC        PG1CON0
  D:00C0H         PUBLIC        PG2CON0
  D:00C8H         PUBLIC        PG3CON0
  D:00E8H         PUBLIC        PG4CON0
  D:00F8H         PUBLIC        PG5CON0
  X:89A9H         PUBLIC        xxx
  D:00E8H         PUBLIC        UT0CON0
  D:0080H         PUBLIC        UBCON
  D:00D0H         PUBLIC        PSW
  -------         PROC          MAIN
  C:4343H         LINE#         23
  C:4343H         LINE#         24
  C:4343H         LINE#         25
  C:4346H         LINE#         32
  C:434CH         LINE#         33
  C:4352H         LINE#         35
  C:435AH         LINE#         38
  C:435CH         LINE#         40
  C:4361H         LINE#         41
  C:4361H         LINE#         43
BL51 BANKED LINKER/LOCATER V6.22                                                      11/07/2018  17:13:07  PAGE 14


  C:436AH         LINE#         44
  C:436AH         LINE#         51
  C:436AH         LINE#         52
  C:436AH         LINE#         53
  C:436DH         LINE#         76
  C:4380H         LINE#         77
  C:4380H         LINE#         87
  C:4380H         LINE#         89
  C:4385H         LINE#         97
  C:4387H         LINE#         99
  C:4387H         LINE#         101
  C:438AH         LINE#         102
  C:4390H         LINE#         103
  C:4392H         LINE#         105
  C:4392H         LINE#         107
  C:4398H         LINE#         108
  C:439AH         LINE#         110
  C:439AH         LINE#         111
  C:439DH         LINE#         112
  C:43A3H         LINE#         113
  -------         ENDPROC       MAIN
  -------         ENDMOD        MAIN

  -------         MODULE        UART2USB
  C:0000H         SYMBOL        _ICE_DUMMY_
  D:0080H         PUBLIC        P0
  D:0090H         PUBLIC        P1
  D:00A0H         PUBLIC        P2
  D:00B0H         PUBLIC        P3
  X:8305H         SYMBOL        rx_temp
  D:00F8H         PUBLIC        P4
  C:3FC6H         PUBLIC        _usb_data_proc1
  C:45AAH         SYMBOL        _ReceiveCompleteAck
  D:00B0H         PUBLIC        CMP0CON0
  C:4E34H         SYMBOL        _isCmdPkt
  D:00C0H         PUBLIC        CMP1CON0
  D:00C8H         PUBLIC        CMP2CON0
  D:00D8H         PUBLIC        CMP3CON0
  D:0088H         PUBLIC        UE0CON
  D:0090H         PUBLIC        UE1CON
  B:00D0H.1       PUBLIC        SFRB
  D:0098H         PUBLIC        UE2CON
  D:00A0H         PUBLIC        UE3CON
  C:44C2H         PUBLIC        rf_slave_config
  D:00A8H         PUBLIC        IE0
  C:4814H         PUBLIC        rf_slave_update
  D:00A9H         PUBLIC        IE1
  D:00AAH         PUBLIC        IE2
  D:00F0H         PUBLIC        B
  D:00ABH         PUBLIC        IE3
  C:50FEH         SYMBOL        _?ix1000
  X:8315H         SYMBOL        spidAck
  C:5102H         SYMBOL        _?ix1001
  D:00E0H         PUBLIC        ACC
  C:4516H         SYMBOL        _crc_high_first
  C:2D93H         PUBLIC        _rf_to_usb
  C:4F48H         PUBLIC        rf_rx_tout
BL51 BANKED LINKER/LOCATER V6.22                                                      11/07/2018  17:13:07  PAGE 15


  X:8319H         PUBLIC        rf_slave
  D:0088H         PUBLIC        PG0CON0
  D:00D8H         PUBLIC        ADCCON0
  D:0098H         PUBLIC        PG1CON0
  D:00C0H         PUBLIC        PG2CON0
  D:00C8H         PUBLIC        PG3CON0
  D:00E8H         PUBLIC        PG4CON0
  D:00F8H         PUBLIC        PG5CON0
  C:322CH         PUBLIC        _usb_data_proc
  D:00E8H         PUBLIC        UT0CON0
  D:0080H         PUBLIC        UBCON
  D:00D0H         PUBLIC        PSW
  C:488FH         SYMBOL        _checkData
  -------         PROC          _CRC_HIGH_FIRST
  X:8199H         SYMBOL        ptr
  X:819CH         SYMBOL        len
  -------         DO            
  D:0007H         SYMBOL        i
  D:0006H         SYMBOL        crc
  -------         ENDDO         
  C:4516H         LINE#         18
  C:4524H         LINE#         19
  C:4524H         LINE#         21
  C:4526H         LINE#         23
  C:4530H         LINE#         24
  C:4530H         LINE#         25
  C:4545H         LINE#         26
  C:454DH         LINE#         27
  C:454DH         LINE#         28
  C:4551H         LINE#         29
  C:4558H         LINE#         31
  C:455CH         LINE#         32
  C:455FH         LINE#         33
  C:455FH         LINE#         35
  C:4561H         LINE#         36
  -------         ENDPROC       _CRC_HIGH_FIRST
  -------         PROC          _ISCMDPKT
  D:0001H         SYMBOL        ptr
  X:81FEH         SYMBOL        len
  -------         DO            
  D:0001H         SYMBOL        cmdPtr
  X:81FFH         SYMBOL        crc
  -------         ENDDO         
  C:4E34H         LINE#         38
  C:4E39H         LINE#         39
  C:4E39H         LINE#         43
  C:4E39H         LINE#         51
  C:4E49H         LINE#         52
  C:4E49H         LINE#         53
  C:4E4BH         LINE#         54
  C:4E4BH         LINE#         62
  C:4E4CH         LINE#         64
  -------         ENDPROC       _ISCMDPKT
  -------         PROC          _CHECKDATA
  X:8194H         SYMBOL        ptr
  X:8197H         SYMBOL        len
  -------         DO            
BL51 BANKED LINKER/LOCATER V6.22                                                      11/07/2018  17:13:07  PAGE 16


  D:0007H         SYMBOL        crc
  -------         ENDDO         
  C:488FH         LINE#         69
  C:48A0H         LINE#         70
  C:48A0H         LINE#         73
  C:48A5H         LINE#         74
  C:48C7H         LINE#         75
  C:48C7H         LINE#         76
  C:48C9H         LINE#         77
  C:48C9H         LINE#         79
  C:48CAH         LINE#         80
  -------         ENDPROC       _CHECKDATA
  -------         PROC          _RECEIVECOMPLETEACK
  D:0007H         SYMBOL        pid
  -------         DO            
  X:8194H         SYMBOL        ack_tmp
  X:8198H         SYMBOL        ack_len
  X:8199H         SYMBOL        n
  -------         ENDDO         
  C:45AAH         LINE#         82
  C:45AAH         LINE#         83
  C:45AAH         LINE#         84
  C:45B0H         LINE#         86
  C:45B5H         LINE#         87
  C:45BCH         LINE#         91
  C:45BCH         LINE#         92
  C:45C2H         LINE#         94
  -------         ENDPROC       _RECEIVECOMPLETEACK
  -------         PROC          RF_RX_TOUT
  C:4F48H         LINE#         600
  C:4F48H         LINE#         601
  C:4F48H         LINE#         602
  C:4F57H         LINE#         603
  C:4F57H         LINE#         605
  C:4F59H         LINE#         606
  C:4F59H         LINE#         608
  C:4F5AH         LINE#         609
  -------         ENDPROC       RF_RX_TOUT
  -------         PROC          _USB_DATA_PROC
  D:0007H         SYMBOL        mode
  X:81CCH         SYMBOL        data_buff
  -------         DO            
  X:81CFH         SYMBOL        crc_l
  X:81D0H         SYMBOL        crc_h
  X:81D1H         SYMBOL        crc
  -------         DO            
  X:81D3H         SYMBOL        language
  -------         DO            
  X:81D4H         SYMBOL        tmp_dat
  X:81D8H         SYMBOL        len
  X:81D9H         SYMBOL        tmp
  X:81DAH         SYMBOL        host_id
  -------         ENDDO         
  -------         ENDDO         
  -------         ENDDO         
  C:322CH         LINE#         618
  C:3237H         LINE#         619
BL51 BANKED LINKER/LOCATER V6.22                                                      11/07/2018  17:13:07  PAGE 17


  C:3237H         LINE#         620
  C:3255H         LINE#         621
  C:3255H         LINE#         622
  C:325FH         LINE#         624
  C:3265H         LINE#         625
  C:3265H         LINE#         626
  C:327BH         LINE#         627
  C:328CH         LINE#         629
  C:32B5H         LINE#         631
  C:32DFH         LINE#         632
  C:32DFH         LINE#         635
  C:32F9H         LINE#         637
  C:3303H         LINE#         663
  C:3309H         LINE#         664
  C:3309H         LINE#         666
  C:330EH         LINE#         668
  C:331DH         LINE#         670
  C:3325H         LINE#         671
  C:3327H         LINE#         672
  C:3327H         LINE#         673
  C:333EH         LINE#         674
  C:333EH         LINE#         676
  C:3351H         LINE#         677
  C:335BH         LINE#         678
  C:335BH         LINE#         679
  C:3375H         LINE#         680
  C:3375H         LINE#         682
  C:3392H         LINE#         684
  C:33A1H         LINE#         685
  C:33A1H         LINE#         686
  C:33A1H         LINE#         687
  C:33B5H         LINE#         688
  C:33B7H         LINE#         690
  C:33B7H         LINE#         691
  C:33CBH         LINE#         692
  C:33CDH         LINE#         694
  C:33CDH         LINE#         695
  C:33E1H         LINE#         696
  C:33E1H         LINE#         698
  C:33E1H         LINE#         699
  C:33E1H         LINE#         701
  C:33E1H         LINE#         702
  C:33E1H         LINE#         703
  C:33E1H         LINE#         705
  C:33E4H         LINE#         708
  C:33FEH         LINE#         709
  C:33FEH         LINE#         711
  C:3401H         LINE#         714
  C:3439H         LINE#         715
  C:3439H         LINE#         717
  C:3439H         LINE#         719
  C:3439H         LINE#         720
  C:3439H         LINE#         722
  C:3439H         LINE#         725
  C:3439H         LINE#         727
  C:3450H         LINE#         728
  C:3450H         LINE#         729
BL51 BANKED LINKER/LOCATER V6.22                                                      11/07/2018  17:13:07  PAGE 18


  -------         ENDPROC       _USB_DATA_PROC
  -------         PROC          _USB_DATA_PROC1
  D:0007H         SYMBOL        mode
  X:8194H         SYMBOL        data_buff
  -------         DO            
  X:8197H         SYMBOL        total_len
  -------         ENDDO         
  C:3FC6H         LINE#         738
  C:3FD1H         LINE#         739
  C:3FD1H         LINE#         741
  C:3FD1H         LINE#         742
  C:3FDBH         LINE#         744
  C:3FDEH         LINE#         745
  C:3FDEH         LINE#         748
  C:3FF8H         LINE#         749
  C:4001H         LINE#         750
  C:4015H         LINE#         753
  C:4015H         LINE#         754
  C:4018H         LINE#         757
  C:403EH         LINE#         758
  C:403EH         LINE#         759
  C:403EH         LINE#         760
  C:403EH         LINE#         761
  -------         ENDPROC       _USB_DATA_PROC1
  -------         PROC          _RF_TO_USB
  X:8185H         SYMBOL        mode
  -------         DO            
  B:0020H.4       SYMBOL        rx_ok
  X:8186H         SYMBOL        i
  X:8187H         SYMBOL        ulen
  X:8188H         SYMBOL        ack_data
  X:818CH         SYMBOL        bag_id
  X:818DH         SYMBOL        total_len
  X:818FH         SYMBOL        rx_index
  C:2DB3H         SYMBOL        RF_RECEIVE
  -------         DO            
  X:8192H         SYMBOL        temp_len
  -------         ENDDO         
  -------         ENDDO         
  C:2D93H         LINE#         1013
  C:2D98H         LINE#         1014
  C:2D98H         LINE#         1020
  C:2D9FH         LINE#         1021
  C:2DA8H         LINE#         1024
  C:2DAFH         LINE#         1026
  C:2DB3H         LINE#         1027
  C:2DB3H         LINE#         1028
  C:2DB3H         LINE#         1030
  C:2DB6H         LINE#         1032
  C:2DBCH         LINE#         1033
  C:2DBCH         LINE#         1034
  C:2DC5H         LINE#         1035
  C:2DC7H         LINE#         1037
  C:2DC7H         LINE#         1039
  C:2DDAH         LINE#         1040
  C:2DDAH         LINE#         1042
  C:2DE0H         LINE#         1043
BL51 BANKED LINKER/LOCATER V6.22                                                      11/07/2018  17:13:07  PAGE 19


  C:2DE0H         LINE#         1044
  C:2DF8H         LINE#         1045
  C:2DFAH         LINE#         1047
  C:2DFAH         LINE#         1048
  C:2E08H         LINE#         1049
  C:2E08H         LINE#         1052
  C:2E42H         LINE#         1055
  C:2E48H         LINE#         1056
  C:2E48H         LINE#         1058
  C:2E4FH         LINE#         1061
  C:2E61H         LINE#         1063
  C:2E83H         LINE#         1064
  C:2E83H         LINE#         1065
  C:2E97H         LINE#         1066
  C:2E97H         LINE#         1067
  C:2EC1H         LINE#         1068
  C:2ED9H         LINE#         1090
  C:2EE4H         LINE#         1091
  C:2EE4H         LINE#         1093
  C:2F0FH         LINE#         1094
  C:2F0FH         LINE#         1095
  C:2F1DH         LINE#         1096
  C:2F1DH         LINE#         1097
  C:2F2BH         LINE#         1098
  C:2F31H         LINE#         1099
  C:2F31H         LINE#         1100
  C:2F50H         LINE#         1101
  C:2F52H         LINE#         1103
  C:2F52H         LINE#         1105
  C:2F52H         LINE#         1107
  C:2F52H         LINE#         1108
  C:2F52H         LINE#         1110
  C:2F5EH         LINE#         1111
  C:2F5EH         LINE#         1113
  C:2F61H         LINE#         1114
  C:2F61H         LINE#         1117
  C:2F61H         LINE#         1118
  C:2F63H         LINE#         1119
  C:2F65H         LINE#         1120
  C:2F65H         LINE#         1121
  C:2F65H         LINE#         1123
  C:2F65H         LINE#         1124
  C:2F67H         LINE#         1125
  C:2F69H         LINE#         1126
  C:2F69H         LINE#         1127
  C:2F69H         LINE#         1129
  C:2F69H         LINE#         1130
  C:2F69H         LINE#         1131
  C:2F69H         LINE#         1133
  C:2F6CH         LINE#         1134
  C:2F6CH         LINE#         1135
  C:2F74H         LINE#         1136
  C:2F74H         LINE#         1138
  C:2F74H         LINE#         1141
  C:2F81H         LINE#         1142
  C:2F8AH         LINE#         1143
  C:2F9CH         LINE#         1145
BL51 BANKED LINKER/LOCATER V6.22                                                      11/07/2018  17:13:07  PAGE 20


  C:2FB3H         LINE#         1146
  C:2FB3H         LINE#         1160
  C:2FBEH         LINE#         1161
  C:2FBEH         LINE#         1162
  C:2FC9H         LINE#         1163
  C:2FCCH         LINE#         1164
  C:2FCCH         LINE#         1166
  C:2FCEH         LINE#         1167
  C:2FCEH         LINE#         1168
  C:2FCEH         LINE#         1169
  C:2FCEH         LINE#         1171
  C:2FCEH         LINE#         1172
  C:2FDDH         LINE#         1176
  C:2FDFH         LINE#         1177
  -------         ENDPROC       _RF_TO_USB
  -------         PROC          RF_SLAVE_CONFIG
  -------         DO            
  X:8181H         SYMBOL        init_mac
  -------         ENDDO         
  C:44C2H         LINE#         1349
  C:44C2H         LINE#         1350
  C:44C2H         LINE#         1351
  C:44D5H         LINE#         1353
  C:44DAH         LINE#         1354
  C:44DDH         LINE#         1355
  C:44E6H         LINE#         1357
  C:44EBH         LINE#         1358
  C:44F0H         LINE#         1359
  C:44F5H         LINE#         1361
  C:450AH         LINE#         1362
  C:450DH         LINE#         1363
  -------         ENDPROC       RF_SLAVE_CONFIG
  -------         PROC          RF_SLAVE_UPDATE
  -------         DO            
  X:8181H         SYMBOL        goto_flag
  -------         ENDDO         
  C:4814H         LINE#         1373
  C:4814H         LINE#         1374
  C:4814H         LINE#         1378
  C:4827H         LINE#         1380
  C:482EH         LINE#         1381
  C:4844H         LINE#         1384
  C:4846H         LINE#         1385
  C:4849H         LINE#         1386
  C:484BH         LINE#         1387
  C:484DH         LINE#         1388
  C:484FH         LINE#         1391
  -------         ENDPROC       RF_SLAVE_UPDATE
  -------         ENDMOD        UART2USB

  -------         MODULE        USB_APP
  C:0000H         SYMBOL        _ICE_DUMMY_
  D:0080H         PUBLIC        P0
  D:0090H         PUBLIC        P1
  C:4A47H         SYMBOL        _usb_ret_status
  D:00A0H         PUBLIC        P2
  D:00B0H         PUBLIC        P3
BL51 BANKED LINKER/LOCATER V6.22                                                      11/07/2018  17:13:07  PAGE 21


  C:2FE0H         PUBLIC        _usb_key_send
  D:00F8H         PUBLIC        P4
  C:4DACH         PUBLIC        usb_report_in
  C:4209H         PUBLIC        _usb_report_out
  C:49ABH         SYMBOL        countBufHandle
  C:3D1CH         SYMBOL        _datacheck
  D:00B0H         PUBLIC        CMP0CON0
  D:00C0H         PUBLIC        CMP1CON0
  D:00C8H         PUBLIC        CMP2CON0
  D:00D8H         PUBLIC        CMP3CON0
  D:0088H         PUBLIC        UE0CON
  D:0090H         PUBLIC        UE1CON
  B:00D0H.1       PUBLIC        SFRB
  D:0098H         PUBLIC        UE2CON
  D:00A0H         PUBLIC        UE3CON
  C:5151H         PUBLIC        usb_int_disable
  D:00A8H         PUBLIC        IE0
  D:00AAH         PUBLIC        IE2
  D:00F0H         PUBLIC        B
  C:5106H         SYMBOL        _?ix1000
  C:5157H         PUBLIC        usb_int_enable
  D:00E0H         PUBLIC        ACC
  X:8963H         SYMBOL        countBuf
  X:8200H         PUBLIC        usb_report
  D:0088H         PUBLIC        PG0CON0
  D:00D8H         PUBLIC        ADCCON0
  D:0098H         PUBLIC        PG1CON0
  D:00C0H         PUBLIC        PG2CON0
  D:00C8H         PUBLIC        PG3CON0
  D:00E8H         PUBLIC        PG4CON0
  D:00F8H         PUBLIC        PG5CON0
  C:4905H         SYMBOL        _usb_report_init
  C:4EF6H         SYMBOL        usb_ret_datas
  D:00E8H         PUBLIC        UT0CON0
  X:896AH         SYMBOL        yyy
  C:4C0EH         PUBLIC        _usb_speed_set
  C:3733H         PUBLIC        _usb_gbk_input
  D:0080H         PUBLIC        UBCON
  D:00D0H         PUBLIC        PSW
  -------         PROC          _USB_REPORT_INIT
  X:81C6H         SYMBOL        data_length
  C:4905H         LINE#         16
  C:490AH         LINE#         17
  C:490AH         LINE#         19
  C:4919H         LINE#         21
  C:491FH         LINE#         23
  C:4925H         LINE#         24
  C:4928H         LINE#         25
  C:4930H         LINE#         27
  C:493CH         LINE#         28
  -------         ENDPROC       _USB_REPORT_INIT
  -------         PROC          USB_RET_DATAS
  C:4EF6H         LINE#         39
  C:4EF6H         LINE#         40
  C:4EF6H         LINE#         41
  C:4EF8H         LINE#         44
  -------         ENDPROC       USB_RET_DATAS
BL51 BANKED LINKER/LOCATER V6.22                                                      11/07/2018  17:13:07  PAGE 22


  -------         PROC          _USB_RET_STATUS
  X:81C4H         SYMBOL        status
  X:81C5H         SYMBOL        ret_type
  C:4A47H         LINE#         56
  C:4A4FH         LINE#         57
  C:4A4FH         LINE#         58
  C:4A54H         LINE#         60
  C:4A5CH         LINE#         61
  C:4A65H         LINE#         64
  C:4A74H         LINE#         67
  -------         ENDPROC       _USB_RET_STATUS
  -------         PROC          _USB_REPORT_OUT
  X:81C7H         SYMBOL        dat_cnt
  C:4209H         LINE#         78
  C:420EH         LINE#         79
  C:420EH         LINE#         80
  C:4214H         LINE#         81
  C:4214H         LINE#         83
  C:4218H         LINE#         84
  C:421BH         LINE#         86
  C:4225H         LINE#         87
  C:4225H         LINE#         88
  C:4245H         LINE#         89
  C:424BH         LINE#         90
  C:424BH         LINE#         91
  C:424DH         LINE#         93
  C:424DH         LINE#         94
  C:426CH         LINE#         95
  C:4277H         LINE#         96
  C:4277H         LINE#         97
  -------         ENDPROC       _USB_REPORT_OUT
  -------         PROC          USB_REPORT_IN
  C:4DACH         LINE#         107
  C:4DACH         LINE#         108
  C:4DACH         LINE#         109
  C:4DB4H         LINE#         110
  C:4DB4H         LINE#         111
  C:4DB4H         LINE#         112
  C:4DBAH         LINE#         113
  C:4DBEH         LINE#         114
  C:4DC0H         LINE#         116
  C:4DC0H         LINE#         117
  C:4DC7H         LINE#         118
  C:4DC7H         LINE#         119
  C:4DC7H         LINE#         120
  -------         ENDPROC       USB_REPORT_IN
  C:4C09H         SYMBOL        L?0069
  -------         PROC          L?0068
  -------         ENDPROC       L?0068
  C:4C09H         SYMBOL        L?0069
  -------         PROC          _USB_SPEED_SET
  X:81B2H         SYMBOL        usb_speed
  C:4C0EH         LINE#         133
  C:4C13H         LINE#         134
  C:4C13H         LINE#         135
  C:4C15H         LINE#         136
  C:4C15H         LINE#         138
BL51 BANKED LINKER/LOCATER V6.22                                                      11/07/2018  17:13:07  PAGE 23


  C:4C15H         LINE#         139
  C:4C1CH         LINE#         140
  C:4C1CH         LINE#         141
  C:4C1EH         LINE#         142
  C:4C20H         LINE#         143
  C:4C27H         LINE#         144
  C:4C27H         LINE#         145
  C:4C29H         LINE#         146
  C:4C2BH         LINE#         148
  C:4C2BH         LINE#         149
  C:4C30H         LINE#         150
  C:4C30H         LINE#         151
  -------         ENDPROC       _USB_SPEED_SET
  -------         PROC          _USB_GBK_INPUT
  D:0002H         SYMBOL        gbk
  X:81ABH         SYMBOL        speed
  -------         DO            
  X:81ACH         SYMBOL        i
  X:81ADH         SYMBOL        key
  -------         ENDDO         
  C:3733H         LINE#         156
  C:373CH         LINE#         157
  C:373CH         LINE#         160
  C:3748H         LINE#         161
  C:3757H         LINE#         162
  C:3763H         LINE#         163
  C:3772H         LINE#         164
  C:377EH         LINE#         165
  C:378DH         LINE#         166
  C:3799H         LINE#         167
  C:37A8H         LINE#         168
  C:37B4H         LINE#         170
  C:37BEH         LINE#         171
  C:37CDH         LINE#         172
  C:37CDH         LINE#         173
  C:37DEH         LINE#         174
  C:37DEH         LINE#         175
  C:37EBH         LINE#         176
  C:37EDH         LINE#         178
  C:37EDH         LINE#         179
  C:37FFH         LINE#         180
  C:37FFH         LINE#         181
  C:3816H         LINE#         182
  C:3820H         LINE#         183
  C:3828H         LINE#         184
  -------         ENDPROC       _USB_GBK_INPUT
  -------         PROC          _DATACHECK
  X:81ABH         SYMBOL        send_buff
  X:81AEH         SYMBOL        length
  -------         DO            
  X:81B0H         SYMBOL        i
  -------         ENDDO         
  C:3D1CH         LINE#         198
  C:3D2DH         LINE#         199
  C:3D2DH         LINE#         201
  C:3D32H         LINE#         202
  C:3D34H         LINE#         204
BL51 BANKED LINKER/LOCATER V6.22                                                      11/07/2018  17:13:07  PAGE 24


  C:3D51H         LINE#         205
  C:3D51H         LINE#         206
  C:3D78H         LINE#         207
  C:3D78H         LINE#         208
  C:3D7AH         LINE#         209
  C:3D7AH         LINE#         210
  C:3D82H         LINE#         211
  C:3DA5H         LINE#         212
  C:3DA5H         LINE#         213
  C:3DA7H         LINE#         214
  C:3DA7H         LINE#         216
  C:3DA8H         LINE#         217
  -------         ENDPROC       _DATACHECK
  -------         PROC          COUNTBUFHANDLE
  -------         DO            
  D:0007H         SYMBOL        carry
  D:0006H         SYMBOL        i
  -------         ENDDO         
  C:49ABH         LINE#         221
  C:49ABH         LINE#         222
  C:49ABH         LINE#         223
  C:49ADH         LINE#         225
  C:49ADH         LINE#         226
  C:49AFH         LINE#         227
  C:49BCH         LINE#         228
  C:49CAH         LINE#         229
  C:49CAH         LINE#         230
  C:49D6H         LINE#         231
  C:49D7H         LINE#         232
  C:49D8H         LINE#         233
  C:49DCH         LINE#         234
  C:49DCH         LINE#         236
  C:49DCH         LINE#         237
  C:49DCH         LINE#         238
  C:49DFH         LINE#         239
  -------         ENDPROC       COUNTBUFHANDLE
  -------         PROC          _USB_KEY_SEND
  X:8199H         SYMBOL        send_buff
  X:819CH         SYMBOL        length
  X:819EH         SYMBOL        speed
  -------         DO            
  X:819FH         SYMBOL        dat_buff
  X:81A7H         SYMBOL        index
  X:81A8H         SYMBOL        tmp
  -------         DO            
  X:81A9H         SYMBOL        gbk
  -------         ENDDO         
  -------         ENDDO         
  C:2FE0H         LINE#         240
  C:2FF1H         LINE#         241
  C:2FF1H         LINE#         243
  C:3004H         LINE#         247
  C:3007H         LINE#         250
  C:301DH         LINE#         251
  C:301DH         LINE#         252
  C:302DH         LINE#         253
  C:3040H         LINE#         254
BL51 BANKED LINKER/LOCATER V6.22                                                      11/07/2018  17:13:07  PAGE 25


  C:3048H         LINE#         255
  C:3050H         LINE#         256
  C:3058H         LINE#         257
  C:3060H         LINE#         258
  C:3069H         LINE#         259
  C:306BH         LINE#         261
  C:306BH         LINE#         262
  C:3081H         LINE#         263
  C:309AH         LINE#         264
  C:30A6H         LINE#         265
  C:30B2H         LINE#         266
  C:30BEH         LINE#         267
  C:30CAH         LINE#         268
  C:30D2H         LINE#         269
  C:30DBH         LINE#         270
  C:30DBH         LINE#         272
  C:30ECH         LINE#         273
  C:30ECH         LINE#         275
  C:30FAH         LINE#         276
  C:30FAH         LINE#         277
  C:30FFH         LINE#         278
  C:3101H         LINE#         279
  C:3101H         LINE#         281
  C:3104H         LINE#         283
  C:311BH         LINE#         286
  C:311FH         LINE#         287
  C:311FH         LINE#         288
  C:312EH         LINE#         289
  C:312EH         LINE#         292
  C:314AH         LINE#         293
  C:3153H         LINE#         294
  C:3174H         LINE#         295
  C:3182H         LINE#         297
  C:318AH         LINE#         298
  C:318CH         LINE#         299
  C:318CH         LINE#         301
  C:318CH         LINE#         302
  C:318EH         LINE#         303
  C:318EH         LINE#         304
  C:318EH         LINE#         306
  C:318EH         LINE#         307
  C:3198H         LINE#         308
  C:31A5H         LINE#         310
  C:31A5H         LINE#         312
  C:31C8H         LINE#         314
  C:31CDH         LINE#         315
  C:31CDH         LINE#         317
  C:31D5H         LINE#         318
  C:31F8H         LINE#         324
  C:3203H         LINE#         325
  C:320BH         LINE#         328
  C:3210H         LINE#         329
  C:3214H         LINE#         330
  C:321FH         LINE#         331
  C:3227H         LINE#         332
  C:3227H         LINE#         333
  C:3227H         LINE#         335
BL51 BANKED LINKER/LOCATER V6.22                                                      11/07/2018  17:13:07  PAGE 26


  C:322AH         LINE#         337
  C:322BH         LINE#         338
  -------         ENDPROC       _USB_KEY_SEND
  -------         PROC          USB_INT_DISABLE
  C:5151H         LINE#         341
  C:5151H         LINE#         342
  C:5151H         LINE#         343
  C:5153H         LINE#         344
  C:5156H         LINE#         345
  -------         ENDPROC       USB_INT_DISABLE
  -------         PROC          USB_INT_ENABLE
  C:5157H         LINE#         347
  C:5157H         LINE#         348
  C:5157H         LINE#         349
  C:5159H         LINE#         350
  C:515CH         LINE#         351
  -------         ENDPROC       USB_INT_ENABLE
  -------         ENDMOD        USB_APP

  -------         MODULE        RF
  C:0000H         SYMBOL        _ICE_DUMMY_
  D:0080H         PUBLIC        P0
  D:0090H         PUBLIC        P1
  D:00A0H         PUBLIC        P2
  D:00B0H         PUBLIC        P3
  D:00F8H         PUBLIC        P4
  C:4A77H         PUBLIC        _rf_get_mac
  C:1806H         PUBLIC        _rf_set_pipe
  C:180EH         PUBLIC        _rf_set_mac
  D:00B0H         PUBLIC        CMP0CON0
  C:43B5H         PUBLIC        rf_ch_list
  D:00C0H         PUBLIC        CMP1CON0
  D:00C8H         PUBLIC        CMP2CON0
  D:00D8H         PUBLIC        CMP3CON0
  D:0088H         PUBLIC        UE0CON
  D:0090H         PUBLIC        UE1CON
  D:0098H         PUBLIC        UE2CON
  D:00A0H         PUBLIC        UE3CON
  C:4D54H         PUBLIC        rf_set_ch
  D:00A8H         PUBLIC        IE0
  D:00F0H         PUBLIC        B
  C:50A7H         SYMBOL        rf_goto_next_ch
  D:00E0H         PUBLIC        ACC
  C:4403H         PUBLIC        mac_dat
  D:0088H         PUBLIC        PG0CON0
  D:00D8H         PUBLIC        ADCCON0
  D:0098H         PUBLIC        PG1CON0
  D:00C0H         PUBLIC        PG2CON0
  D:00C8H         PUBLIC        PG3CON0
  D:00E8H         PUBLIC        PG4CON0
  D:00F8H         PUBLIC        PG5CON0
  C:4CCDH         SYMBOL        rf_get_ch_no
  C:3DA9H         PUBLIC        _rf_transceiver
  C:43A5H         PUBLIC        rf_ack
  D:00E8H         PUBLIC        UT0CON0
  C:45F1H         PUBLIC        rf_init
  D:0080H         PUBLIC        UBCON
BL51 BANKED LINKER/LOCATER V6.22                                                      11/07/2018  17:13:07  PAGE 27


  D:00D0H         PUBLIC        PSW
  -------         PROC          RF_GOTO_NEXT_CH
  C:50A7H         LINE#         92
  C:50A7H         LINE#         93
  C:50A7H         LINE#         94
  C:50AAH         LINE#         97
  C:50AEH         LINE#         98
  C:50AEH         LINE#         99
  C:50B0H         LINE#         100
  C:50B0H         LINE#         101
  -------         ENDPROC       RF_GOTO_NEXT_CH
  -------         PROC          _RF_SET_PIPE
  D:0007H         SYMBOL        pipe_x
  C:1806H         LINE#         123
  C:1806H         LINE#         124
  C:1806H         LINE#         125
  C:180AH         LINE#         126
  -------         ENDPROC       _RF_SET_PIPE
  -------         PROC          RF_GET_CH_NO
  C:4CCDH         LINE#         137
  C:4CCDH         LINE#         138
  C:4CCDH         LINE#         139
  C:4CEFH         LINE#         140
  -------         ENDPROC       RF_GET_CH_NO
  -------         PROC          RF_SET_CH
  -------         DO            
  X:81A7H         SYMBOL        ch_no
  -------         ENDDO         
  C:4D54H         LINE#         150
  C:4D54H         LINE#         151
  C:4D54H         LINE#         155
  C:4D57H         LINE#         158
  C:4D5AH         LINE#         161
  C:4D61H         LINE#         164
  C:4D6CH         LINE#         166
  C:4D71H         LINE#         167
  -------         ENDPROC       RF_SET_CH
  -------         PROC          _RF_GET_MAC
  X:8194H         SYMBOL        mac
  -------         DO            
  X:8197H         SYMBOL        snr
  -------         ENDDO         
  C:4A77H         LINE#         177
  C:4A82H         LINE#         178
  C:4A82H         LINE#         183
  C:4A8BH         LINE#         184
  -------         ENDPROC       _RF_GET_MAC
  -------         PROC          _RF_SET_MAC
  D:0001H         SYMBOL        mac
  C:180EH         LINE#         195
  C:180EH         LINE#         196
  C:180EH         LINE#         197
  -------         ENDPROC       _RF_SET_MAC
  -------         PROC          RF_INIT
  -------         DO            
  X:8181H         SYMBOL        i
  -------         ENDDO         
BL51 BANKED LINKER/LOCATER V6.22                                                      11/07/2018  17:13:07  PAGE 28


  C:45F1H         LINE#         207
  C:45F1H         LINE#         208
  C:45F1H         LINE#         213
  C:45F4H         LINE#         218
  C:45FDH         LINE#         219
  C:4612H         LINE#         222
  C:4617H         LINE#         223
  C:4617H         LINE#         224
  C:461CH         LINE#         225
  C:461CH         LINE#         229
  C:461FH         LINE#         230
  C:4622H         LINE#         232
  C:4624H         LINE#         233
  C:4624H         LINE#         235
  C:4629H         LINE#         236
  C:4635H         LINE#         241
  C:4636H         LINE#         242
  -------         ENDPROC       RF_INIT
  -------         PROC          _RF_TRANSCEIVER
  X:819AH         SYMBOL        rf_dir
  X:819BH         SYMBOL        t_out
  X:819CH         SYMBOL        tx_src
  X:819FH         SYMBOL        tx_len
  X:81A0H         SYMBOL        rx_dst
  X:81A3H         SYMBOL        dst_len
  X:81A4H         SYMBOL        rx_len
  -------         DO            
  B:0020H.5       SYMBOL        flag
  -------         ENDDO         
  C:3DA9H         LINE#         252
  C:3DBAH         LINE#         257
  C:3DBAH         LINE#         258
  C:3DBCH         LINE#         261
  C:3DBFH         LINE#         263
  C:3DBFH         LINE#         264
  C:3DBFH         LINE#         265
  C:3E1FH         LINE#         286
  C:3E22H         LINE#         287
  C:3E22H         LINE#         288
  C:3E22H         LINE#         289
  C:3E22H         LINE#         292
  C:3E27H         LINE#         293
  C:3E27H         LINE#         294
  C:3E27H         LINE#         295
  C:3E27H         LINE#         298
  C:3E2AH         LINE#         300
  C:3E2DH         LINE#         301
  C:3E2FH         LINE#         304
  C:3E32H         LINE#         306
  C:3E34H         LINE#         307
  -------         ENDPROC       _RF_TRANSCEIVER
  -------         ENDMOD        RF

  -------         MODULE        INTERRUPT
  C:0000H         SYMBOL        _ICE_DUMMY_
  D:0080H         PUBLIC        P0
  D:0090H         PUBLIC        P1
BL51 BANKED LINKER/LOCATER V6.22                                                      11/07/2018  17:13:07  PAGE 29


  D:00A0H         PUBLIC        P2
  D:00B0H         PUBLIC        P3
  D:00F8H         PUBLIC        P4
  C:4CF0H         PUBLIC        WDT_Handler
  C:1811H         PUBLIC        PORT0_Handler
  C:1812H         PUBLIC        PORT1_Handler
  C:1819H         PUBLIC        PORT2_Handler
  C:181AH         PUBLIC        PORT3_Handler
  I:000FH         PUBLIC        delay_tick
  D:00B0H         PUBLIC        CMP0CON0
  D:00C0H         PUBLIC        CMP1CON0
  D:00C8H         PUBLIC        CMP2CON0
  D:00D8H         PUBLIC        CMP3CON0
  D:0088H         PUBLIC        UE0CON
  D:0090H         PUBLIC        UE1CON
  B:00D0H.1       PUBLIC        SFRB
  D:0098H         PUBLIC        UE2CON
  D:00A0H         PUBLIC        UE3CON
  D:00EBH         PUBLIC        UT0BUF
  D:00A8H         PUBLIC        IE0
  D:00F0H         PUBLIC        B
  D:00E0H         PUBLIC        ACC
  D:0084H         PUBLIC        WDTCON
  C:40B8H         PUBLIC        TIMER0_Handler
  D:0085H         PUBLIC        WDTCNT
  C:4F20H         PUBLIC        TIMER1_Handler
  D:0088H         PUBLIC        PG0CON0
  D:00D8H         PUBLIC        ADCCON0
  D:0098H         PUBLIC        PG1CON0
  D:00C0H         PUBLIC        PG2CON0
  D:00C8H         PUBLIC        PG3CON0
  D:00E8H         PUBLIC        PG4CON0
  D:00F8H         PUBLIC        PG5CON0
  C:4C31H         PUBLIC        UART_Handler
  D:00E1H         PUBLIC        T0CON
  D:00F1H         PUBLIC        T1CON
  C:1821H         PUBLIC        ADC_Handler
  D:00E8H         PUBLIC        UT0CON0
  B:00E8H.5       PUBLIC        UT0RF
  D:0080H         PUBLIC        UBCON
  D:00D0H         PUBLIC        PSW
  -------         PROC          PORT0_HANDLER
  C:1811H         LINE#         11
  C:1811H         LINE#         14
  -------         ENDPROC       PORT0_HANDLER
  -------         PROC          PORT1_HANDLER
  C:1812H         LINE#         24
  C:1812H         LINE#         27
  -------         ENDPROC       PORT1_HANDLER
  -------         PROC          PORT2_HANDLER
  C:1819H         LINE#         37
  C:1819H         LINE#         40
  -------         ENDPROC       PORT2_HANDLER
  -------         PROC          PORT3_HANDLER
  C:181AH         LINE#         49
  C:181AH         LINE#         52
  -------         ENDPROC       PORT3_HANDLER
BL51 BANKED LINKER/LOCATER V6.22                                                      11/07/2018  17:13:07  PAGE 30


  -------         PROC          TIMER0_HANDLER
  -------         DO            
  B:0020H.0       SYMBOL        sfrb_bak
  -------         ENDDO         
  C:40B8H         LINE#         62
  C:40D5H         LINE#         64
  C:40D9H         LINE#         67
  C:40DBH         LINE#         68
  C:40DEH         LINE#         74
  C:40E1H         LINE#         111
  C:40EFH         LINE#         113
  C:40F9H         LINE#         114
  C:40F9H         LINE#         115
  C:4107H         LINE#         116
  C:4107H         LINE#         117
  C:4107H         LINE#         119
  C:4107H         LINE#         120
  C:4107H         LINE#         121
  C:410AH         LINE#         125
  C:410EH         LINE#         126
  -------         ENDPROC       TIMER0_HANDLER
  -------         PROC          TIMER1_HANDLER
  -------         DO            
  B:0020H.1       SYMBOL        sfrb_bak
  -------         ENDDO         
  C:4F20H         LINE#         135
  C:4F22H         LINE#         137
  C:4F26H         LINE#         140
  C:4F28H         LINE#         141
  C:4F2BH         LINE#         142
  C:4F2DH         LINE#         146
  C:4F31H         LINE#         147
  -------         ENDPROC       TIMER1_HANDLER
  -------         PROC          WDT_HANDLER
  -------         DO            
  B:0020H.2       SYMBOL        sfrb_bak
  -------         ENDDO         
  C:4CF0H         LINE#         156
  C:4CF4H         LINE#         158
  C:4CF8H         LINE#         161
  C:4CFAH         LINE#         162
  C:4CFFH         LINE#         163
  C:4CFFH         LINE#         165
  C:4D02H         LINE#         168
  C:4D05H         LINE#         171
  C:4D08H         LINE#         172
  C:4D08H         LINE#         173
  C:4D0AH         LINE#         177
  C:4D0EH         LINE#         178
  -------         ENDPROC       WDT_HANDLER
  -------         PROC          ADC_HANDLER
  C:1821H         LINE#         187
  C:1821H         LINE#         190
  -------         ENDPROC       ADC_HANDLER
  -------         PROC          UART_HANDLER
  -------         DO            
  X:8180H         SYMBOL        buf
BL51 BANKED LINKER/LOCATER V6.22                                                      11/07/2018  17:13:07  PAGE 31


  B:0020H.3       SYMBOL        sfrb_bak
  -------         ENDDO         
  C:4C31H         LINE#         199
  C:4C39H         LINE#         203
  C:4C3DH         LINE#         206
  C:4C3FH         LINE#         207
  C:4C42H         LINE#         208
  C:4C42H         LINE#         209
  C:4C44H         LINE#         210
  C:4C4AH         LINE#         215
  C:4C4AH         LINE#         216
  C:4C4CH         LINE#         220
  C:4C50H         LINE#         221
  -------         ENDPROC       UART_HANDLER
  -------         ENDMOD        INTERRUPT

  -------         MODULE        ASCII2HID
  C:0000H         SYMBOL        _ICE_DUMMY_
  C:1B92H         PUBLIC        lang_Spain
  C:1E92H         PUBLIC        lang_Italy
  C:1F52H         PUBLIC        lang_UK
  C:1A12H         PUBLIC        lang_TurkeyF
  C:1D12H         PUBLIC        lang_France
  C:1C52H         PUBLIC        lang_Portugal
  C:1DD2H         PUBLIC        lang_Germany
  C:2192H         PUBLIC        lang_ptr
  C:1AD2H         PUBLIC        lang_TurkeyQ
  C:188EH         PUBLIC        lang_USA
  C:20D2H         PUBLIC        lang_Japan
  C:2012H         PUBLIC        lang_Czech
  -------         ENDMOD        ASCII2HID

  -------         MODULE        XN297L
  C:0000H         SYMBOL        _ICE_DUMMY_
  D:0080H         PUBLIC        P0
  C:4562H         SYMBOL        _xn297l_read_bytes
  D:0090H         PUBLIC        P1
  D:00A0H         PUBLIC        P2
  D:00B0H         PUBLIC        P3
  D:00F8H         PUBLIC        P4
  C:4DE4H         SYMBOL        xn297l_chip_reset
  C:510EH         PUBLIC        xn297l_goto_wakeup
  C:50ECH         SYMBOL        _xn297l_clear_irq_flag
  C:3836H         PUBLIC        xn297l_init
  C:50C5H         PUBLIC        xn297l_goto_sleep
  C:4637H         SYMBOL        _xn297l_write_bytes
  C:3932H         PUBLIC        _xn297l_transceive
  C:4ABAH         SYMBOL        _xn297l_write_ack_fifo
  D:00B0H         PUBLIC        CMP0CON0
  D:00C0H         PUBLIC        CMP1CON0
  D:00C8H         PUBLIC        CMP2CON0
  D:00D8H         PUBLIC        CMP3CON0
  D:0088H         PUBLIC        UE0CON
  D:0090H         PUBLIC        UE1CON
  B:00D0H.1       PUBLIC        SFRB
  D:0098H         PUBLIC        UE2CON
  C:4F81H         SYMBOL        _xn297l_write_pld_fifo
BL51 BANKED LINKER/LOCATER V6.22                                                      11/07/2018  17:13:07  PAGE 32


  D:00A0H         PUBLIC        UE3CON
  C:5135H         PUBLIC        xn297l_clear_rx_fifo
  C:512EH         PUBLIC        xn297l_clear_tx_fifo
  B:00F8H.3       PUBLIC        P43
  B:00B0H.4       PUBLIC        P34
  C:4B31H         PUBLIC        _xn297l_set_mac
  C:4407H         PUBLIC        xn297l_init_seq
  C:4B89H         PUBLIC        _xn297l_read_1byte
  D:00A8H         PUBLIC        IE0
  D:00F0H         PUBLIC        B
  C:4F5BH         SYMBOL        xn297l_get_irq_flag
  C:3EC1H         PUBLIC        _RF_Carrier
  D:00E0H         PUBLIC        ACC
  C:4E4DH         SYMBOL        _xn297l_write_1byte
  C:511EH         SYMBOL        xn297l_rx_start
  C:5116H         SYMBOL        xn297l_tx_start
  D:0088H         PUBLIC        PG0CON0
  D:00D8H         PUBLIC        ADCCON0
  D:0098H         PUBLIC        PG1CON0
  D:00C0H         PUBLIC        PG2CON0
  D:00C8H         PUBLIC        PG3CON0
  D:00E8H         PUBLIC        PG4CON0
  C:4F93H         SYMBOL        xn297l_goto_rx
  C:5143H         PUBLIC        xn297l_set_ce_0
  D:00F8H         PUBLIC        PG5CON0
  C:513CH         PUBLIC        xn297l_set_ce_1
  C:4EC8H         SYMBOL        xn297l_goto_tx
  C:50E3H         PUBLIC        _xn297l_set_channel
  D:00E8H         PUBLIC        UT0CON0
  C:50B1H         PUBLIC        xn297l_goto_stb1
  C:50BBH         PUBLIC        xn297l_goto_stb3
  I:0008H         PUBLIC        xn297l
  D:0080H         PUBLIC        UBCON
  D:00D0H         PUBLIC        PSW
  C:4469H         SYMBOL        _xn297l_fifo_read
  -------         PROC          _XN297L_WRITE_1BYTE
  D:0007H         SYMBOL        reg_addr
  X:81B6H         SYMBOL        reg_dat
  C:4E4DH         LINE#         72
  C:4E52H         LINE#         73
  C:4E52H         LINE#         74
  C:4E54H         LINE#         75
  C:4E56H         LINE#         78
  C:4E59H         LINE#         79
  C:4E61H         LINE#         81
  C:4E63H         LINE#         82
  C:4E65H         LINE#         84
  -------         ENDPROC       _XN297L_WRITE_1BYTE
  -------         PROC          _XN297L_WRITE_BYTES
  D:0007H         SYMBOL        reg_addr
  X:81BCH         SYMBOL        reg_dat
  X:81BFH         SYMBOL        dat_len
  -------         DO            
  X:81C0H         SYMBOL        i
  -------         ENDDO         
  C:4637H         LINE#         94
  C:4642H         LINE#         95
BL51 BANKED LINKER/LOCATER V6.22                                                      11/07/2018  17:13:07  PAGE 33


  C:4642H         LINE#         98
  C:4644H         LINE#         99
  C:4646H         LINE#         102
  C:4649H         LINE#         104
  C:4659H         LINE#         105
  C:4659H         LINE#         106
  C:4670H         LINE#         107
  C:4678H         LINE#         109
  C:467AH         LINE#         110
  C:467CH         LINE#         112
  -------         ENDPROC       _XN297L_WRITE_BYTES
  -------         PROC          _XN297L_READ_1BYTE
  D:0007H         SYMBOL        reg_addr
  X:81BEH         SYMBOL        reg_dat
  C:4B89H         LINE#         141
  C:4B94H         LINE#         142
  C:4B94H         LINE#         143
[...]
  C:3CDAH         LINE#         127
  C:3CDFH         LINE#         128
  C:3CDFH         LINE#         129
  C:3CDFH         LINE#         131
  C:3CE2H         LINE#         134
  C:3CE8H         LINE#         135
  C:3CECH         LINE#         137
  C:3CF1H         LINE#         139
  C:3CF4H         LINE#         140
  C:3CF7H         LINE#         142
  C:3CFCH         LINE#         143
  C:3CFCH         LINE#         144
  C:3CFCH         LINE#         146
BL51 BANKED LINKER/LOCATER V6.22                                                      11/07/2018  17:13:07  PAGE 69


  C:3CFFH         LINE#         148
  C:3D06H         LINE#         149
  C:3D1BH         LINE#         150
  -------         ENDPROC       _FLASH_WRITE
  -------         ENDMOD        DRV_FLASH

  -------         MODULE        DRV_WATCHDOG
  C:0000H         SYMBOL        _ICE_DUMMY_
  D:0080H         PUBLIC        P0
  D:0090H         PUBLIC        P1
  D:00A0H         PUBLIC        P2
  D:00B0H         PUBLIC        P3
  D:00F8H         PUBLIC        P4
  D:0086H         PUBLIC        WDTPR
  D:00B0H         PUBLIC        CMP0CON0
  D:00C0H         PUBLIC        CMP1CON0
  D:00C8H         PUBLIC        CMP2CON0
  D:00D8H         PUBLIC        CMP3CON0
  D:0088H         PUBLIC        UE0CON
  C:4FB6H         PUBLIC        Watchdog_feed
  D:0090H         PUBLIC        UE1CON
  B:00D0H.1       PUBLIC        SFRB
  D:0098H         PUBLIC        UE2CON
  D:00A0H         PUBLIC        UE3CON
  D:00A8H         PUBLIC        IE0
  D:00F0H         PUBLIC        B
  D:00E0H         PUBLIC        ACC
  D:0084H         PUBLIC        WDTCON
  D:0085H         PUBLIC        WDTCNT
  D:0088H         PUBLIC        PG0CON0
  D:00D8H         PUBLIC        ADCCON0
  D:0098H         PUBLIC        PG1CON0
  D:00C0H         PUBLIC        PG2CON0
  D:00C8H         PUBLIC        PG3CON0
  D:00E8H         PUBLIC        PG4CON0
  D:00F8H         PUBLIC        PG5CON0
  D:00E8H         PUBLIC        UT0CON0
  C:4E1AH         PUBLIC        _watchdog_init
  D:0080H         PUBLIC        UBCON
  D:00D0H         PUBLIC        PSW
  -------         PROC          _WATCHDOG_INIT
  D:0007H         SYMBOL        t
  C:4E1AH         LINE#         11
  C:4E1AH         LINE#         12
  C:4E1AH         LINE#         14
  C:4E1CH         LINE#         17
  C:4E1FH         LINE#         19
  C:4E22H         LINE#         22
  C:4E25H         LINE#         24
  C:4E2DH         LINE#         32
  C:4E30H         LINE#         34
  C:4E33H         LINE#         35
  -------         ENDPROC       _WATCHDOG_INIT
  -------         PROC          WATCHDOG_FEED
  -------         DO            
  B:0020H.6       SYMBOL        sfrb_bak
  -------         ENDDO         
BL51 BANKED LINKER/LOCATER V6.22                                                      11/07/2018  17:13:07  PAGE 70


  C:4FB6H         LINE#         45
  C:4FB6H         LINE#         46
  C:4FB6H         LINE#         47
  C:4FBAH         LINE#         50
  C:4FBCH         LINE#         53
  C:4FBFH         LINE#         56
  C:4FC2H         LINE#         58
  C:4FC6H         LINE#         59
  -------         ENDPROC       WATCHDOG_FEED
  -------         ENDMOD        DRV_WATCHDOG

  -------         MODULE        DRV_SPI_SIMULATE
  C:0000H         SYMBOL        _ICE_DUMMY_
  D:0080H         PUBLIC        P0
  D:0090H         PUBLIC        P1
  D:00A0H         PUBLIC        P2
  D:00B0H         PUBLIC        P3
  D:00F8H         PUBLIC        P4
  D:00FAH         PUBLIC        P4IE
  D:00B1H         PUBLIC        P3OE
  D:00F9H         PUBLIC        P4OE
  C:493DH         PUBLIC        _spi_send_1byte
  D:00B0H         PUBLIC        CMP0CON0
  D:00C0H         PUBLIC        CMP1CON0
  D:00C8H         PUBLIC        CMP2CON0
  D:00D8H         PUBLIC        CMP3CON0
  D:0088H         PUBLIC        UE0CON
  D:0090H         PUBLIC        UE1CON
  B:00D0H.1       PUBLIC        SFRB
  D:0098H         PUBLIC        UE2CON
  D:00A0H         PUBLIC        UE3CON
  B:00B0H.4       PUBLIC        P34
  B:00F8H.4       PUBLIC        P44
  B:00B0H.5       PUBLIC        P35
  B:00F8H.5       PUBLIC        P45
  D:00A8H         PUBLIC        IE0
  D:00F0H         PUBLIC        B
  D:00E0H         PUBLIC        ACC
  D:0088H         PUBLIC        PG0CON0
  D:00D8H         PUBLIC        ADCCON0
  D:0098H         PUBLIC        PG1CON0
  D:00C0H         PUBLIC        PG2CON0
  D:00C8H         PUBLIC        PG3CON0
  D:00E8H         PUBLIC        PG4CON0
  D:00F8H         PUBLIC        PG5CON0
  C:4F0BH         PUBLIC        spi_init
  D:00E8H         PUBLIC        UT0CON0
  D:0080H         PUBLIC        UBCON
  D:00D0H         PUBLIC        PSW
  -------         PROC          SPI_INIT
  C:4F0BH         LINE#         11
  C:4F0BH         LINE#         12
  C:4F0BH         LINE#         14
  C:4F0DH         LINE#         16
  C:4F10H         LINE#         17
  C:4F12H         LINE#         18
  C:4F15H         LINE#         19
BL51 BANKED LINKER/LOCATER V6.22                                                      11/07/2018  17:13:07  PAGE 71


  C:4F17H         LINE#         22
  C:4F19H         LINE#         23
  C:4F1CH         LINE#         24
  C:4F1FH         LINE#         25
  -------         ENDPROC       SPI_INIT
  -------         PROC          _SPI_SEND_1BYTE
  D:0007H         SYMBOL        byte
  -------         DO            
  D:0005H         SYMBOL        i
  D:0006H         SYMBOL        dat
  -------         ENDDO         
  C:493DH         LINE#         34
  C:493DH         LINE#         35
  C:493DH         LINE#         38
  C:493FH         LINE#         39
  C:493FH         LINE#         40
  C:4941H         LINE#         41
  C:4945H         LINE#         42
  C:4949H         LINE#         44
  C:494BH         LINE#         45
  C:494FH         LINE#         47
  C:4951H         LINE#         49
  C:4953H         LINE#         50
  C:4955H         LINE#         52
  C:4959H         LINE#         53
  C:495BH         LINE#         54
  C:495EH         LINE#         55
  C:4963H         LINE#         57
  C:4967H         LINE#         59
  C:4969H         LINE#         61
  C:496BH         LINE#         62
  C:496DH         LINE#         63
  C:4972H         LINE#         65
  C:4974H         LINE#         66
  -------         ENDPROC       _SPI_SEND_1BYTE
  -------         ENDMOD        DRV_SPI_SIMULATE

  -------         MODULE        DELAY
  C:0000H         SYMBOL        _ICE_DUMMY_
  D:0080H         PUBLIC        P0
  D:0090H         PUBLIC        P1
  D:00A0H         PUBLIC        P2
  D:00B0H         PUBLIC        P3
  D:00F8H         PUBLIC        P4
  C:4E7FH         PUBLIC        _delay_1ms
  C:4EDFH         PUBLIC        _delay_1us
  D:00B0H         PUBLIC        CMP0CON0
  D:00C0H         PUBLIC        CMP1CON0
  D:00C8H         PUBLIC        CMP2CON0
  D:00D8H         PUBLIC        CMP3CON0
  D:0088H         PUBLIC        UE0CON
  D:0090H         PUBLIC        UE1CON
  D:0098H         PUBLIC        UE2CON
  D:00A0H         PUBLIC        UE3CON
  D:00A8H         PUBLIC        IE0
  D:00F0H         PUBLIC        B
  D:00E0H         PUBLIC        ACC
BL51 BANKED LINKER/LOCATER V6.22                                                      11/07/2018  17:13:07  PAGE 72


  D:0088H         PUBLIC        PG0CON0
  D:00D8H         PUBLIC        ADCCON0
  D:0098H         PUBLIC        PG1CON0
  D:00C0H         PUBLIC        PG2CON0
  D:00C8H         PUBLIC        PG3CON0
  D:00E8H         PUBLIC        PG4CON0
  D:00F8H         PUBLIC        PG5CON0
  D:00E8H         PUBLIC        UT0CON0
  D:0080H         PUBLIC        UBCON
  D:00D0H         PUBLIC        PSW
  -------         PROC          _DELAY_1US
  D:0007H         SYMBOL        delay_t
  C:4EDFH         LINE#         11
  C:4EDFH         LINE#         12
  C:4EDFH         LINE#         19
  C:4EDFH         LINE#         20
  C:4EE5H         LINE#         21
  C:4EEBH         LINE#         22
  C:4EF1H         LINE#         23
  C:4EF3H         LINE#         24
  C:4EF5H         LINE#         26
  -------         ENDPROC       _DELAY_1US
  -------         PROC          _DELAY_1MS
  D:0006H         SYMBOL        delay_t
  C:4E7FH         LINE#         36
  C:4E81H         LINE#         37
  C:4E81H         LINE#         38
  C:4E81H         LINE#         39
  C:4E86H         LINE#         40
  C:4E8BH         LINE#         41
  C:4E90H         LINE#         47
  C:4E95H         LINE#         49
  C:4E97H         LINE#         50
  -------         ENDPROC       _DELAY_1MS
  -------         ENDMOD        DELAY

  -------         MODULE        INITIAL
  C:0000H         SYMBOL        _ICE_DUMMY_
  D:0080H         PUBLIC        P0
  D:0090H         PUBLIC        P1
  D:00A0H         PUBLIC        P2
  D:00B0H         PUBLIC        P3
  D:00F8H         PUBLIC        P4
  D:00DEH         PUBLIC        EFADR0
  D:00DFH         PUBLIC        EFADR1
  D:00B0H         PUBLIC        CMP0CON0
  D:00C0H         PUBLIC        CMP1CON0
  D:00C8H         PUBLIC        CMP2CON0
  D:00D8H         PUBLIC        CMP3CON0
  D:0088H         PUBLIC        UE0CON
  D:0090H         PUBLIC        UE1CON
  B:00D0H.1       PUBLIC        SFRB
  D:0098H         PUBLIC        UE2CON
  D:00A0H         PUBLIC        UE3CON
  D:00A8H         PUBLIC        IE0
  D:00F0H         PUBLIC        B
  D:00E0H         PUBLIC        ACC
BL51 BANKED LINKER/LOCATER V6.22                                                      11/07/2018  17:13:07  PAGE 73


  C:4852H         PUBLIC        _RdSerialNum
  D:0088H         PUBLIC        PG0CON0
  D:00D8H         PUBLIC        ADCCON0
  D:0098H         PUBLIC        PG1CON0
  D:00C0H         PUBLIC        PG2CON0
  D:00C8H         PUBLIC        PG3CON0
  C:4AD5H         PUBLIC        mcu_init
  D:00E8H         PUBLIC        PG4CON0
  D:00F8H         PUBLIC        PG5CON0
  D:00DDH         PUBLIC        EFBUF
  D:00E8H         PUBLIC        UT0CON0
  D:00DCH         PUBLIC        EFCON
  D:0080H         PUBLIC        UBCON
  D:00D0H         PUBLIC        PSW
  -------         PROC          MCU_INIT
  C:4AD5H         LINE#         11
  C:4AD5H         LINE#         12
  C:4AD5H         LINE#         13
  C:4AD8H         LINE#         15
  C:4ADBH         LINE#         16
  C:4AE0H         LINE#         18
  C:4AE3H         LINE#         20
  C:4AE8H         LINE#         24
  C:4AEDH         LINE#         27
  C:4AF4H         LINE#         31
  C:4AF7H         LINE#         38
  C:4B00H         LINE#         44
  -------         ENDPROC       MCU_INIT
  -------         PROC          _RDSERIALNUM
  X:819FH         SYMBOL        szBuf
  -------         DO            
  D:0006H         SYMBOL        uIndex8
  D:0007H         SYMBOL        uAddr8
  -------         ENDDO         
  C:4852H         LINE#         63
  C:485DH         LINE#         64
  C:485DH         LINE#         66
  C:485FH         LINE#         68
  C:4861H         LINE#         70
  C:4863H         LINE#         71
  C:4863H         LINE#         72
  C:4866H         LINE#         73
  C:486BH         LINE#         74
  C:486EH         LINE#         75
  C:4871H         LINE#         76
  C:4871H         LINE#         77
  C:4871H         LINE#         78
  C:4871H         LINE#         79
  C:4886H         LINE#         81
  C:4889H         LINE#         82
  C:488EH         LINE#         83
  -------         ENDPROC       _RDSERIALNUM
  -------         ENDMOD        INITIAL

  -------         MODULE        CHECKOUT
  C:0000H         SYMBOL        _ICE_DUMMY_
  D:0080H         PUBLIC        P0
BL51 BANKED LINKER/LOCATER V6.22                                                      11/07/2018  17:13:07  PAGE 74


  D:0090H         PUBLIC        P1
  D:00A0H         PUBLIC        P2
  D:00B0H         PUBLIC        P3
  D:00F8H         PUBLIC        P4
  C:3E35H         PUBLIC        _calc_crc16_ccitt
  C:4B03H         PUBLIC        _data_zero_check
  D:00B0H         PUBLIC        CMP0CON0
  D:00C0H         PUBLIC        CMP1CON0
  D:00C8H         PUBLIC        CMP2CON0
  D:00D8H         PUBLIC        CMP3CON0
  D:0088H         PUBLIC        UE0CON
  D:0090H         PUBLIC        UE1CON
  D:0098H         PUBLIC        UE2CON
  D:00A0H         PUBLIC        UE3CON
  C:5001H         PUBLIC        _data_xor_check
  D:00A8H         PUBLIC        IE0
  D:00F0H         PUBLIC        B
  D:00E0H         PUBLIC        ACC
  C:4B5DH         PUBLIC        _calc_sum_value
  C:4975H         PUBLIC        _calc_xor_value
  D:0088H         PUBLIC        PG0CON0
  D:00D8H         PUBLIC        ADCCON0
  D:0098H         PUBLIC        PG1CON0
  D:00C0H         PUBLIC        PG2CON0
  D:00C8H         PUBLIC        PG3CON0
  D:00E8H         PUBLIC        PG4CON0
  D:00F8H         PUBLIC        PG5CON0
  D:00E8H         PUBLIC        UT0CON0
  D:0080H         PUBLIC        UBCON
  D:00D0H         PUBLIC        PSW
  -------         PROC          _CALC_XOR_VALUE
  X:89F3H         SYMBOL        src
  X:89F6H         SYMBOL        len
  -------         DO            
  D:0007H         SYMBOL        i
  D:0006H         SYMBOL        tmp
  -------         ENDDO         
  C:4975H         LINE#         11
  C:4983H         LINE#         12
  C:4983H         LINE#         15
  C:4990H         LINE#         16
  C:4990H         LINE#         17
  C:49A5H         LINE#         18
  C:49A8H         LINE#         20
  C:49AAH         LINE#         21
  -------         ENDPROC       _CALC_XOR_VALUE
  -------         PROC          _DATA_XOR_CHECK
  D:0001H         SYMBOL        src
  D:0005H         SYMBOL        len
  X:89F2H         SYMBOL        xor
  -------         DO            
  D:0007H         SYMBOL        tmp
  -------         ENDDO         
  C:5001H         LINE#         31
  C:5001H         LINE#         32
  C:5001H         LINE#         35
  C:5004H         LINE#         37
BL51 BANKED LINKER/LOCATER V6.22                                                      11/07/2018  17:13:07  PAGE 75


  C:500BH         LINE#         38
  C:500BH         LINE#         39
  C:500DH         LINE#         40
  C:500DH         LINE#         42
  C:500EH         LINE#         43
  -------         ENDPROC       _DATA_XOR_CHECK
  -------         PROC          _DATA_ZERO_CHECK
  X:89FAH         SYMBOL        src
  D:0005H         SYMBOL        len
  -------         DO            
  D:0007H         SYMBOL        i
  -------         ENDDO         
  C:4B03H         LINE#         53
  C:4B0EH         LINE#         54
  C:4B0EH         LINE#         57
  C:4B15H         LINE#         58
  C:4B15H         LINE#         59
  C:4B2AH         LINE#         60
  C:4B2AH         LINE#         61
  C:4B2CH         LINE#         62
  C:4B2CH         LINE#         63
  C:4B2FH         LINE#         65
  C:4B30H         LINE#         66
  -------         ENDPROC       _DATA_ZERO_CHECK
  -------         PROC          _CALC_SUM_VALUE
  X:89FDH         SYMBOL        src
  D:0005H         SYMBOL        len
  -------         DO            
  D:0006H         SYMBOL        i
  D:0007H         SYMBOL        sum
  -------         ENDDO         
  C:4B5DH         LINE#         75
  C:4B68H         LINE#         76
  C:4B68H         LINE#         78
  C:4B6AH         LINE#         80
  C:4B70H         LINE#         81
  C:4B70H         LINE#         82
  C:4B85H         LINE#         83
  C:4B88H         LINE#         85
  C:4B88H         LINE#         86
  -------         ENDPROC       _CALC_SUM_VALUE
  -------         PROC          _CALC_CRC16_CCITT
  X:81F7H         SYMBOL        pdat
  X:81FAH         SYMBOL        len
  -------         DO            
  X:81FBH         SYMBOL        i
  D:0005H         SYMBOL        j
  X:81FCH         SYMBOL        crc_reg
  D:0006H         SYMBOL        crc_cur
  -------         ENDDO         
  C:3E35H         LINE#         97
  C:3E43H         LINE#         98
  C:3E43H         LINE#         100
  C:3E4BH         LINE#         103
  C:3E5CH         LINE#         104
  C:3E5CH         LINE#         105
  C:3E6FH         LINE#         106
BL51 BANKED LINKER/LOCATER V6.22                                                      11/07/2018  17:13:07  PAGE 76


  C:3E70H         LINE#         107
  C:3E79H         LINE#         108
  C:3E7BH         LINE#         109
  C:3E7BH         LINE#         110
  C:3E87H         LINE#         111
  C:3E9EH         LINE#         113
  C:3EABH         LINE#         114
  C:3EB0H         LINE#         116
  C:3EB8H         LINE#         118
  C:3EC0H         LINE#         119
  -------         ENDPROC       _CALC_CRC16_CCITT
  -------         ENDMOD        CHECKOUT

  -------         MODULE        IT_CONFIG
  C:0000H         SYMBOL        _ICE_DUMMY_
  D:0080H         PUBLIC        P0
  D:0090H         PUBLIC        P1
  D:00A0H         PUBLIC        P2
  D:00B0H         PUBLIC        P3
  D:00F8H         PUBLIC        P4
  D:00B0H         PUBLIC        CMP0CON0
  D:00C0H         PUBLIC        CMP1CON0
  D:00C8H         PUBLIC        CMP2CON0
  D:00D8H         PUBLIC        CMP3CON0
  D:0088H         PUBLIC        UE0CON
  D:0090H         PUBLIC        UE1CON
  B:00D0H.1       PUBLIC        SFRB
  D:0098H         PUBLIC        UE2CON
  D:00A0H         PUBLIC        UE3CON
  C:500FH         PUBLIC        it_config
  D:00A8H         PUBLIC        IE0
  D:00A9H         PUBLIC        IE1
  D:00AAH         PUBLIC        IE2
  D:00F0H         PUBLIC        B
  D:00ABH         PUBLIC        IE3
  D:00E0H         PUBLIC        ACC
  D:0088H         PUBLIC        PG0CON0
  D:00D8H         PUBLIC        ADCCON0
  D:0098H         PUBLIC        PG1CON0
  D:00C0H         PUBLIC        PG2CON0
  D:00C8H         PUBLIC        PG3CON0
  D:00E8H         PUBLIC        PG4CON0
  D:00F8H         PUBLIC        PG5CON0
  D:00E8H         PUBLIC        UT0CON0
  D:0080H         PUBLIC        UBCON
  D:00D0H         PUBLIC        PSW
  -------         PROC          IT_CONFIG
  C:500FH         LINE#         11
  C:500FH         LINE#         12
  C:500FH         LINE#         13
  C:5011H         LINE#         15
  C:5014H         LINE#         24
  C:5017H         LINE#         33
  C:501AH         LINE#         42
  C:501CH         LINE#         50
  -------         ENDPROC       IT_CONFIG
  -------         ENDMOD        IT_CONFIG
BL51 BANKED LINKER/LOCATER V6.22                                                      11/07/2018  17:13:07  PAGE 77



  -------         MODULE        ?C?COPY
  C:29A3H         PUBLIC        ?C?COPY
  -------         ENDMOD        ?C?COPY

  -------         MODULE        ?C?CLDPTR
  C:29C9H         PUBLIC        ?C?CLDPTR
  -------         ENDMOD        ?C?CLDPTR

  -------         MODULE        ?C?CLDOPTR
  C:29E2H         PUBLIC        ?C?CLDOPTR
  -------         ENDMOD        ?C?CLDOPTR

  -------         MODULE        ?C?CSTPTR
  C:2A0FH         PUBLIC        ?C?CSTPTR
  -------         ENDMOD        ?C?CSTPTR

  -------         MODULE        ?C?CSTOPTR
  C:2A21H         PUBLIC        ?C?CSTOPTR
  -------         ENDMOD        ?C?CSTOPTR

  -------         MODULE        ?C?UIDIV
  C:2A43H         PUBLIC        ?C?UIDIV
  -------         ENDMOD        ?C?UIDIV

  -------         MODULE        ?C?IILDX
  C:2A98H         PUBLIC        ?C?IILDX
  -------         ENDMOD        ?C?IILDX

  -------         MODULE        ?C?ILDIX
  C:2AAEH         PUBLIC        ?C?ILDIX
  -------         ENDMOD        ?C?ILDIX

  -------         MODULE        ?C?CCASE
  C:2AC4H         PUBLIC        ?C?CCASE
  -------         ENDMOD        ?C?CCASE

  -------         MODULE        ?C?LIMUL
  C:2AEAH         PUBLIC        ?C?LIMUL
  -------         ENDMOD        ?C?LIMUL

  -------         MODULE        ?C?MEMSET
  C:2B17H         PUBLIC        ?C?MEMSET
  -------         ENDMOD        ?C?MEMSET

Program Size: data=90.2 xdata=2563 code=14672
LINK/LOCATE RUN COMPLETE.  0 WARNING(S),  0 ERROR(S)
